Archive member included to satisfy reference by file (symbol)

C:/ST/STM32CubeIDE_1.19.0/STM32CubeIDE/plugins/com.st.stm32cube.ide.mcu.externaltools.gnu-tools-for-stm32.13.3.rel1.win32_1.0.0.202411081344/tools/bin/../lib/gcc/arm-none-eabi/13.3.1/../../../../arm-none-eabi/lib/thumb/v7e-m+fp/hard\libc_nano.a(libc_a-exit.o)
                              C:/ST/STM32CubeIDE_1.19.0/STM32CubeIDE/plugins/com.st.stm32cube.ide.mcu.externaltools.gnu-tools-for-stm32.13.3.rel1.win32_1.0.0.202411081344/tools/bin/../lib/gcc/arm-none-eabi/13.3.1/../../../../arm-none-eabi/lib/thumb/v7e-m+fp/hard/crt0.o (exit)
C:/ST/STM32CubeIDE_1.19.0/STM32CubeIDE/plugins/com.st.stm32cube.ide.mcu.externaltools.gnu-tools-for-stm32.13.3.rel1.win32_1.0.0.202411081344/tools/bin/../lib/gcc/arm-none-eabi/13.3.1/../../../../arm-none-eabi/lib/thumb/v7e-m+fp/hard\libc_nano.a(libc_a-rand.o)
                              ./Core/Src/Game_Snake.o (srand)
C:/ST/STM32CubeIDE_1.19.0/STM32CubeIDE/plugins/com.st.stm32cube.ide.mcu.externaltools.gnu-tools-for-stm32.13.3.rel1.win32_1.0.0.202411081344/tools/bin/../lib/gcc/arm-none-eabi/13.3.1/../../../../arm-none-eabi/lib/thumb/v7e-m+fp/hard\libc_nano.a(libc_a-strtol.o)
                              ./Core/Src/wifi_task.o (strtol)
C:/ST/STM32CubeIDE_1.19.0/STM32CubeIDE/plugins/com.st.stm32cube.ide.mcu.externaltools.gnu-tools-for-stm32.13.3.rel1.win32_1.0.0.202411081344/tools/bin/../lib/gcc/arm-none-eabi/13.3.1/../../../../arm-none-eabi/lib/thumb/v7e-m+fp/hard\libc_nano.a(libc_a-ctype_.o)
                              C:/ST/STM32CubeIDE_1.19.0/STM32CubeIDE/plugins/com.st.stm32cube.ide.mcu.externaltools.gnu-tools-for-stm32.13.3.rel1.win32_1.0.0.202411081344/tools/bin/../lib/gcc/arm-none-eabi/13.3.1/../../../../arm-none-eabi/lib/thumb/v7e-m+fp/hard\libc_nano.a(libc_a-strtol.o) (_ctype_)
C:/ST/STM32CubeIDE_1.19.0/STM32CubeIDE/plugins/com.st.stm32cube.ide.mcu.externaltools.gnu-tools-for-stm32.13.3.rel1.win32_1.0.0.202411081344/tools/bin/../lib/gcc/arm-none-eabi/13.3.1/../../../../arm-none-eabi/lib/thumb/v7e-m+fp/hard\libc_nano.a(libc_a-findfp.o)
                              ./Middlewares/FreeRTOS/tasks.o (__sf)
C:/ST/STM32CubeIDE_1.19.0/STM32CubeIDE/plugins/com.st.stm32cube.ide.mcu.externaltools.gnu-tools-for-stm32.13.3.rel1.win32_1.0.0.202411081344/tools/bin/../lib/gcc/arm-none-eabi/13.3.1/../../../../arm-none-eabi/lib/thumb/v7e-m+fp/hard\libc_nano.a(libc_a-fwalk.o)
                              C:/ST/STM32CubeIDE_1.19.0/STM32CubeIDE/plugins/com.st.stm32cube.ide.mcu.externaltools.gnu-tools-for-stm32.13.3.rel1.win32_1.0.0.202411081344/tools/bin/../lib/gcc/arm-none-eabi/13.3.1/../../../../arm-none-eabi/lib/thumb/v7e-m+fp/hard\libc_nano.a(libc_a-findfp.o) (_fwalk_sglue)
C:/ST/STM32CubeIDE_1.19.0/STM32CubeIDE/plugins/com.st.stm32cube.ide.mcu.externaltools.gnu-tools-for-stm32.13.3.rel1.win32_1.0.0.202411081344/tools/bin/../lib/gcc/arm-none-eabi/13.3.1/../../../../arm-none-eabi/lib/thumb/v7e-m+fp/hard\libc_nano.a(libc_a-snprintf.o)
                              ./Core/Src/time_task.o (snprintf)
C:/ST/STM32CubeIDE_1.19.0/STM32CubeIDE/plugins/com.st.stm32cube.ide.mcu.externaltools.gnu-tools-for-stm32.13.3.rel1.win32_1.0.0.202411081344/tools/bin/../lib/gcc/arm-none-eabi/13.3.1/../../../../arm-none-eabi/lib/thumb/v7e-m+fp/hard\libc_nano.a(libc_a-sprintf.o)
                              ./Core/Src/Game_Snake.o (sprintf)
C:/ST/STM32CubeIDE_1.19.0/STM32CubeIDE/plugins/com.st.stm32cube.ide.mcu.externaltools.gnu-tools-for-stm32.13.3.rel1.win32_1.0.0.202411081344/tools/bin/../lib/gcc/arm-none-eabi/13.3.1/../../../../arm-none-eabi/lib/thumb/v7e-m+fp/hard\libc_nano.a(libc_a-sscanf.o)
                              ./Core/Src/time_task.o (sscanf)
C:/ST/STM32CubeIDE_1.19.0/STM32CubeIDE/plugins/com.st.stm32cube.ide.mcu.externaltools.gnu-tools-for-stm32.13.3.rel1.win32_1.0.0.202411081344/tools/bin/../lib/gcc/arm-none-eabi/13.3.1/../../../../arm-none-eabi/lib/thumb/v7e-m+fp/hard\libc_nano.a(libc_a-stdio.o)
                              C:/ST/STM32CubeIDE_1.19.0/STM32CubeIDE/plugins/com.st.stm32cube.ide.mcu.externaltools.gnu-tools-for-stm32.13.3.rel1.win32_1.0.0.202411081344/tools/bin/../lib/gcc/arm-none-eabi/13.3.1/../../../../arm-none-eabi/lib/thumb/v7e-m+fp/hard\libc_nano.a(libc_a-findfp.o) (__sread)
C:/ST/STM32CubeIDE_1.19.0/STM32CubeIDE/plugins/com.st.stm32cube.ide.mcu.externaltools.gnu-tools-for-stm32.13.3.rel1.win32_1.0.0.202411081344/tools/bin/../lib/gcc/arm-none-eabi/13.3.1/../../../../arm-none-eabi/lib/thumb/v7e-m+fp/hard\libc_nano.a(libc_a-vsprintf.o)
                              ./Core/Src/OLED.o (vsprintf)
C:/ST/STM32CubeIDE_1.19.0/STM32CubeIDE/plugins/com.st.stm32cube.ide.mcu.externaltools.gnu-tools-for-stm32.13.3.rel1.win32_1.0.0.202411081344/tools/bin/../lib/gcc/arm-none-eabi/13.3.1/../../../../arm-none-eabi/lib/thumb/v7e-m+fp/hard\libc_nano.a(libc_a-memmove.o)
                              ./Core/Src/esp_at.o (memmove)
[...]
Memory Configuration

Name             Origin             Length             Attributes
RAM              0x20000000         0x00020000         xrw
FLASH            0x08000000         0x00080000         xr
*default*        0x00000000         0xffffffff

Linker script and memory map

LOAD C:/ST/STM32CubeIDE_1.19.0/STM32CubeIDE/plugins/com.st.stm32cube.ide.mcu.externaltools.gnu-tools-for-stm32.13.3.rel1.win32_1.0.0.202411081344/tools/bin/../lib/gcc/arm-none-eabi/13.3.1/thumb/v7e-m+fp/hard/crti.o
LOAD C:/ST/STM32CubeIDE_1.19.0/STM32CubeIDE/plugins/com.st.stm32cube.ide.mcu.externaltools.gnu-tools-for-stm32.13.3.rel1.win32_1.0.0.202411081344/tools/bin/../lib/gcc/arm-none-eabi/13.3.1/thumb/v7e-m+fp/hard/crtbegin.o
LOAD C:/ST/STM32CubeIDE_1.19.0/STM32CubeIDE/plugins/com.st.stm32cube.ide.mcu.externaltools.gnu-tools-for-stm32.13.3.rel1.win32_1.0.0.202411081344/tools/bin/../lib/gcc/arm-none-eabi/13.3.1/../../../../arm-none-eabi/lib/thumb/v7e-m+fp/hard/crt0.o
LOAD ./Core/Src/Game_Dino.o
LOAD ./Core/Src/Game_Dino_Data.o
LOAD ./Core/Src/Game_Snake.o
LOAD ./Core/Src/MENU.o
LOAD ./Core/Src/OLED.o
LOAD ./Core/Src/OLED_Data.o
LOAD ./Core/Src/TIM_EC11.o
LOAD ./Core/Src/esp_at.o
LOAD ./Core/Src/esp_driver.o
LOAD ./Core/Src/freertos.o
LOAD ./Core/Src/gpio.o
LOAD ./Core/Src/input.o
LOAD ./Core/Src/main.o
LOAD ./Core/Src/ringbuffer.o
LOAD ./Core/Src/stm32f4xx_hal_msp.o
LOAD ./Core/Src/stm32f4xx_hal_timebase_tim.o
LOAD ./Core/Src/stm32f4xx_it.o
LOAD ./Core/Src/syscalls.o
LOAD ./Core/Src/sysmem.o
LOAD ./Core/Src/system_stm32f4xx.o
LOAD ./Core/Src/tim.o
LOAD ./Core/Src/time_task.o
LOAD ./Core/Src/usart.o
LOAD ./Core/Src/weather.o
LOAD ./Core/Src/wifi_task.o
LOAD ./Core/Startup/startup_stm32f411ceux.o
LOAD ./Drivers/STM32F4xx_HAL_Driver/stm32f4xx_hal.o
LOAD ./Drivers/STM32F4xx_HAL_Driver/stm32f4xx_hal_cortex.o
LOAD ./Drivers/STM32F4xx_HAL_Driver/stm32f4xx_hal_dma.o
LOAD ./Drivers/STM32F4xx_HAL_Driver/stm32f4xx_hal_dma_ex.o
LOAD ./Drivers/STM32F4xx_HAL_Driver/stm32f4xx_hal_exti.o
LOAD ./Drivers/STM32F4xx_HAL_Driver/stm32f4xx_hal_flash.o
LOAD ./Drivers/STM32F4xx_HAL_Driver/stm32f4xx_hal_flash_ex.o
LOAD ./Drivers/STM32F4xx_HAL_Driver/stm32f4xx_hal_flash_ramfunc.o
LOAD ./Drivers/STM32F4xx_HAL_Driver/stm32f4xx_hal_gpio.o
LOAD ./Drivers/STM32F4xx_HAL_Driver/stm32f4xx_hal_pwr.o
LOAD ./Drivers/STM32F4xx_HAL_Driver/stm32f4xx_hal_pwr_ex.o
LOAD ./Drivers/STM32F4xx_HAL_Driver/stm32f4xx_hal_rcc.o
LOAD ./Drivers/STM32F4xx_HAL_Driver/stm32f4xx_hal_rcc_ex.o
LOAD ./Drivers/STM32F4xx_HAL_Driver/stm32f4xx_hal_tim.o
LOAD ./Drivers/STM32F4xx_HAL_Driver/stm32f4xx_hal_tim_ex.o
LOAD ./Drivers/STM32F4xx_HAL_Driver/stm32f4xx_hal_uart.o
LOAD ./Middlewares/FreeRTOS/cmsis_os2.o
LOAD ./Middlewares/FreeRTOS/croutine.o
LOAD ./Middlewares/FreeRTOS/event_groups.o
LOAD ./Middlewares/FreeRTOS/heap_4.o
LOAD ./Middlewares/FreeRTOS/list.o
LOAD ./Middlewares/FreeRTOS/port.o
LOAD ./Middlewares/FreeRTOS/queue.o
LOAD ./Middlewares/FreeRTOS/stream_buffer.o
LOAD ./Middlewares/FreeRTOS/tasks.o
LOAD ./Middlewares/FreeRTOS/timers.o
START GROUP
LOAD C:/ST/STM32CubeIDE_1.19.0/STM32CubeIDE/plugins/com.st.stm32cube.ide.mcu.externaltools.gnu-tools-for-stm32.13.3.rel1.win32_1.0.0.202411081344/tools/bin/../lib/gcc/arm-none-eabi/13.3.1/../../../../arm-none-eabi/lib/thumb/v7e-m+fp/hard\libc_nano.a
LOAD C:/ST/STM32CubeIDE_1.19.0/STM32CubeIDE/plugins/com.st.stm32cube.ide.mcu.externaltools.gnu-tools-for-stm32.13.3.rel1.win32_1.0.0.202411081344/tools/bin/../lib/gcc/arm-none-eabi/13.3.1/../../../../arm-none-eabi/lib/thumb/v7e-m+fp/hard\libm.a
END GROUP
START GROUP
LOAD C:/ST/STM32CubeIDE_1.19.0/STM32CubeIDE/plugins/com.st.stm32cube.ide.mcu.externaltools.gnu-tools-for-stm32.13.3.rel1.win32_1.0.0.202411081344/tools/bin/../lib/gcc/arm-none-eabi/13.3.1/thumb/v7e-m+fp/hard\libgcc.a
LOAD C:/ST/STM32CubeIDE_1.19.0/STM32CubeIDE/plugins/com.st.stm32cube.ide.mcu.externaltools.gnu-tools-for-stm32.13.3.rel1.win32_1.0.0.202411081344/tools/bin/../lib/gcc/arm-none-eabi/13.3.1/../../../../arm-none-eabi/lib/thumb/v7e-m+fp/hard\libc_nano.a
END GROUP
START GROUP
LOAD C:/ST/STM32CubeIDE_1.19.0/STM32CubeIDE/plugins/com.st.stm32cube.ide.mcu.externaltools.gnu-tools-for-stm32.13.3.rel1.win32_1.0.0.202411081344/tools/bin/../lib/gcc/arm-none-eabi/13.3.1/thumb/v7e-m+fp/hard\libgcc.a
LOAD C:/ST/STM32CubeIDE_1.19.0/STM32CubeIDE/plugins/com.st.stm32cube.ide.mcu.externaltools.gnu-tools-for-stm32.13.3.rel1.win32_1.0.0.202411081344/tools/bin/../lib/gcc/arm-none-eabi/13.3.1/../../../../arm-none-eabi/lib/thumb/v7e-m+fp/hard\libc_nano.a
LOAD C:/ST/STM32CubeIDE_1.19.0/STM32CubeIDE/plugins/com.st.stm32cube.ide.mcu.externaltools.gnu-tools-for-stm32.13.3.rel1.win32_1.0.0.202411081344/tools/bin/../lib/gcc/arm-none-eabi/13.3.1/../../../../arm-none-eabi/lib/thumb/v7e-m+fp/hard\libnosys.a
END GROUP
START GROUP
LOAD C:/ST/STM32CubeIDE_1.19.0/STM32CubeIDE/plugins/com.st.stm32cube.ide.mcu.externaltools.gnu-tools-for-stm32.13.3.rel1.win32_1.0.0.202411081344/tools/bin/../lib/gcc/arm-none-eabi/13.3.1/thumb/v7e-m+fp/hard\libgcc.a
LOAD C:/ST/STM32CubeIDE_1.19.0/STM32CubeIDE/plugins/com.st.stm32cube.ide.mcu.externaltools.gnu-tools-for-stm32.13.3.rel1.win32_1.0.0.202411081344/tools/bin/../lib/gcc/arm-none-eabi/13.3.1/../../../../arm-none-eabi/lib/thumb/v7e-m+fp/hard\libc_nano.a
LOAD C:/ST/STM32CubeIDE_1.19.0/STM32CubeIDE/plugins/com.st.stm32cube.ide.mcu.externaltools.gnu-tools-for-stm32.13.3.rel1.win32_1.0.0.202411081344/tools/bin/../lib/gcc/arm-none-eabi/13.3.1/../../../../arm-none-eabi/lib/thumb/v7e-m+fp/hard\libnosys.a
END GROUP
LOAD C:/ST/STM32CubeIDE_1.19.0/STM32CubeIDE/plugins/com.st.stm32cube.ide.mcu.externaltools.gnu-tools-for-stm32.13.3.rel1.win32_1.0.0.202411081344/tools/bin/../lib/gcc/arm-none-eabi/13.3.1/thumb/v7e-m+fp/hard/crtend.o
LOAD C:/ST/STM32CubeIDE_1.19.0/STM32CubeIDE/plugins/com.st.stm32cube.ide.mcu.externaltools.gnu-tools-for-stm32.13.3.rel1.win32_1.0.0.202411081344/tools/bin/../lib/gcc/arm-none-eabi/13.3.1/thumb/v7e-m+fp/hard/crtn.o
                0x20020000                        _estack = (ORIGIN (RAM) + LENGTH (RAM))
                0x00000200                        _Min_Heap_Size = 0x200
                0x00000400                        _Min_Stack_Size = 0x400

.isr_vector     0x08000000      0x198
                0x08000000                        . = ALIGN (0x4)
 *(.isr_vector)
 .isr_vector    0x08000000      0x198 ./Core/Startup/startup_stm32f411ceux.o
                0x08000000                g_pfnVectors
                0x08000198                        . = ALIGN (0x4)

.text           0x080001a0     0xf680
                0x080001a0                        . = ALIGN (0x4)
 *(.text)
 .text          0x080001a0       0x40 C:/ST/STM32CubeIDE_1.19.0/STM32CubeIDE/plugins/com.st.stm32cube.ide.mcu.externaltools.gnu-tools-for-stm32.13.3.rel1.win32_1.0.0.202411081344/tools/bin/../lib/gcc/arm-none-eabi/13.3.1/thumb/v7e-m+fp/hard/crtbegin.o
 .text          0x080001e0       0x10 C:/ST/STM32CubeIDE_1.19.0/STM32CubeIDE/plugins/com.st.stm32cube.ide.mcu.externaltools.gnu-tools-for-stm32.13.3.rel1.win32_1.0.0.202411081344/tools/bin/../lib/gcc/arm-none-eabi/13.3.1/../../../../arm-none-eabi/lib/thumb/v7e-m+fp/hard\libc_nano.a(libc_a-strlen.o)
                0x080001e0                strlen
 .text          0x080001f0       0xa0 C:/ST/STM32CubeIDE_1.19.0/STM32CubeIDE/plugins/com.st.stm32cube.ide.mcu.externaltools.gnu-tools-for-stm32.13.3.rel1.win32_1.0.0.202411081344/tools/bin/../lib/gcc/arm-none-eabi/13.3.1/../../../../arm-none-eabi/lib/thumb/v7e-m+fp/hard\libc_nano.a(libc_a-memchr.o)
                0x080001f0                memchr
 .text          0x08000290      0x378 C:/ST/STM32CubeIDE_1.19.0/STM32CubeIDE/plugins/com.st.stm32cube.ide.mcu.externaltools.gnu-tools-for-stm32.13.3.rel1.win32_1.0.0.202411081344/tools/bin/../lib/gcc/arm-none-eabi/13.3.1/thumb/v7e-m+fp/hard\libgcc.a(_arm_addsubdf3.o)
                0x08000290                __aeabi_drsub
                0x08000298                __aeabi_dsub
                0x08000298                __subdf3
                0x0800029c                __aeabi_dadd
                0x0800029c                __adddf3
                0x08000514                __floatunsidf
                0x08000514                __aeabi_ui2d
                0x08000534                __floatsidf
                0x08000534                __aeabi_i2d
                0x08000558                __aeabi_f2d
                0x08000558                __extendsfdf2
                0x0800059c                __floatundidf
                0x0800059c                __aeabi_ul2d
                0x080005ac                __floatdidf
                0x080005ac                __aeabi_l2d
 .text          0x08000608      0x424 C:/ST/STM32CubeIDE_1.19.0/STM32CubeIDE/plugins/com.st.stm32cube.ide.mcu.externaltools.gnu-tools-for-stm32.13.3.rel1.win32_1.0.0.202411081344/tools/bin/../lib/gcc/arm-none-eabi/13.3.1/thumb/v7e-m+fp/hard\libgcc.a(_arm_muldivdf3.o)
                0x08000608                __aeabi_dmul
                0x08000608                __muldf3
                0x0800085c                __divdf3
                0x0800085c                __aeabi_ddiv
 .text          0x08000a2c      0x110 C:/ST/STM32CubeIDE_1.19.0/STM32CubeIDE/plugins/com.st.stm32cube.ide.mcu.externaltools.gnu-tools-for-stm32.13.3.rel1.win32_1.0.0.202411081344/tools/bin/../lib/gcc/arm-none-eabi/13.3.1/thumb/v7e-m+fp/hard\libgcc.a(_arm_cmpdf2.o)
                0x08000a2c                __gtdf2
                0x08000a2c                __gedf2
                0x08000a34                __ltdf2
                0x08000a34                __ledf2
                0x08000a3c                __nedf2
                0x08000a3c                __eqdf2
                0x08000a3c                __cmpdf2
                0x08000ab8                __aeabi_cdrcmple
                0x08000ac8                __aeabi_cdcmpeq
                0x08000ac8                __aeabi_cdcmple
                0x08000ad8                __aeabi_dcmpeq
                0x08000aec                __aeabi_dcmplt
                0x08000b00                __aeabi_dcmple
                0x08000b14                __aeabi_dcmpge
                0x08000b28                __aeabi_dcmpgt
 .text          0x08000b3c       0x50 C:/ST/STM32CubeIDE_1.19.0/STM32CubeIDE/plugins/com.st.stm32cube.ide.mcu.externaltools.gnu-tools-for-stm32.13.3.rel1.win32_1.0.0.202411081344/tools/bin/../lib/gcc/arm-none-eabi/13.3.1/thumb/v7e-m+fp/hard\libgcc.a(_arm_fixdfsi.o)
                0x08000b3c                __aeabi_d2iz
                0x08000b3c                __fixdfsi
 .text          0x08000b8c       0x40 C:/ST/STM32CubeIDE_1.19.0/STM32CubeIDE/plugins/com.st.stm32cube.ide.mcu.externaltools.gnu-tools-for-stm32.13.3.rel1.win32_1.0.0.202411081344/tools/bin/../lib/gcc/arm-none-eabi/13.3.1/thumb/v7e-m+fp/hard\libgcc.a(_arm_fixunsdfsi.o)
                0x08000b8c                __aeabi_d2uiz
                0x08000b8c                __fixunsdfsi
 .text          0x08000bcc       0xa0 C:/ST/STM32CubeIDE_1.19.0/STM32CubeIDE/plugins/com.st.stm32cube.ide.mcu.externaltools.gnu-tools-for-stm32.13.3.rel1.win32_1.0.0.202411081344/tools/bin/../lib/gcc/arm-none-eabi/13.3.1/thumb/v7e-m+fp/hard\libgcc.a(_arm_truncdfsf2.o)
                0x08000bcc                __truncdfsf2
                0x08000bcc                __aeabi_d2f
 .text          0x08000c6c       0x30 C:/ST/STM32CubeIDE_1.19.0/STM32CubeIDE/plugins/com.st.stm32cube.ide.mcu.externaltools.gnu-tools-for-stm32.13.3.rel1.win32_1.0.0.202411081344/tools/bin/../lib/gcc/arm-none-eabi/13.3.1/thumb/v7e-m+fp/hard\libgcc.a(_aeabi_uldivmod.o)
                0x08000c6c                __aeabi_uldivmod
 .text          0x08000c9c      0x2f8 C:/ST/STM32CubeIDE_1.19.0/STM32CubeIDE/plugins/com.st.stm32cube.ide.mcu.externaltools.gnu-tools-for-stm32.13.3.rel1.win32_1.0.0.202411081344/tools/bin/../lib/gcc/arm-none-eabi/13.3.1/thumb/v7e-m+fp/hard\libgcc.a(_udivmoddi4.o)
                0x08000c9c                __udivmoddi4
 .text          0x08000f94        0x4 C:/ST/STM32CubeIDE_1.19.0/STM32CubeIDE/plugins/com.st.stm32cube.ide.mcu.externaltools.gnu-tools-for-stm32.13.3.rel1.win32_1.0.0.202411081344/tools/bin/../lib/gcc/arm-none-eabi/13.3.1/thumb/v7e-m+fp/hard\libgcc.a(_dvmd_tls.o)
                0x08000f94                __aeabi_idiv0
                0x08000f94                __aeabi_ldiv0
 *(.text*)
 .text.Game_FlushInputEvents
                0x08000f98       0x34 ./Core/Src/Game_Dino.o
 .text.Game_ReceiveInputEvent
                0x08000fcc       0x60 ./Core/Src/Game_Dino.o
 .text.Show_Score
                0x0800102c       0x24 ./Core/Src/Game_Dino.o
                0x0800102c                Show_Score
 .text.Show_Ground
                0x08001050       0xbc ./Core/Src/Game_Dino.o
                0x08001050                Show_Ground
 .text.Show_Barrier
                0x0800110c       0x9c ./Core/Src/Game_Dino.o
                0x0800110c                Show_Barrier
 .text.Show_Cloud
                0x080011a8       0x30 ./Core/Src/Game_Dino.o
                0x080011a8                Show_Cloud
 .text.Show_Dino
                0x080011d8      0x11c ./Core/Src/Game_Dino.o
                0x080011d8                Show_Dino
 .text.isColliding
                0x080012f4       0x9c ./Core/Src/Game_Dino.o
                0x080012f4                isColliding
 .text.DinoGame_Animation
                0x08001390       0x94 ./Core/Src/Game_Dino.o
                0x08001390                DinoGame_Animation
 .text.Dino_Tick
                0x08001424       0xe4 ./Core/Src/Game_Dino.o
                0x08001424                Dino_Tick
 .text.DinoGame_Pos_Init
                0x08001508       0x6c ./Core/Src/Game_Dino.o
                0x08001508                DinoGame_Pos_Init
 .text.Game_Dino_Init
                0x08001574       0x68 ./Core/Src/Game_Dino.o
                0x08001574                Game_Dino_Init
 .text.Game_FlushInputEvents
                0x080015dc       0x34 ./Core/Src/Game_Snake.o
 .text.Game_ReceiveInputEvent
                0x08001610       0x60 ./Core/Src/Game_Snake.o
 .text.Game_Snake_Show_Tile_8x8
                0x08001670       0x68 ./Core/Src/Game_Snake.o
                0x08001670                Game_Snake_Show_Tile_8x8
 .text.Map_Clear
                0x080016d8       0x60 ./Core/Src/Game_Snake.o
                0x080016d8                Map_Clear
 .text.Map_Update
                0x08001738       0x74 ./Core/Src/Game_Snake.o
                0x08001738                Map_Update
 .text.RandFood
                0x080017ac       0xa4 ./Core/Src/Game_Snake.o
                0x080017ac                RandFood
 .text.Game_Snake_Advance
                0x08001850      0x1fc ./Core/Src/Game_Snake.o
                0x08001850                Game_Snake_Advance
 .text.Game_Snake_Play
                0x08001a4c      0x23c ./Core/Src/Game_Snake.o
                0x08001a4c                Game_Snake_Play
 .text.Game_Snake_Init
                0x08001c88      0x12c ./Core/Src/Game_Snake.o
                0x08001c88                Game_Snake_Init
 .text.menu_command_callback
                0x08001db4      0x17c ./Core/Src/MENU.o
                0x08001db4                menu_command_callback
 .text.MENU_UpdateActivity
                0x08001f30       0x44 ./Core/Src/MENU.o
                0x08001f30                MENU_UpdateActivity
 .text.MENU_CheckAutoSleep
                0x08001f74       0x68 ./Core/Src/MENU.o
                0x08001f74                MENU_CheckAutoSleep
 .text.MENU_UpdateTimer
                0x08001fdc       0x74 ./Core/Src/MENU.o
                0x08001fdc                MENU_UpdateTimer
 .text.MENU_ShowTimer
                0x08002050       0x98 ./Core/Src/MENU.o
                0x08002050                MENU_ShowTimer
 .text.MENU_ShowTimeUpAlert
                0x080020e8       0xac ./Core/Src/MENU.o
                0x080020e8                MENU_ShowTimeUpAlert
 .text.MENU_RunMenu
                0x08002194       0x70 ./Core/Src/MENU.o
                0x08002194                MENU_RunMenu
 .text.MENU_HandleInit
                0x08002204       0xac ./Core/Src/MENU.o
                0x08002204                MENU_HandleInit
 .text.MENU_ReceiveInputEvent
                0x080022b0       0x48 ./Core/Src/MENU.o
                0x080022b0                MENU_ReceiveInputEvent
 .text.MENU_Event_and_Action
                0x080022f8       0xc4 ./Core/Src/MENU.o
                0x080022f8                MENU_Event_and_Action
 .text.MENU_UpdateIndex
                0x080023bc       0xfa ./Core/Src/MENU.o
                0x080023bc                MENU_UpdateIndex
 *fill*         0x080024b6        0x2 
 .text.MENU_ShowOptionList
                0x080024b8      0x264 ./Core/Src/MENU.o
                0x080024b8                MENU_ShowOptionList
 .text.MENU_ShowOption
                0x0800271c      0x158 ./Core/Src/MENU.o
                0x0800271c                MENU_ShowOption
 *fill*         0x08002874        0x4 
 .text.MENU_ShowCursor
                0x08002878      0x94c ./Core/Src/MENU.o
                0x08002878                MENU_ShowCursor
 .text.MENU_RunMainMenu
                0x080031c4       0x14 ./Core/Src/MENU.o
                0x080031c4                MENU_RunMainMenu
 .text.MENU_RunToolsMenu
                0x080031d8       0x14 ./Core/Src/MENU.o
                0x080031d8                MENU_RunToolsMenu
 .text.MENU_RunGamesMenu
                0x080031ec       0x14 ./Core/Src/MENU.o
                0x080031ec                MENU_RunGamesMenu
 .text.MENU_RunTestLongMenu
                0x08003200       0x14 ./Core/Src/MENU.o
                0x08003200                MENU_RunTestLongMenu
 .text.MENU_RunWeatherMenu
                0x08003214        0xc ./Core/Src/MENU.o
                0x08003214                MENU_RunWeatherMenu
 .text.MENU_Information
                0x08003220       0x9c ./Core/Src/MENU.o
                0x08003220                MENU_Information
 .text.MENU_RunSettingMenu
                0x080032bc       0x14 ./Core/Src/MENU.o
                0x080032bc                MENU_RunSettingMenu
 .text.MENU_DisplaySetting
                0x080032d0      0x120 ./Core/Src/MENU.o
                0x080032d0                MENU_DisplaySetting
 .text.MENU_SleepSetting
                0x080033f0      0x1b0 ./Core/Src/MENU.o
                0x080033f0                MENU_SleepSetting
 .text.MENU_SystemSetting
                0x080035a0      0x100 ./Core/Src/MENU.o
                0x080035a0                MENU_SystemSetting
 .text.MENU_AboutSetting
                0x080036a0       0x8c ./Core/Src/MENU.o
                0x080036a0                MENU_AboutSetting
 .text.MENU_WIFISetting
                0x0800372c       0x8c ./Core/Src/MENU.o
                0x0800372c                MENU_WIFISetting
 .text.MENU_DrawScrollBar
                0x080037b8      0x258 ./Core/Src/MENU.o
                0x080037b8                MENU_DrawScrollBar
 .text.MENU_DrawProgressBar
                0x08003a10       0x8c ./Core/Src/MENU.o
                0x08003a10                MENU_DrawProgressBar
 .text.Update_FPS_Counter
                0x08003a9c       0x4c ./Core/Src/MENU.o
                0x08003a9c                Update_FPS_Counter
 .text.Get_Current_FPS
                0x08003ae8       0x18 ./Core/Src/MENU.o
                0x08003ae8                Get_Current_FPS
 .text.CLOCK_Draw
                0x08003b00      0x108 ./Core/Src/MENU.o
                0x08003b00                CLOCK_Draw
 .text.OLED_W_SCL
                0x08003c08       0x30 ./Core/Src/OLED.o
                0x08003c08                OLED_W_SCL
 .text.OLED_W_SDA
                0x08003c38       0x30 ./Core/Src/OLED.o
                0x08003c38                OLED_W_SDA
 .text.OLED_GPIO_Init
                0x08003c68       0x42 ./Core/Src/OLED.o
                0x08003c68                OLED_GPIO_Init
 .text.OLED_I2C_Start
                0x08003caa       0x20 ./Core/Src/OLED.o
                0x08003caa                OLED_I2C_Start
 .text.OLED_I2C_Stop
                0x08003cca       0x1a ./Core/Src/OLED.o
                0x08003cca                OLED_I2C_Stop
 .text.OLED_I2C_SendByte
                0x08003ce4       0x5e ./Core/Src/OLED.o
                0x08003ce4                OLED_I2C_SendByte
 .text.OLED_WriteCommand
                0x08003d42       0x2e ./Core/Src/OLED.o
                0x08003d42                OLED_WriteCommand
 .text.OLED_Init
                0x08003d70       0x9e ./Core/Src/OLED.o
                0x08003d70                OLED_Init
 .text.OLED_SetBrightness
                0x08003e0e       0x20 ./Core/Src/OLED.o
                0x08003e0e                OLED_SetBrightness
 .text.OLED_Pow
                0x08003e2e       0x32 ./Core/Src/OLED.o
                0x08003e2e                OLED_Pow
 .text.OLED_Update
                0x08003e60       0x90 ./Core/Src/OLED.o
                0x08003e60                OLED_Update
 .text.OLED_Clear
                0x08003ef0       0x50 ./Core/Src/OLED.o
                0x08003ef0                OLED_Clear
 .text.OLED_ClearArea
                0x08003f40       0xec ./Core/Src/OLED.o
                0x08003f40                OLED_ClearArea
 .text.OLED_ReverseArea
                0x0800402c       0xe8 ./Core/Src/OLED.o
                0x0800402c                OLED_ReverseArea
 .text.OLED_ShowChar
                0x08004114       0x7c ./Core/Src/OLED.o
                0x08004114                OLED_ShowChar
 .text.OLED_ShowString
                0x08004190       0x60 ./Core/Src/OLED.o
                0x08004190                OLED_ShowString
 .text.OLED_ShowNum
                0x080041f0       0x90 ./Core/Src/OLED.o
                0x080041f0                OLED_ShowNum
 .text.OLED_ShowImage
                0x08004280      0x1c8 ./Core/Src/OLED.o
                0x08004280                OLED_ShowImage
 .text.OLED_DrawPoint
                0x08004448       0x94 ./Core/Src/OLED.o
                0x08004448                OLED_DrawPoint
 .text.OLED_DrawLine
                0x080044dc      0x2b2 ./Core/Src/OLED.o
                0x080044dc                OLED_DrawLine
 .text.OLED_DrawRectangle
                0x0800478e      0x120 ./Core/Src/OLED.o
                0x0800478e                OLED_DrawRectangle
 *fill*         0x080048ae        0x2 
 .text.TIM_EC11_Init
                0x080048b0       0x1c ./Core/Src/TIM_EC11.o
                0x080048b0                TIM_EC11_Init
 .text.KeyPress
                0x080048cc       0xdc ./Core/Src/TIM_EC11.o
                0x080048cc                KeyPress
 .text.Encoder_RawDelta
                0x080049a8       0x5c ./Core/Src/TIM_EC11.o
                0x080049a8                Encoder_RawDelta
 .text.Encoder_Roll
                0x08004a04      0x200 ./Core/Src/TIM_EC11.o
                0x08004a04                Encoder_Roll
 .text.ESP_AT_GetLastRxSnippet
                0x08004c04       0x14 ./Core/Src/esp_at.o
                0x08004c04                ESP_AT_GetLastRxSnippet
 .text.ESP_AT_SetLastRxSnippet
                0x08004c18       0x34 ./Core/Src/esp_at.o
 .text.ESP_AT_SendWaitFor
                0x08004c4c       0x50 ./Core/Src/esp_at.o
                0x08004c4c                ESP_AT_SendWaitFor
 .text.ESP_AT_WaitFor
                0x08004c9c      0x164 ./Core/Src/esp_at.o
                0x08004c9c                ESP_AT_WaitFor
 .text.ESP_Driver_Init
                0x08004e00       0x34 ./Core/Src/esp_driver.o
                0x08004e00                ESP_Driver_Init
 .text.ESP_Driver_ISR
                0x08004e34       0x2c ./Core/Src/esp_driver.o
                0x08004e34                ESP_Driver_ISR
 .text.ESP_Driver_FlushBuffer
                0x08004e60       0x14 ./Core/Src/esp_driver.o
                0x08004e60                ESP_Driver_FlushBuffer
 .text.uart_read_byte
                0x08004e74       0x20 ./Core/Src/esp_driver.o
                0x08004e74                uart_read_byte
 .text.uart_send
                0x08004e94       0x24 ./Core/Src/esp_driver.o
                0x08004e94                uart_send
 .text.MX_FREERTOS_Init
                0x08004eb8       0xbc ./Core/Src/freertos.o
                0x08004eb8                MX_FREERTOS_Init
 .text.StartInputTask
                0x08004f74       0x34 ./Core/Src/freertos.o
                0x08004f74                StartInputTask
 .text.StartMenuTask
                0x08004fa8       0x9c ./Core/Src/freertos.o
                0x08004fa8                StartMenuTask
 .text.StartWIFITask
                0x08005044       0x16 ./Core/Src/freertos.o
                0x08005044                StartWIFITask
 *fill*         0x0800505a        0x2 
 .text.StartTimeTask
                0x0800505c      0x110 ./Core/Src/freertos.o
                0x0800505c                StartTimeTask
 .text.MX_GPIO_Init
                0x0800516c      0x108 ./Core/Src/gpio.o
                0x0800516c                MX_GPIO_Init
 .text.Input_GetEvent
                0x08005274       0x88 ./Core/Src/input.o
                0x08005274                Input_GetEvent
 .text.main     0x080052fc       0x3e ./Core/Src/main.o
                0x080052fc                main
 *fill*         0x0800533a        0x2 
 .text.SystemClock_Config
                0x0800533c       0xd0 ./Core/Src/main.o
                0x0800533c                SystemClock_Config
 .text.HAL_TIM_PeriodElapsedCallback
                0x0800540c       0x1e ./Core/Src/main.o
                0x0800540c                HAL_TIM_PeriodElapsedCallback
 .text.Error_Handler
                0x0800542a        0xc ./Core/Src/main.o
                0x0800542a                Error_Handler
 .text.ring_buffer_init
                0x08005436       0x30 ./Core/Src/ringbuffer.o
                0x08005436                ring_buffer_init
 .text.ring_buffer_write
                0x08005466       0x52 ./Core/Src/ringbuffer.o
                0x08005466                ring_buffer_write
 .text.ring_buffer_read
                0x080054b8       0x50 ./Core/Src/ringbuffer.o
                0x080054b8                ring_buffer_read
 .text.ring_buffer_flush
                0x08005508       0x1e ./Core/Src/ringbuffer.o
                0x08005508                ring_buffer_flush
 *fill*         0x08005526        0x2 
 .text.HAL_MspInit
                0x08005528       0x58 ./Core/Src/stm32f4xx_hal_msp.o
                0x08005528                HAL_MspInit
 .text.HAL_InitTick
                0x08005580       0xf8 ./Core/Src/stm32f4xx_hal_timebase_tim.o
                0x08005580                HAL_InitTick
 .text.NMI_Handler
                0x08005678        0x8 ./Core/Src/stm32f4xx_it.o
                0x08005678                NMI_Handler
 .text.HardFault_Handler
                0x08005680        0x8 ./Core/Src/stm32f4xx_it.o
                0x08005680                HardFault_Handler
 .text.MemManage_Handler
                0x08005688        0x8 ./Core/Src/stm32f4xx_it.o
                0x08005688                MemManage_Handler
 .text.BusFault_Handler
                0x08005690        0x8 ./Core/Src/stm32f4xx_it.o
                0x08005690                BusFault_Handler
 .text.UsageFault_Handler
                0x08005698        0x8 ./Core/Src/stm32f4xx_it.o
                0x08005698                UsageFault_Handler
 .text.DebugMon_Handler
                0x080056a0        0xe ./Core/Src/stm32f4xx_it.o
                0x080056a0                DebugMon_Handler
 *fill*         0x080056ae        0x2 
 .text.TIM2_IRQHandler
                0x080056b0       0x14 ./Core/Src/stm32f4xx_it.o
                0x080056b0                TIM2_IRQHandler
 .text.USART1_IRQHandler
                0x080056c4       0x14 ./Core/Src/stm32f4xx_it.o
                0x080056c4                USART1_IRQHandler
 .text._getpid  0x080056d8       0x10 ./Core/Src/syscalls.o
                0x080056d8                _getpid
 .text._kill    0x080056e8       0x20 ./Core/Src/syscalls.o
                0x080056e8                _kill
 .text._exit    0x08005708       0x16 ./Core/Src/syscalls.o
                0x08005708                _exit
 .text._read    0x0800571e       0x3a ./Core/Src/syscalls.o
                0x0800571e                _read
 .text._write   0x08005758       0x38 ./Core/Src/syscalls.o
                0x08005758                _write
 .text._close   0x08005790       0x18 ./Core/Src/syscalls.o
                0x08005790                _close
 .text._fstat   0x080057a8       0x20 ./Core/Src/syscalls.o
                0x080057a8                _fstat
 .text._isatty  0x080057c8       0x16 ./Core/Src/syscalls.o
                0x080057c8                _isatty
 .text._lseek   0x080057de       0x1a ./Core/Src/syscalls.o
                0x080057de                _lseek
 .text._sbrk    0x080057f8       0x6c ./Core/Src/sysmem.o
                0x080057f8                _sbrk
 .text.SystemInit
                0x08005864       0x24 ./Core/Src/system_stm32f4xx.o
                0x08005864                SystemInit
 .text.MX_TIM1_Init
                0x08005888       0xb0 ./Core/Src/tim.o
                0x08005888                MX_TIM1_Init
 .text.HAL_TIM_Encoder_MspInit
                0x08005938       0x90 ./Core/Src/tim.o
                0x08005938                HAL_TIM_Encoder_MspInit
 .text.parse_month
                0x080059c8       0x4c ./Core/Src/time_task.o
 .text.SNTP_Config
                0x08005a14       0x54 ./Core/Src/time_task.o
                0x08005a14                SNTP_Config
 .text.SNTP_GetTime
                0x08005a68      0x124 ./Core/Src/time_task.o
                0x08005a68                SNTP_GetTime
 .text.SNTP_GetTimeString
                0x08005b8c       0x68 ./Core/Src/time_task.o
                0x08005b8c                SNTP_GetTimeString
 .text.MX_USART1_UART_Init
                0x08005bf4       0x60 ./Core/Src/usart.o
                0x08005bf4                MX_USART1_UART_Init
 .text.HAL_UART_MspInit
                0x08005c54       0xe0 ./Core/Src/usart.o
                0x08005c54                HAL_UART_MspInit
 .text.HAL_UART_RxCpltCallback
                0x08005d34       0x3c ./Core/Src/usart.o
                0x08005d34                HAL_UART_RxCpltCallback
 .text.Weather_InitDefault
                0x08005d70      0x170 ./Core/Src/weather.o
                0x08005d70                Weather_InitDefault
 .text.Weather_DrawCard
                0x08005ee0      0x120 ./Core/Src/weather.o
 .text.Weather_DrawIndicator
                0x08006000       0x84 ./Core/Src/weather.o
 .text.Weather_Run
                0x08006084      0x228 ./Core/Src/weather.o
                0x08006084                Weather_Run
 .text.WIFI_ShowStatus
                0x080062ac       0x3e ./Core/Src/wifi_task.o
 *fill*         0x080062ea        0x2 
 .text.WIFI_ParseCWJAP_Code
                0x080062ec       0x64 ./Core/Src/wifi_task.o
 .text.WIFI_CWJAP_CodeToMsg
                0x08006350       0x58 ./Core/Src/wifi_task.o
 .text.WIFI_App_Init
                0x080063a8       0xd0 ./Core/Src/wifi_task.o
                0x080063a8                WIFI_App_Init
 .text.WIFI_App_Connect
                0x08006478      0x140 ./Core/Src/wifi_task.o
                0x08006478                WIFI_App_Connect
 .text.WIFI_MQTT_Publish
                0x080065b8       0x6c ./Core/Src/wifi_task.o
                0x080065b8                WIFI_MQTT_Publish
 .text.WIFITask_Entry
                0x08006624       0xdc ./Core/Src/wifi_task.o
                0x08006624                WIFITask_Entry
 .text.Reset_Handler
                0x08006700       0x50 ./Core/Startup/startup_stm32f411ceux.o
                0x08006700                Reset_Handler
 .text.Default_Handler
                0x08006750        0x2 ./Core/Startup/startup_stm32f411ceux.o
                0x08006750                RTC_Alarm_IRQHandler
                0x08006750                EXTI2_IRQHandler
                0x08006750                SPI4_IRQHandler
                0x08006750                TIM1_CC_IRQHandler
                0x08006750                DMA2_Stream5_IRQHandler
                0x08006750                DMA1_Stream5_IRQHandler
                0x08006750                PVD_IRQHandler
                0x08006750                SDIO_IRQHandler
                0x08006750                TAMP_STAMP_IRQHandler
                0x08006750                EXTI3_IRQHandler
                0x08006750                TIM1_UP_TIM10_IRQHandler
                0x08006750                I2C3_ER_IRQHandler
                0x08006750                EXTI0_IRQHandler
                0x08006750                I2C2_EV_IRQHandler
                0x08006750                DMA1_Stream2_IRQHandler
                0x08006750                FPU_IRQHandler
                0x08006750                DMA2_Stream2_IRQHandler
                0x08006750                SPI1_IRQHandler
                0x08006750                TIM1_BRK_TIM9_IRQHandler
                0x08006750                DMA2_Stream3_IRQHandler
                0x08006750                USART6_IRQHandler
                0x08006750                DMA2_Stream0_IRQHandler
                0x08006750                TIM4_IRQHandler
                0x08006750                I2C1_EV_IRQHandler
                0x08006750                DMA1_Stream6_IRQHandler
                0x08006750                DMA1_Stream1_IRQHandler
                0x08006750                TIM3_IRQHandler
                0x08006750                RCC_IRQHandler
                0x08006750                Default_Handler
                0x08006750                EXTI15_10_IRQHandler
                0x08006750                ADC_IRQHandler
                0x08006750                DMA1_Stream7_IRQHandler
                0x08006750                SPI5_IRQHandler
                0x08006750                TIM5_IRQHandler
                0x08006750                DMA2_Stream7_IRQHandler
                0x08006750                I2C3_EV_IRQHandler
                0x08006750                EXTI9_5_IRQHandler
                0x08006750                RTC_WKUP_IRQHandler
                0x08006750                SPI2_IRQHandler
                0x08006750                DMA1_Stream0_IRQHandler
                0x08006750                EXTI4_IRQHandler
                0x08006750                WWDG_IRQHandler
                0x08006750                OTG_FS_WKUP_IRQHandler
                0x08006750                TIM1_TRG_COM_TIM11_IRQHandler
                0x08006750                EXTI1_IRQHandler
                0x08006750                USART2_IRQHandler
                0x08006750                I2C2_ER_IRQHandler
                0x08006750                DMA2_Stream1_IRQHandler
                0x08006750                FLASH_IRQHandler
                0x08006750                DMA2_Stream4_IRQHandler
                0x08006750                OTG_FS_IRQHandler
                0x08006750                SPI3_IRQHandler
                0x08006750                DMA1_Stream4_IRQHandler
                0x08006750                I2C1_ER_IRQHandler
                0x08006750                DMA2_Stream6_IRQHandler
                0x08006750                DMA1_Stream3_IRQHandler
 *fill*         0x08006752        0x2 
 .text.HAL_Init
                0x08006754       0x44 ./Drivers/STM32F4xx_HAL_Driver/stm32f4xx_hal.o
                0x08006754                HAL_Init
 .text.HAL_IncTick
                0x08006798       0x28 ./Drivers/STM32F4xx_HAL_Driver/stm32f4xx_hal.o
                0x08006798                HAL_IncTick
 .text.HAL_GetTick
                0x080067c0       0x18 ./Drivers/STM32F4xx_HAL_Driver/stm32f4xx_hal.o
                0x080067c0                HAL_GetTick
 .text.HAL_Delay
                0x080067d8       0x48 ./Drivers/STM32F4xx_HAL_Driver/stm32f4xx_hal.o
                0x080067d8                HAL_Delay
 .text.__NVIC_SetPriorityGrouping
                0x08006820       0x48 ./Drivers/STM32F4xx_HAL_Driver/stm32f4xx_hal_cortex.o
 .text.__NVIC_GetPriorityGrouping
                0x08006868       0x1c ./Drivers/STM32F4xx_HAL_Driver/stm32f4xx_hal_cortex.o
 .text.__NVIC_EnableIRQ
                0x08006884       0x3c ./Drivers/STM32F4xx_HAL_Driver/stm32f4xx_hal_cortex.o
 .text.__NVIC_SetPriority
                0x080068c0       0x54 ./Drivers/STM32F4xx_HAL_Driver/stm32f4xx_hal_cortex.o
 .text.NVIC_EncodePriority
                0x08006914       0x66 ./Drivers/STM32F4xx_HAL_Driver/stm32f4xx_hal_cortex.o
 .text.HAL_NVIC_SetPriorityGrouping
                0x0800697a       0x16 ./Drivers/STM32F4xx_HAL_Driver/stm32f4xx_hal_cortex.o
                0x0800697a                HAL_NVIC_SetPriorityGrouping
 .text.HAL_NVIC_SetPriority
                0x08006990       0x38 ./Drivers/STM32F4xx_HAL_Driver/stm32f4xx_hal_cortex.o
                0x08006990                HAL_NVIC_SetPriority
 .text.HAL_NVIC_EnableIRQ
                0x080069c8       0x1c ./Drivers/STM32F4xx_HAL_Driver/stm32f4xx_hal_cortex.o
                0x080069c8                HAL_NVIC_EnableIRQ
 .text.HAL_DMA_Abort
                0x080069e4       0xe0 ./Drivers/STM32F4xx_HAL_Driver/stm32f4xx_hal_dma.o
                0x080069e4                HAL_DMA_Abort
 .text.HAL_DMA_Abort_IT
                0x08006ac4       0x44 ./Drivers/STM32F4xx_HAL_Driver/stm32f4xx_hal_dma.o
                0x08006ac4                HAL_DMA_Abort_IT
 .text.HAL_GPIO_Init
                0x08006b08      0x308 ./Drivers/STM32F4xx_HAL_Driver/stm32f4xx_hal_gpio.o
                0x08006b08                HAL_GPIO_Init
 .text.HAL_GPIO_ReadPin
                0x08006e10       0x30 ./Drivers/STM32F4xx_HAL_Driver/stm32f4xx_hal_gpio.o
                0x08006e10                HAL_GPIO_ReadPin
 .text.HAL_GPIO_WritePin
                0x08006e40       0x32 ./Drivers/STM32F4xx_HAL_Driver/stm32f4xx_hal_gpio.o
                0x08006e40                HAL_GPIO_WritePin
 *fill*         0x08006e72        0x2 
 .text.HAL_RCC_OscConfig
                0x08006e74      0x4f0 ./Drivers/STM32F4xx_HAL_Driver/stm32f4xx_hal_rcc.o
                0x08006e74                HAL_RCC_OscConfig
 .text.HAL_RCC_ClockConfig
                0x08007364      0x1cc ./Drivers/STM32F4xx_HAL_Driver/stm32f4xx_hal_rcc.o
                0x08007364                HAL_RCC_ClockConfig
 .text.HAL_RCC_GetSysClockFreq
                0x08007530      0x18c ./Drivers/STM32F4xx_HAL_Driver/stm32f4xx_hal_rcc.o
                0x08007530                HAL_RCC_GetSysClockFreq
 .text.HAL_RCC_GetHCLKFreq
                0x080076bc       0x18 ./Drivers/STM32F4xx_HAL_Driver/stm32f4xx_hal_rcc.o
                0x080076bc                HAL_RCC_GetHCLKFreq
 .text.HAL_RCC_GetPCLK1Freq
                0x080076d4       0x28 ./Drivers/STM32F4xx_HAL_Driver/stm32f4xx_hal_rcc.o
                0x080076d4                HAL_RCC_GetPCLK1Freq
 .text.HAL_RCC_GetPCLK2Freq
                0x080076fc       0x28 ./Drivers/STM32F4xx_HAL_Driver/stm32f4xx_hal_rcc.o
                0x080076fc                HAL_RCC_GetPCLK2Freq
 .text.HAL_RCC_GetClockConfig
                0x08007724       0x64 ./Drivers/STM32F4xx_HAL_Driver/stm32f4xx_hal_rcc.o
                0x08007724                HAL_RCC_GetClockConfig
 .text.HAL_TIM_Base_Init
                0x08007788       0x9e ./Drivers/STM32F4xx_HAL_Driver/stm32f4xx_hal_tim.o
                0x08007788                HAL_TIM_Base_Init
 .text.HAL_TIM_Base_MspInit
                0x08007826       0x14 ./Drivers/STM32F4xx_HAL_Driver/stm32f4xx_hal_tim.o
                0x08007826                HAL_TIM_Base_MspInit
 *fill*         0x0800783a        0x2 
 .text.HAL_TIM_Base_Start_IT
                0x0800783c       0xc4 ./Drivers/STM32F4xx_HAL_Driver/stm32f4xx_hal_tim.o
                0x0800783c                HAL_TIM_Base_Start_IT
 .text.HAL_TIM_Encoder_Init
                0x08007900      0x14c ./Drivers/STM32F4xx_HAL_Driver/stm32f4xx_hal_tim.o
                0x08007900                HAL_TIM_Encoder_Init
 .text.HAL_TIM_Encoder_Start
                0x08007a4c      0x11c ./Drivers/STM32F4xx_HAL_Driver/stm32f4xx_hal_tim.o
                0x08007a4c                HAL_TIM_Encoder_Start
 .text.HAL_TIM_IRQHandler
                0x08007b68      0x1e0 ./Drivers/STM32F4xx_HAL_Driver/stm32f4xx_hal_tim.o
                0x08007b68                HAL_TIM_IRQHandler
 .text.HAL_TIM_OC_DelayElapsedCallback
                0x08007d48       0x14 ./Drivers/STM32F4xx_HAL_Driver/stm32f4xx_hal_tim.o
                0x08007d48                HAL_TIM_OC_DelayElapsedCallback
 .text.HAL_TIM_IC_CaptureCallback
                0x08007d5c       0x14 ./Drivers/STM32F4xx_HAL_Driver/stm32f4xx_hal_tim.o
                0x08007d5c                HAL_TIM_IC_CaptureCallback
 .text.HAL_TIM_PWM_PulseFinishedCallback
                0x08007d70       0x14 ./Drivers/STM32F4xx_HAL_Driver/stm32f4xx_hal_tim.o
                0x08007d70                HAL_TIM_PWM_PulseFinishedCallback
 .text.HAL_TIM_TriggerCallback
                0x08007d84       0x14 ./Drivers/STM32F4xx_HAL_Driver/stm32f4xx_hal_tim.o
                0x08007d84                HAL_TIM_TriggerCallback
 .text.TIM_Base_SetConfig
                0x08007d98      0x10c ./Drivers/STM32F4xx_HAL_Driver/stm32f4xx_hal_tim.o
                0x08007d98                TIM_Base_SetConfig
 .text.TIM_CCxChannelCmd
                0x08007ea4       0x4a ./Drivers/STM32F4xx_HAL_Driver/stm32f4xx_hal_tim.o
                0x08007ea4                TIM_CCxChannelCmd
 *fill*         0x08007eee        0x2 
 .text.HAL_TIMEx_MasterConfigSynchronization
                0x08007ef0       0xdc ./Drivers/STM32F4xx_HAL_Driver/stm32f4xx_hal_tim_ex.o
                0x08007ef0                HAL_TIMEx_MasterConfigSynchronization
 .text.HAL_TIMEx_CommutCallback
                0x08007fcc       0x14 ./Drivers/STM32F4xx_HAL_Driver/stm32f4xx_hal_tim_ex.o
                0x08007fcc                HAL_TIMEx_CommutCallback
 .text.HAL_TIMEx_BreakCallback
                0x08007fe0       0x14 ./Drivers/STM32F4xx_HAL_Driver/stm32f4xx_hal_tim_ex.o
                0x08007fe0                HAL_TIMEx_BreakCallback
 .text.HAL_UART_Init
                0x08007ff4       0xa0 ./Drivers/STM32F4xx_HAL_Driver/stm32f4xx_hal_uart.o
                0x08007ff4                HAL_UART_Init
 .text.HAL_UART_Transmit
                0x08008094      0x116 ./Drivers/STM32F4xx_HAL_Driver/stm32f4xx_hal_uart.o
                0x08008094                HAL_UART_Transmit
 .text.HAL_UART_Receive_IT
                0x080081aa       0x4a ./Drivers/STM32F4xx_HAL_Driver/stm32f4xx_hal_uart.o
                0x080081aa                HAL_UART_Receive_IT
 .text.HAL_UART_IRQHandler
                0x080081f4      0x554 ./Drivers/STM32F4xx_HAL_Driver/stm32f4xx_hal_uart.o
                0x080081f4                HAL_UART_IRQHandler
 .text.HAL_UART_TxCpltCallback
                0x08008748       0x14 ./Drivers/STM32F4xx_HAL_Driver/stm32f4xx_hal_uart.o
                0x08008748                HAL_UART_TxCpltCallback
 .text.HAL_UART_ErrorCallback
                0x0800875c       0x14 ./Drivers/STM32F4xx_HAL_Driver/stm32f4xx_hal_uart.o
                0x0800875c                HAL_UART_ErrorCallback
 .text.HAL_UARTEx_RxEventCallback
                0x08008770       0x18 ./Drivers/STM32F4xx_HAL_Driver/stm32f4xx_hal_uart.o
                0x08008770                HAL_UARTEx_RxEventCallback
 .text.UART_WaitOnFlagUntilTimeout
                0x08008788       0xb2 ./Drivers/STM32F4xx_HAL_Driver/stm32f4xx_hal_uart.o
 .text.UART_Start_Receive_IT
                0x0800883a       0x74 ./Drivers/STM32F4xx_HAL_Driver/stm32f4xx_hal_uart.o
                0x0800883a                UART_Start_Receive_IT
 .text.UART_EndRxTransfer
                0x080088ae       0xc6 ./Drivers/STM32F4xx_HAL_Driver/stm32f4xx_hal_uart.o
 .text.UART_DMAAbortOnError
                0x08008974       0x22 ./Drivers/STM32F4xx_HAL_Driver/stm32f4xx_hal_uart.o
 .text.UART_Transmit_IT
                0x08008996       0xa0 ./Drivers/STM32F4xx_HAL_Driver/stm32f4xx_hal_uart.o
 .text.UART_EndTransmit_IT
                0x08008a36       0x30 ./Drivers/STM32F4xx_HAL_Driver/stm32f4xx_hal_uart.o
 .text.UART_Receive_IT
                0x08008a66      0x17c ./Drivers/STM32F4xx_HAL_Driver/stm32f4xx_hal_uart.o
 *fill*         0x08008be2        0x2 
 .text.UART_SetConfig
                0x08008be4      0x4e8 ./Drivers/STM32F4xx_HAL_Driver/stm32f4xx_hal_uart.o
 .text.__NVIC_SetPriority
                0x080090cc       0x54 ./Middlewares/FreeRTOS/cmsis_os2.o
 .text.SysTick_Handler
                0x08009120       0x20 ./Middlewares/FreeRTOS/cmsis_os2.o
                0x08009120                SysTick_Handler
 .text.SVC_Setup
                0x08009140       0x12 ./Middlewares/FreeRTOS/cmsis_os2.o
 *fill*         0x08009152        0x2 
 .text.osKernelInitialize
                0x08009154       0x48 ./Middlewares/FreeRTOS/cmsis_os2.o
                0x08009154                osKernelInitialize
 .text.osKernelStart
                0x0800919c       0x4c ./Middlewares/FreeRTOS/cmsis_os2.o
                0x0800919c                osKernelStart
 .text.osThreadNew
                0x080091e8      0x124 ./Middlewares/FreeRTOS/cmsis_os2.o
                0x080091e8                osThreadNew
 .text.osThreadExit
                0x0800930c        0xe ./Middlewares/FreeRTOS/cmsis_os2.o
                0x0800930c                osThreadExit
 .text.osDelay  0x0800931a       0x36 ./Middlewares/FreeRTOS/cmsis_os2.o
                0x0800931a                osDelay
 .text.osEventFlagsNew
                0x08009350       0x7e ./Middlewares/FreeRTOS/cmsis_os2.o
                0x08009350                osEventFlagsNew
 *fill*         0x080093ce        0x2 
 .text.osEventFlagsSet
                0x080093d0       0x84 ./Middlewares/FreeRTOS/cmsis_os2.o
                0x080093d0                osEventFlagsSet
 .text.osEventFlagsWait
                0x08009454       0xca ./Middlewares/FreeRTOS/cmsis_os2.o
                0x08009454                osEventFlagsWait
 .text.osMessageQueueNew
                0x0800951e       0xe6 ./Middlewares/FreeRTOS/cmsis_os2.o
                0x0800951e                osMessageQueueNew
 .text.osMessageQueuePut
                0x08009604       0xc0 ./Middlewares/FreeRTOS/cmsis_os2.o
                0x08009604                osMessageQueuePut
 .text.osMessageQueueGet
                0x080096c4       0xbc ./Middlewares/FreeRTOS/cmsis_os2.o
                0x080096c4                osMessageQueueGet
 .text.vApplicationGetIdleTaskMemory
                0x08009780       0x34 ./Middlewares/FreeRTOS/cmsis_os2.o
                0x08009780                vApplicationGetIdleTaskMemory
 .text.vApplicationGetTimerTaskMemory
                0x080097b4       0x34 ./Middlewares/FreeRTOS/cmsis_os2.o
                0x080097b4                vApplicationGetTimerTaskMemory
 .text.xEventGroupCreateStatic
                0x080097e8       0x72 ./Middlewares/FreeRTOS/event_groups.o
                0x080097e8                xEventGroupCreateStatic
 .text.xEventGroupCreate
                0x0800985a       0x34 ./Middlewares/FreeRTOS/event_groups.o
                0x0800985a                xEventGroupCreate
 *fill*         0x0800988e        0x2 
 .text.xEventGroupWaitBits
                0x08009890      0x1a4 ./Middlewares/FreeRTOS/event_groups.o
                0x08009890                xEventGroupWaitBits
 .text.xEventGroupSetBits
                0x08009a34      0x118 ./Middlewares/FreeRTOS/event_groups.o
                0x08009a34                xEventGroupSetBits
 .text.vEventGroupSetBitsCallback
                0x08009b4c       0x1a ./Middlewares/FreeRTOS/event_groups.o
                0x08009b4c                vEventGroupSetBitsCallback
 .text.prvTestWaitCondition
                0x08009b66       0x44 ./Middlewares/FreeRTOS/event_groups.o
 *fill*         0x08009baa        0x2 
 .text.xEventGroupSetBitsFromISR
                0x08009bac       0x28 ./Middlewares/FreeRTOS/event_groups.o
                0x08009bac                xEventGroupSetBitsFromISR
 .text.pvPortMalloc
                0x08009bd4      0x19c ./Middlewares/FreeRTOS/heap_4.o
                0x08009bd4                pvPortMalloc
 .text.vPortFree
                0x08009d70       0xc8 ./Middlewares/FreeRTOS/heap_4.o
                0x08009d70                vPortFree
 .text.prvHeapInit
                0x08009e38       0xc4 ./Middlewares/FreeRTOS/heap_4.o
 .text.prvInsertBlockIntoFreeList
                0x08009efc       0xb4 ./Middlewares/FreeRTOS/heap_4.o
 .text.vListInitialise
                0x08009fb0       0x40 ./Middlewares/FreeRTOS/list.o
                0x08009fb0                vListInitialise
 .text.vListInitialiseItem
                0x08009ff0       0x1a ./Middlewares/FreeRTOS/list.o
                0x08009ff0                vListInitialiseItem
 .text.vListInsertEnd
                0x0800a00a       0x48 ./Middlewares/FreeRTOS/list.o
                0x0800a00a                vListInsertEnd
 .text.vListInsert
                0x0800a052       0x72 ./Middlewares/FreeRTOS/list.o
                0x0800a052                vListInsert
 .text.uxListRemove
                0x0800a0c4       0x54 ./Middlewares/FreeRTOS/list.o
                0x0800a0c4                uxListRemove
 .text.pxPortInitialiseStack
                0x0800a118       0x68 ./Middlewares/FreeRTOS/port.o
                0x0800a118                pxPortInitialiseStack
 .text.prvTaskExitError
                0x0800a180       0x5c ./Middlewares/FreeRTOS/port.o
 *fill*         0x0800a1dc        0x4 
 .text.SVC_Handler
                0x0800a1e0       0x28 ./Middlewares/FreeRTOS/port.o
                0x0800a1e0                SVC_Handler
 .text.prvPortStartFirstTask
                0x0800a208       0x28 ./Middlewares/FreeRTOS/port.o
 .text.xPortStartScheduler
                0x0800a230      0x148 ./Middlewares/FreeRTOS/port.o
                0x0800a230                xPortStartScheduler
 .text.vPortEnterCritical
                0x0800a378       0x64 ./Middlewares/FreeRTOS/port.o
                0x0800a378                vPortEnterCritical
 .text.vPortExitCritical
                0x0800a3dc       0x54 ./Middlewares/FreeRTOS/port.o
                0x0800a3dc                vPortExitCritical
 .text.PendSV_Handler
                0x0800a430       0x68 ./Middlewares/FreeRTOS/port.o
                0x0800a430                PendSV_Handler
 .text.xPortSysTickHandler
                0x0800a498       0x44 ./Middlewares/FreeRTOS/port.o
                0x0800a498                xPortSysTickHandler
 .text.vPortSetupTimerInterrupt
                0x0800a4dc       0x48 ./Middlewares/FreeRTOS/port.o
                0x0800a4dc                vPortSetupTimerInterrupt
 .text.vPortEnableVFP
                0x0800a524       0x14 ./Middlewares/FreeRTOS/port.o
 .text.vPortValidateInterruptPriority
                0x0800a538       0x84 ./Middlewares/FreeRTOS/port.o
                0x0800a538                vPortValidateInterruptPriority
 .text.xQueueGenericReset
                0x0800a5bc       0xd4 ./Middlewares/FreeRTOS/queue.o
                0x0800a5bc                xQueueGenericReset
 .text.xQueueGenericCreateStatic
                0x0800a690       0xfa ./Middlewares/FreeRTOS/queue.o
                0x0800a690                xQueueGenericCreateStatic
 .text.xQueueGenericCreate
                0x0800a78a       0x76 ./Middlewares/FreeRTOS/queue.o
                0x0800a78a                xQueueGenericCreate
 .text.prvInitialiseNewQueue
                0x0800a800       0x46 ./Middlewares/FreeRTOS/queue.o
 *fill*         0x0800a846        0x2 
 .text.xQueueGenericSend
                0x0800a848      0x204 ./Middlewares/FreeRTOS/queue.o
                0x0800a848                xQueueGenericSend
 .text.xQueueGenericSendFromISR
                0x0800aa4c      0x13c ./Middlewares/FreeRTOS/queue.o
                0x0800aa4c                xQueueGenericSendFromISR
 .text.xQueueReceive
                0x0800ab88      0x1c4 ./Middlewares/FreeRTOS/queue.o
                0x0800ab88                xQueueReceive
 .text.xQueueReceiveFromISR
                0x0800ad4c      0x104 ./Middlewares/FreeRTOS/queue.o
                0x0800ad4c                xQueueReceiveFromISR
 .text.prvCopyDataToQueue
                0x0800ae50       0xd4 ./Middlewares/FreeRTOS/queue.o
 .text.prvCopyDataFromQueue
                0x0800af24       0x4c ./Middlewares/FreeRTOS/queue.o
 .text.prvUnlockQueue
                0x0800af70       0xa4 ./Middlewares/FreeRTOS/queue.o
 .text.prvIsQueueEmpty
                0x0800b014       0x2c ./Middlewares/FreeRTOS/queue.o
 .text.prvIsQueueFull
                0x0800b040       0x30 ./Middlewares/FreeRTOS/queue.o
 .text.vQueueAddToRegistry
                0x0800b070       0x54 ./Middlewares/FreeRTOS/queue.o
                0x0800b070                vQueueAddToRegistry
 .text.vQueueWaitForMessageRestricted
                0x0800b0c4       0x68 ./Middlewares/FreeRTOS/queue.o
                0x0800b0c4                vQueueWaitForMessageRestricted
 .text.xTaskCreateStatic
                0x0800b12c       0xc0 ./Middlewares/FreeRTOS/tasks.o
                0x0800b12c                xTaskCreateStatic
 .text.xTaskCreate
                0x0800b1ec       0x8a ./Middlewares/FreeRTOS/tasks.o
                0x0800b1ec                xTaskCreate
 *fill*         0x0800b276        0x2 
 .text.prvInitialiseNewTask
                0x0800b278      0x150 ./Middlewares/FreeRTOS/tasks.o
 .text.prvAddNewTaskToReadyList
                0x0800b3c8       0xe0 ./Middlewares/FreeRTOS/tasks.o
 .text.vTaskDelete
                0x0800b4a8       0xe8 ./Middlewares/FreeRTOS/tasks.o
                0x0800b4a8                vTaskDelete
 .text.vTaskDelay
                0x0800b590       0x6c ./Middlewares/FreeRTOS/tasks.o
                0x0800b590                vTaskDelay
 .text.vTaskStartScheduler
                0x0800b5fc       0xe0 ./Middlewares/FreeRTOS/tasks.o
                0x0800b5fc                vTaskStartScheduler
 .text.vTaskSuspendAll
                0x0800b6dc       0x1c ./Middlewares/FreeRTOS/tasks.o
                0x0800b6dc                vTaskSuspendAll
 .text.xTaskResumeAll
                0x0800b6f8      0x13c ./Middlewares/FreeRTOS/tasks.o
                0x0800b6f8                xTaskResumeAll
 .text.xTaskGetTickCount
                0x0800b834       0x20 ./Middlewares/FreeRTOS/tasks.o
                0x0800b834                xTaskGetTickCount
 .text.xTaskIncrementTick
                0x0800b854      0x174 ./Middlewares/FreeRTOS/tasks.o
                0x0800b854                xTaskIncrementTick
 .text.vTaskSwitchContext
                0x0800b9c8       0xcc ./Middlewares/FreeRTOS/tasks.o
                0x0800b9c8                vTaskSwitchContext
 .text.vTaskPlaceOnEventList
                0x0800ba94       0x4c ./Middlewares/FreeRTOS/tasks.o
                0x0800ba94                vTaskPlaceOnEventList
 .text.vTaskPlaceOnUnorderedEventList
                0x0800bae0       0x7c ./Middlewares/FreeRTOS/tasks.o
                0x0800bae0                vTaskPlaceOnUnorderedEventList
 .text.vTaskPlaceOnEventListRestricted
                0x0800bb5c       0x58 ./Middlewares/FreeRTOS/tasks.o
                0x0800bb5c                vTaskPlaceOnEventListRestricted
 .text.xTaskRemoveFromEventList
                0x0800bbb4       0xc8 ./Middlewares/FreeRTOS/tasks.o
                0x0800bbb4                xTaskRemoveFromEventList
 .text.vTaskRemoveFromUnorderedEventList
                0x0800bc7c       0xc8 ./Middlewares/FreeRTOS/tasks.o
                0x0800bc7c                vTaskRemoveFromUnorderedEventList
 .text.vTaskInternalSetTimeOutState
                0x0800bd44       0x2c ./Middlewares/FreeRTOS/tasks.o
                0x0800bd44                vTaskInternalSetTimeOutState
 .text.xTaskCheckForTimeOut
                0x0800bd70       0xc8 ./Middlewares/FreeRTOS/tasks.o
                0x0800bd70                xTaskCheckForTimeOut
 .text.vTaskMissedYield
                0x0800be38       0x18 ./Middlewares/FreeRTOS/tasks.o
                0x0800be38                vTaskMissedYield
 .text.prvIdleTask
                0x0800be50       0x30 ./Middlewares/FreeRTOS/tasks.o
 .text.prvInitialiseTaskLists
                0x0800be80       0x80 ./Middlewares/FreeRTOS/tasks.o
 .text.prvCheckTasksWaitingTermination
                0x0800bf00       0x5c ./Middlewares/FreeRTOS/tasks.o
 .text.prvDeleteTCB
                0x0800bf5c       0x6a ./Middlewares/FreeRTOS/tasks.o
 *fill*         0x0800bfc6        0x2 
 .text.prvResetNextTaskUnblockTime
                0x0800bfc8       0x40 ./Middlewares/FreeRTOS/tasks.o
 .text.xTaskGetSchedulerState
                0x0800c008       0x3c ./Middlewares/FreeRTOS/tasks.o
                0x0800c008                xTaskGetSchedulerState
 .text.xTaskPriorityDisinherit
                0x0800c044       0xe0 ./Middlewares/FreeRTOS/tasks.o
                0x0800c044                xTaskPriorityDisinherit
 .text.uxTaskResetEventItemValue
                0x0800c124       0x30 ./Middlewares/FreeRTOS/tasks.o
                0x0800c124                uxTaskResetEventItemValue
 .text.prvAddCurrentTaskToDelayedList
                0x0800c154       0xa8 ./Middlewares/FreeRTOS/tasks.o
 .text.xTimerCreateTimerTask
                0x0800c1fc       0x94 ./Middlewares/FreeRTOS/timers.o
                0x0800c1fc                xTimerCreateTimerTask
 .text.xTimerGenericCommand
                0x0800c290       0x9c ./Middlewares/FreeRTOS/timers.o
                0x0800c290                xTimerGenericCommand
 .text.prvProcessExpiredTimer
                0x0800c32c       0x9c ./Middlewares/FreeRTOS/timers.o
 .text.prvTimerTask
                0x0800c3c8       0x26 ./Middlewares/FreeRTOS/timers.o
 *fill*         0x0800c3ee        0x2 
 .text.prvProcessTimerOrBlockTask
                0x0800c3f0       0x9c ./Middlewares/FreeRTOS/timers.o
 .text.prvGetNextExpireTime
                0x0800c48c       0x48 ./Middlewares/FreeRTOS/timers.o
 .text.prvSampleTimeNow
                0x0800c4d4       0x40 ./Middlewares/FreeRTOS/timers.o
 .text.prvInsertTimerInActiveList
                0x0800c514       0x84 ./Middlewares/FreeRTOS/timers.o
 .text.prvProcessReceivedCommands
                0x0800c598      0x1cc ./Middlewares/FreeRTOS/timers.o
 .text.prvSwitchTimerLists
                0x0800c764       0xcc ./Middlewares/FreeRTOS/timers.o
 .text.prvCheckForValidListAndQueue
                0x0800c830       0x80 ./Middlewares/FreeRTOS/timers.o
 .text.xTimerPendFunctionCallFromISR
                0x0800c8b0       0x40 ./Middlewares/FreeRTOS/timers.o
                0x0800c8b0                xTimerPendFunctionCallFromISR
 .text.srand    0x0800c8f0       0x5c C:/ST/STM32CubeIDE_1.19.0/STM32CubeIDE/plugins/com.st.stm32cube.ide.mcu.externaltools.gnu-tools-for-stm32.13.3.rel1.win32_1.0.0.202411081344/tools/bin/../lib/gcc/arm-none-eabi/13.3.1/../../../../arm-none-eabi/lib/thumb/v7e-m+fp/hard\libc_nano.a(libc_a-rand.o)
                0x0800c8f0                srand
 .text.rand     0x0800c94c       0x7c C:/ST/STM32CubeIDE_1.19.0/STM32CubeIDE/plugins/com.st.stm32cube.ide.mcu.externaltools.gnu-tools-for-stm32.13.3.rel1.win32_1.0.0.202411081344/tools/bin/../lib/gcc/arm-none-eabi/13.3.1/../../../../arm-none-eabi/lib/thumb/v7e-m+fp/hard\libc_nano.a(libc_a-rand.o)
                0x0800c94c                rand
 .text._strtol_l.isra.0
                0x0800c9c8       0xf4 C:/ST/STM32CubeIDE_1.19.0/STM32CubeIDE/plugins/com.st.stm32cube.ide.mcu.externaltools.gnu-tools-for-stm32.13.3.rel1.win32_1.0.0.202411081344/tools/bin/../lib/gcc/arm-none-eabi/13.3.1/../../../../arm-none-eabi/lib/thumb/v7e-m+fp/hard\libc_nano.a(libc_a-strtol.o)
 .text._strtol_r
                0x0800cabc        0x4 C:/ST/STM32CubeIDE_1.19.0/STM32CubeIDE/plugins/com.st.stm32cube.ide.mcu.externaltools.gnu-tools-for-stm32.13.3.rel1.win32_1.0.0.202411081344/tools/bin/../lib/gcc/arm-none-eabi/13.3.1/../../../../arm-none-eabi/lib/thumb/v7e-m+fp/hard\libc_nano.a(libc_a-strtol.o)
                0x0800cabc                _strtol_r
 .text.strtol   0x0800cac0       0x14 C:/ST/STM32CubeIDE_1.19.0/STM32CubeIDE/plugins/com.st.stm32cube.ide.mcu.externaltools.gnu-tools-for-stm32.13.3.rel1.win32_1.0.0.202411081344/tools/bin/../lib/gcc/arm-none-eabi/13.3.1/../../../../arm-none-eabi/lib/thumb/v7e-m+fp/hard\libc_nano.a(libc_a-strtol.o)
                0x0800cac0                strtol
 .text.std      0x0800cad4       0x6c C:/ST/STM32CubeIDE_1.19.0/STM32CubeIDE/plugins/com.st.stm32cube.ide.mcu.externaltools.gnu-tools-for-stm32.13.3.rel1.win32_1.0.0.202411081344/tools/bin/../lib/gcc/arm-none-eabi/13.3.1/../../../../arm-none-eabi/lib/thumb/v7e-m+fp/hard\libc_nano.a(libc_a-findfp.o)
 .text.stdio_exit_handler
                0x0800cb40       0x18 C:/ST/STM32CubeIDE_1.19.0/STM32CubeIDE/plugins/com.st.stm32cube.ide.mcu.externaltools.gnu-tools-for-stm32.13.3.rel1.win32_1.0.0.202411081344/tools/bin/../lib/gcc/arm-none-eabi/13.3.1/../../../../arm-none-eabi/lib/thumb/v7e-m+fp/hard\libc_nano.a(libc_a-findfp.o)
 .text.cleanup_stdio
                0x0800cb58       0x40 C:/ST/STM32CubeIDE_1.19.0/STM32CubeIDE/plugins/com.st.stm32cube.ide.mcu.externaltools.gnu-tools-for-stm32.13.3.rel1.win32_1.0.0.202411081344/tools/bin/../lib/gcc/arm-none-eabi/13.3.1/../../../../arm-none-eabi/lib/thumb/v7e-m+fp/hard\libc_nano.a(libc_a-findfp.o)
 .text.global_stdio_init.part.0
                0x0800cb98       0x3c C:/ST/STM32CubeIDE_1.19.0/STM32CubeIDE/plugins/com.st.stm32cube.ide.mcu.externaltools.gnu-tools-for-stm32.13.3.rel1.win32_1.0.0.202411081344/tools/bin/../lib/gcc/arm-none-eabi/13.3.1/../../../../arm-none-eabi/lib/thumb/v7e-m+fp/hard\libc_nano.a(libc_a-findfp.o)
 .text.__sfp_lock_acquire
                0x0800cbd4        0xc C:/ST/STM32CubeIDE_1.19.0/STM32CubeIDE/plugins/com.st.stm32cube.ide.mcu.externaltools.gnu-tools-for-stm32.13.3.rel1.win32_1.0.0.202411081344/tools/bin/../lib/gcc/arm-none-eabi/13.3.1/../../../../arm-none-eabi/lib/thumb/v7e-m+fp/hard\libc_nano.a(libc_a-findfp.o)
                0x0800cbd4                __sfp_lock_acquire
 .text.__sfp_lock_release
                0x0800cbe0        0xc C:/ST/STM32CubeIDE_1.19.0/STM32CubeIDE/plugins/com.st.stm32cube.ide.mcu.externaltools.gnu-tools-for-stm32.13.3.rel1.win32_1.0.0.202411081344/tools/bin/../lib/gcc/arm-none-eabi/13.3.1/../../../../arm-none-eabi/lib/thumb/v7e-m+fp/hard\libc_nano.a(libc_a-findfp.o)
                0x0800cbe0                __sfp_lock_release
 .text.__sinit  0x0800cbec       0x30 C:/ST/STM32CubeIDE_1.19.0/STM32CubeIDE/plugins/com.st.stm32cube.ide.mcu.externaltools.gnu-tools-for-stm32.13.3.rel1.win32_1.0.0.202411081344/tools/bin/../lib/gcc/arm-none-eabi/13.3.1/../../../../arm-none-eabi/lib/thumb/v7e-m+fp/hard\libc_nano.a(libc_a-findfp.o)
                0x0800cbec                __sinit
 .text._fwalk_sglue
                0x0800cc1c       0x3c C:/ST/STM32CubeIDE_1.19.0/STM32CubeIDE/plugins/com.st.stm32cube.ide.mcu.externaltools.gnu-tools-for-stm32.13.3.rel1.win32_1.0.0.202411081344/tools/bin/../lib/gcc/arm-none-eabi/13.3.1/../../../../arm-none-eabi/lib/thumb/v7e-m+fp/hard\libc_nano.a(libc_a-fwalk.o)
                0x0800cc1c                _fwalk_sglue
 .text.snprintf
                0x0800cc58       0x6c C:/ST/STM32CubeIDE_1.19.0/STM32CubeIDE/plugins/com.st.stm32cube.ide.mcu.externaltools.gnu-tools-for-stm32.13.3.rel1.win32_1.0.0.202411081344/tools/bin/../lib/gcc/arm-none-eabi/13.3.1/../../../../arm-none-eabi/lib/thumb/v7e-m+fp/hard\libc_nano.a(libc_a-snprintf.o)
                0x0800cc58                sniprintf
                0x0800cc58                snprintf
 .text.sprintf  0x0800ccc4       0x44 C:/ST/STM32CubeIDE_1.19.0/STM32CubeIDE/plugins/com.st.stm32cube.ide.mcu.externaltools.gnu-tools-for-stm32.13.3.rel1.win32_1.0.0.202411081344/tools/bin/../lib/gcc/arm-none-eabi/13.3.1/../../../../arm-none-eabi/lib/thumb/v7e-m+fp/hard\libc_nano.a(libc_a-sprintf.o)
                0x0800ccc4                siprintf
                0x0800ccc4                sprintf
 .text.sscanf   0x0800cd08       0x58 C:/ST/STM32CubeIDE_1.19.0/STM32CubeIDE/plugins/com.st.stm32cube.ide.mcu.externaltools.gnu-tools-for-stm32.13.3.rel1.win32_1.0.0.202411081344/tools/bin/../lib/gcc/arm-none-eabi/13.3.1/../../../../arm-none-eabi/lib/thumb/v7e-m+fp/hard\libc_nano.a(libc_a-sscanf.o)
                0x0800cd08                siscanf
                0x0800cd08                sscanf
 .text.__sread  0x0800cd60       0x22 C:/ST/STM32CubeIDE_1.19.0/STM32CubeIDE/plugins/com.st.stm32cube.ide.mcu.externaltools.gnu-tools-for-stm32.13.3.rel1.win32_1.0.0.202411081344/tools/bin/../lib/gcc/arm-none-eabi/13.3.1/../../../../arm-none-eabi/lib/thumb/v7e-m+fp/hard\libc_nano.a(libc_a-stdio.o)
                0x0800cd60                __sread
 .text.__seofread
                0x0800cd82        0x4 C:/ST/STM32CubeIDE_1.19.0/STM32CubeIDE/plugins/com.st.stm32cube.ide.mcu.externaltools.gnu-tools-for-stm32.13.3.rel1.win32_1.0.0.202411081344/tools/bin/../lib/gcc/arm-none-eabi/13.3.1/../../../../arm-none-eabi/lib/thumb/v7e-m+fp/hard\libc_nano.a(libc_a-stdio.o)
                0x0800cd82                __seofread
 .text.__swrite
                0x0800cd86       0x38 C:/ST/STM32CubeIDE_1.19.0/STM32CubeIDE/plugins/com.st.stm32cube.ide.mcu.externaltools.gnu-tools-for-stm32.13.3.rel1.win32_1.0.0.202411081344/tools/bin/../lib/gcc/arm-none-eabi/13.3.1/../../../../arm-none-eabi/lib/thumb/v7e-m+fp/hard\libc_nano.a(libc_a-stdio.o)
                0x0800cd86                __swrite
 .text.__sseek  0x0800cdbe       0x24 C:/ST/STM32CubeIDE_1.19.0/STM32CubeIDE/plugins/com.st.stm32cube.ide.mcu.externaltools.gnu-tools-for-stm32.13.3.rel1.win32_1.0.0.202411081344/tools/bin/../lib/gcc/arm-none-eabi/13.3.1/../../../../arm-none-eabi/lib/thumb/v7e-m+fp/hard\libc_nano.a(libc_a-stdio.o)
                0x0800cdbe                __sseek
 .text.__sclose
                0x0800cde2        0x8 C:/ST/STM32CubeIDE_1.19.0/STM32CubeIDE/plugins/com.st.stm32cube.ide.mcu.externaltools.gnu-tools-for-stm32.13.3.rel1.win32_1.0.0.202411081344/tools/bin/../lib/gcc/arm-none-eabi/13.3.1/../../../../arm-none-eabi/lib/thumb/v7e-m+fp/hard\libc_nano.a(libc_a-stdio.o)
                0x0800cde2                __sclose
 .text.memmove  0x0800cdea       0x34 C:/ST/STM32CubeIDE_1.19.0/STM32CubeIDE/plugins/com.st.stm32cube.ide.mcu.externaltools.gnu-tools-for-stm32.13.3.rel1.win32_1.0.0.202411081344/tools/bin/../lib/gcc/arm-none-eabi/13.3.1/../../../../arm-none-eabi/lib/thumb/v7e-m+fp/hard\libc_nano.a(libc_a-memmove.o)
                0x0800cdea                memmove
 .text.memset   0x0800ce1e       0x10 C:/ST/STM32CubeIDE_1.19.0/STM32CubeIDE/plugins/com.st.stm32cube.ide.mcu.externaltools.gnu-tools-for-stm32.13.3.rel1.win32_1.0.0.202411081344/tools/bin/../lib/gcc/arm-none-eabi/13.3.1/../../../../arm-none-eabi/lib/thumb/v7e-m+fp/hard\libc_nano.a(libc_a-memset.o)
                0x0800ce1e                memset
 .text.strncmp  0x0800ce2e       0x24 C:/ST/STM32CubeIDE_1.19.0/STM32CubeIDE/plugins/com.st.stm32cube.ide.mcu.externaltools.gnu-tools-for-stm32.13.3.rel1.win32_1.0.0.202411081344/tools/bin/../lib/gcc/arm-none-eabi/13.3.1/../../../../arm-none-eabi/lib/thumb/v7e-m+fp/hard\libc_nano.a(libc_a-strncmp.o)
                0x0800ce2e                strncmp
 .text.strncpy  0x0800ce52       0x26 C:/ST/STM32CubeIDE_1.19.0/STM32CubeIDE/plugins/com.st.stm32cube.ide.mcu.externaltools.gnu-tools-for-stm32.13.3.rel1.win32_1.0.0.202411081344/tools/bin/../lib/gcc/arm-none-eabi/13.3.1/../../../../arm-none-eabi/lib/thumb/v7e-m+fp/hard\libc_nano.a(libc_a-strncpy.o)
                0x0800ce52                strncpy
 .text.strstr   0x0800ce78       0x2c C:/ST/STM32CubeIDE_1.19.0/STM32CubeIDE/plugins/com.st.stm32cube.ide.mcu.externaltools.gnu-tools-for-stm32.13.3.rel1.win32_1.0.0.202411081344/tools/bin/../lib/gcc/arm-none-eabi/13.3.1/../../../../arm-none-eabi/lib/thumb/v7e-m+fp/hard\libc_nano.a(libc_a-strstr.o)
                0x0800ce78                strstr
 .text._close_r
                0x0800cea4       0x20 C:/ST/STM32CubeIDE_1.19.0/STM32CubeIDE/plugins/com.st.stm32cube.ide.mcu.externaltools.gnu-tools-for-stm32.13.3.rel1.win32_1.0.0.202411081344/tools/bin/../lib/gcc/arm-none-eabi/13.3.1/../../../../arm-none-eabi/lib/thumb/v7e-m+fp/hard\libc_nano.a(libc_a-closer.o)
                0x0800cea4                _close_r
 .text._reclaim_reent
                0x0800cec4       0xbc C:/ST/STM32CubeIDE_1.19.0/STM32CubeIDE/plugins/com.st.stm32cube.ide.mcu.externaltools.gnu-tools-for-stm32.13.3.rel1.win32_1.0.0.202411081344/tools/bin/../lib/gcc/arm-none-eabi/13.3.1/../../../../arm-none-eabi/lib/thumb/v7e-m+fp/hard\libc_nano.a(libc_a-reent.o)
                0x0800cec4                _reclaim_reent
 .text._lseek_r
                0x0800cf80       0x24 C:/ST/STM32CubeIDE_1.19.0/STM32CubeIDE/plugins/com.st.stm32cube.ide.mcu.externaltools.gnu-tools-for-stm32.13.3.rel1.win32_1.0.0.202411081344/tools/bin/../lib/gcc/arm-none-eabi/13.3.1/../../../../arm-none-eabi/lib/thumb/v7e-m+fp/hard\libc_nano.a(libc_a-lseekr.o)
                0x0800cf80                _lseek_r
 .text._read_r  0x0800cfa4       0x24 C:/ST/STM32CubeIDE_1.19.0/STM32CubeIDE/plugins/com.st.stm32cube.ide.mcu.externaltools.gnu-tools-for-stm32.13.3.rel1.win32_1.0.0.202411081344/tools/bin/../lib/gcc/arm-none-eabi/13.3.1/../../../../arm-none-eabi/lib/thumb/v7e-m+fp/hard\libc_nano.a(libc_a-readr.o)
                0x0800cfa4                _read_r
 .text._write_r
                0x0800cfc8       0x24 C:/ST/STM32CubeIDE_1.19.0/STM32CubeIDE/plugins/com.st.stm32cube.ide.mcu.externaltools.gnu-tools-for-stm32.13.3.rel1.win32_1.0.0.202411081344/tools/bin/../lib/gcc/arm-none-eabi/13.3.1/../../../../arm-none-eabi/lib/thumb/v7e-m+fp/hard\libc_nano.a(libc_a-writer.o)
                0x0800cfc8                _write_r
 .text.__errno  0x0800cfec        0xc C:/ST/STM32CubeIDE_1.19.0/STM32CubeIDE/plugins/com.st.stm32cube.ide.mcu.externaltools.gnu-tools-for-stm32.13.3.rel1.win32_1.0.0.202411081344/tools/bin/../lib/gcc/arm-none-eabi/13.3.1/../../../../arm-none-eabi/lib/thumb/v7e-m+fp/hard\libc_nano.a(libc_a-errno.o)
                0x0800cfec                __errno
 .text.__libc_init_array
                0x0800cff8       0x48 C:/ST/STM32CubeIDE_1.19.0/STM32CubeIDE/plugins/com.st.stm32cube.ide.mcu.externaltools.gnu-tools-for-stm32.13.3.rel1.win32_1.0.0.202411081344/tools/bin/../lib/gcc/arm-none-eabi/13.3.1/../../../../arm-none-eabi/lib/thumb/v7e-m+fp/hard\libc_nano.a(libc_a-init.o)
                0x0800cff8                __libc_init_array
 .text.__retarget_lock_init_recursive
                0x0800d040        0x2 C:/ST/STM32CubeIDE_1.19.0/STM32CubeIDE/plugins/com.st.stm32cube.ide.mcu.externaltools.gnu-tools-for-stm32.13.3.rel1.win32_1.0.0.202411081344/tools/bin/../lib/gcc/arm-none-eabi/13.3.1/../../../../arm-none-eabi/lib/thumb/v7e-m+fp/hard\libc_nano.a(libc_a-lock.o)
                0x0800d040                __retarget_lock_init_recursive
 .text.__retarget_lock_acquire_recursive
                0x0800d042        0x2 C:/ST/STM32CubeIDE_1.19.0/STM32CubeIDE/plugins/com.st.stm32cube.ide.mcu.externaltools.gnu-tools-for-stm32.13.3.rel1.win32_1.0.0.202411081344/tools/bin/../lib/gcc/arm-none-eabi/13.3.1/../../../../arm-none-eabi/lib/thumb/v7e-m+fp/hard\libc_nano.a(libc_a-lock.o)
                0x0800d042                __retarget_lock_acquire_recursive
 .text.__retarget_lock_release_recursive
                0x0800d044        0x2 C:/ST/STM32CubeIDE_1.19.0/STM32CubeIDE/plugins/com.st.stm32cube.ide.mcu.externaltools.gnu-tools-for-stm32.13.3.rel1.win32_1.0.0.202411081344/tools/bin/../lib/gcc/arm-none-eabi/13.3.1/../../../../arm-none-eabi/lib/thumb/v7e-m+fp/hard\libc_nano.a(libc_a-lock.o)
                0x0800d044                __retarget_lock_release_recursive
 .text.memcpy   0x0800d046       0x1c C:/ST/STM32CubeIDE_1.19.0/STM32CubeIDE/plugins/com.st.stm32cube.ide.mcu.externaltools.gnu-tools-for-stm32.13.3.rel1.win32_1.0.0.202411081344/tools/bin/../lib/gcc/arm-none-eabi/13.3.1/../../../../arm-none-eabi/lib/thumb/v7e-m+fp/hard\libc_nano.a(libc_a-memcpy-stub.o)
                0x0800d046                memcpy
 *fill*         0x0800d062        0x2 
 .text.__assert_func
                0x0800d064       0x3c C:/ST/STM32CubeIDE_1.19.0/STM32CubeIDE/plugins/com.st.stm32cube.ide.mcu.externaltools.gnu-tools-for-stm32.13.3.rel1.win32_1.0.0.202411081344/tools/bin/../lib/gcc/arm-none-eabi/13.3.1/../../../../arm-none-eabi/lib/thumb/v7e-m+fp/hard\libc_nano.a(libc_a-assert.o)
                0x0800d064                __assert_func
 .text._free_r  0x0800d0a0       0x94 C:/ST/STM32CubeIDE_1.19.0/STM32CubeIDE/plugins/com.st.stm32cube.ide.mcu.externaltools.gnu-tools-for-stm32.13.3.rel1.win32_1.0.0.202411081344/tools/bin/../lib/gcc/arm-none-eabi/13.3.1/../../../../arm-none-eabi/lib/thumb/v7e-m+fp/hard\libc_nano.a(libc_a-freer.o)
                0x0800d0a0                _free_r
 .text.malloc   0x0800d134       0x10 C:/ST/STM32CubeIDE_1.19.0/STM32CubeIDE/plugins/com.st.stm32cube.ide.mcu.externaltools.gnu-tools-for-stm32.13.3.rel1.win32_1.0.0.202411081344/tools/bin/../lib/gcc/arm-none-eabi/13.3.1/../../../../arm-none-eabi/lib/thumb/v7e-m+fp/hard\libc_nano.a(libc_a-malloc.o)
                0x0800d134                malloc
 .text.sbrk_aligned
                0x0800d144       0x44 C:/ST/STM32CubeIDE_1.19.0/STM32CubeIDE/plugins/com.st.stm32cube.ide.mcu.externaltools.gnu-tools-for-stm32.13.3.rel1.win32_1.0.0.202411081344/tools/bin/../lib/gcc/arm-none-eabi/13.3.1/../../../../arm-none-eabi/lib/thumb/v7e-m+fp/hard\libc_nano.a(libc_a-mallocr.o)
 .text._malloc_r
                0x0800d188      0x100 C:/ST/STM32CubeIDE_1.19.0/STM32CubeIDE/plugins/com.st.stm32cube.ide.mcu.externaltools.gnu-tools-for-stm32.13.3.rel1.win32_1.0.0.202411081344/tools/bin/../lib/gcc/arm-none-eabi/13.3.1/../../../../arm-none-eabi/lib/thumb/v7e-m+fp/hard\libc_nano.a(libc_a-mallocr.o)
                0x0800d188                _malloc_r
 .text.__malloc_lock
                0x0800d288        0xc C:/ST/STM32CubeIDE_1.19.0/STM32CubeIDE/plugins/com.st.stm32cube.ide.mcu.externaltools.gnu-tools-for-stm32.13.3.rel1.win32_1.0.0.202411081344/tools/bin/../lib/gcc/arm-none-eabi/13.3.1/../../../../arm-none-eabi/lib/thumb/v7e-m+fp/hard\libc_nano.a(libc_a-mlock.o)
                0x0800d288                __malloc_lock
 .text.__malloc_unlock
                0x0800d294        0xc C:/ST/STM32CubeIDE_1.19.0/STM32CubeIDE/plugins/com.st.stm32cube.ide.mcu.externaltools.gnu-tools-for-stm32.13.3.rel1.win32_1.0.0.202411081344/tools/bin/../lib/gcc/arm-none-eabi/13.3.1/../../../../arm-none-eabi/lib/thumb/v7e-m+fp/hard\libc_nano.a(libc_a-mlock.o)
                0x0800d294                __malloc_unlock
 .text.__ssputs_r
                0x0800d2a0       0xb6 C:/ST/STM32CubeIDE_1.19.0/STM32CubeIDE/plugins/com.st.stm32cube.ide.mcu.externaltools.gnu-tools-for-stm32.13.3.rel1.win32_1.0.0.202411081344/tools/bin/../lib/gcc/arm-none-eabi/13.3.1/../../../../arm-none-eabi/lib/thumb/v7e-m+fp/hard\libc_nano.a(libc_a-nano-svfprintf.o)
                0x0800d2a0                __ssputs_r
 *fill*         0x0800d356        0x2 
 .text._svfprintf_r
                0x0800d358      0x1f8 C:/ST/STM32CubeIDE_1.19.0/STM32CubeIDE/plugins/com.st.stm32cube.ide.mcu.externaltools.gnu-tools-for-stm32.13.3.rel1.win32_1.0.0.202411081344/tools/bin/../lib/gcc/arm-none-eabi/13.3.1/../../../../arm-none-eabi/lib/thumb/v7e-m+fp/hard\libc_nano.a(libc_a-nano-svfprintf.o)
                0x0800d358                _svfiprintf_r
                0x0800d358                _svfprintf_r
 .text._sungetc_r
                0x0800d550       0x7a C:/ST/STM32CubeIDE_1.19.0/STM32CubeIDE/plugins/com.st.stm32cube.ide.mcu.externaltools.gnu-tools-for-stm32.13.3.rel1.win32_1.0.0.202411081344/tools/bin/../lib/gcc/arm-none-eabi/13.3.1/../../../../arm-none-eabi/lib/thumb/v7e-m+fp/hard\libc_nano.a(libc_a-nano-svfscanf.o)
                0x0800d550                _sungetc_r
 .text.__ssrefill_r
                0x0800d5ca       0x3a C:/ST/STM32CubeIDE_1.19.0/STM32CubeIDE/plugins/com.st.stm32cube.ide.mcu.externaltools.gnu-tools-for-stm32.13.3.rel1.win32_1.0.0.202411081344/tools/bin/../lib/gcc/arm-none-eabi/13.3.1/../../../../arm-none-eabi/lib/thumb/v7e-m+fp/hard\libc_nano.a(libc_a-nano-svfscanf.o)
                0x0800d5ca                __ssrefill_r
 .text.__ssvfscanf_r
                0x0800d604      0x2ec C:/ST/STM32CubeIDE_1.19.0/STM32CubeIDE/plugins/com.st.stm32cube.ide.mcu.externaltools.gnu-tools-for-stm32.13.3.rel1.win32_1.0.0.202411081344/tools/bin/../lib/gcc/arm-none-eabi/13.3.1/../../../../arm-none-eabi/lib/thumb/v7e-m+fp/hard\libc_nano.a(libc_a-nano-svfscanf.o)
                0x0800d604                __ssvfiscanf_r
                0x0800d604                __ssvfscanf_r
 .text._printf_common
                0x0800d8f0       0xda C:/ST/STM32CubeIDE_1.19.0/STM32CubeIDE/plugins/com.st.stm32cube.ide.mcu.externaltools.gnu-tools-for-stm32.13.3.rel1.win32_1.0.0.202411081344/tools/bin/../lib/gcc/arm-none-eabi/13.3.1/../../../../arm-none-eabi/lib/thumb/v7e-m+fp/hard\libc_nano.a(libc_a-nano-vfprintf_i.o)
                0x0800d8f0                _printf_common
 *fill*         0x0800d9ca        0x2 
 .text._printf_i
                0x0800d9cc      0x23c C:/ST/STM32CubeIDE_1.19.0/STM32CubeIDE/plugins/com.st.stm32cube.ide.mcu.externaltools.gnu-tools-for-stm32.13.3.rel1.win32_1.0.0.202411081344/tools/bin/../lib/gcc/arm-none-eabi/13.3.1/../../../../arm-none-eabi/lib/thumb/v7e-m+fp/hard\libc_nano.a(libc_a-nano-vfprintf_i.o)
                0x0800d9cc                _printf_i
 .text._scanf_chars
                0x0800dc08       0xb4 C:/ST/STM32CubeIDE_1.19.0/STM32CubeIDE/plugins/com.st.stm32cube.ide.mcu.externaltools.gnu-tools-for-stm32.13.3.rel1.win32_1.0.0.202411081344/tools/bin/../lib/gcc/arm-none-eabi/13.3.1/../../../../arm-none-eabi/lib/thumb/v7e-m+fp/hard\libc_nano.a(libc_a-nano-vfscanf_i.o)
                0x0800dc08                _scanf_chars
 .text._scanf_i
                0x0800dcbc      0x1e8 C:/ST/STM32CubeIDE_1.19.0/STM32CubeIDE/plugins/com.st.stm32cube.ide.mcu.externaltools.gnu-tools-for-stm32.13.3.rel1.win32_1.0.0.202411081344/tools/bin/../lib/gcc/arm-none-eabi/13.3.1/../../../../arm-none-eabi/lib/thumb/v7e-m+fp/hard\libc_nano.a(libc_a-nano-vfscanf_i.o)
                0x0800dcbc                _scanf_i
 .text.__sflush_r
                0x0800dea4      0x108 C:/ST/STM32CubeIDE_1.19.0/STM32CubeIDE/plugins/com.st.stm32cube.ide.mcu.externaltools.gnu-tools-for-stm32.13.3.rel1.win32_1.0.0.202411081344/tools/bin/../lib/gcc/arm-none-eabi/13.3.1/../../../../arm-none-eabi/lib/thumb/v7e-m+fp/hard\libc_nano.a(libc_a-fflush.o)
                0x0800dea4                __sflush_r
 .text._fflush_r
                0x0800dfac       0x50 C:/ST/STM32CubeIDE_1.19.0/STM32CubeIDE/plugins/com.st.stm32cube.ide.mcu.externaltools.gnu-tools-for-stm32.13.3.rel1.win32_1.0.0.202411081344/tools/bin/../lib/gcc/arm-none-eabi/13.3.1/../../../../arm-none-eabi/lib/thumb/v7e-m+fp/hard\libc_nano.a(libc_a-fflush.o)
                0x0800dfac                _fflush_r
 .text.fprintf  0x0800dffc       0x24 C:/ST/STM32CubeIDE_1.19.0/STM32CubeIDE/plugins/com.st.stm32cube.ide.mcu.externaltools.gnu-tools-for-stm32.13.3.rel1.win32_1.0.0.202411081344/tools/bin/../lib/gcc/arm-none-eabi/13.3.1/../../../../arm-none-eabi/lib/thumb/v7e-m+fp/hard\libc_nano.a(libc_a-fprintf.o)
                0x0800dffc                fiprintf
                0x0800dffc                fprintf
 .text.__sccl   0x0800e020       0x72 C:/ST/STM32CubeIDE_1.19.0/STM32CubeIDE/plugins/com.st.stm32cube.ide.mcu.externaltools.gnu-tools-for-stm32.13.3.rel1.win32_1.0.0.202411081344/tools/bin/../lib/gcc/arm-none-eabi/13.3.1/../../../../arm-none-eabi/lib/thumb/v7e-m+fp/hard\libc_nano.a(libc_a-sccl.o)
                0x0800e020                __sccl
 .text.__submore
                0x0800e092       0x74 C:/ST/STM32CubeIDE_1.19.0/STM32CubeIDE/plugins/com.st.stm32cube.ide.mcu.externaltools.gnu-tools-for-stm32.13.3.rel1.win32_1.0.0.202411081344/tools/bin/../lib/gcc/arm-none-eabi/13.3.1/../../../../arm-none-eabi/lib/thumb/v7e-m+fp/hard\libc_nano.a(libc_a-ungetc.o)
                0x0800e092                __submore
 *fill*         0x0800e106        0x2 
 .text._sbrk_r  0x0800e108       0x20 C:/ST/STM32CubeIDE_1.19.0/STM32CubeIDE/plugins/com.st.stm32cube.ide.mcu.externaltools.gnu-tools-for-stm32.13.3.rel1.win32_1.0.0.202411081344/tools/bin/../lib/gcc/arm-none-eabi/13.3.1/../../../../arm-none-eabi/lib/thumb/v7e-m+fp/hard\libc_nano.a(libc_a-sbrkr.o)
                0x0800e108                _sbrk_r
 .text.abort    0x0800e128        0xe C:/ST/STM32CubeIDE_1.19.0/STM32CubeIDE/plugins/com.st.stm32cube.ide.mcu.externaltools.gnu-tools-for-stm32.13.3.rel1.win32_1.0.0.202411081344/tools/bin/../lib/gcc/arm-none-eabi/13.3.1/../../../../arm-none-eabi/lib/thumb/v7e-m+fp/hard\libc_nano.a(libc_a-abort.o)
                0x0800e128                abort
 .text._realloc_r
                0x0800e136       0x5c C:/ST/STM32CubeIDE_1.19.0/STM32CubeIDE/plugins/com.st.stm32cube.ide.mcu.externaltools.gnu-tools-for-stm32.13.3.rel1.win32_1.0.0.202411081344/tools/bin/../lib/gcc/arm-none-eabi/13.3.1/../../../../arm-none-eabi/lib/thumb/v7e-m+fp/hard\libc_nano.a(libc_a-reallocr.o)
                0x0800e136                _realloc_r
 *fill*         0x0800e192        0x2 
 .text._strtoul_l.isra.0
                0x0800e194       0xdc C:/ST/STM32CubeIDE_1.19.0/STM32CubeIDE/plugins/com.st.stm32cube.ide.mcu.externaltools.gnu-tools-for-stm32.13.3.rel1.win32_1.0.0.202411081344/tools/bin/../lib/gcc/arm-none-eabi/13.3.1/../../../../arm-none-eabi/lib/thumb/v7e-m+fp/hard\libc_nano.a(libc_a-strtoul.o)
 .text._strtoul_r
                0x0800e270        0x4 C:/ST/STM32CubeIDE_1.19.0/STM32CubeIDE/plugins/com.st.stm32cube.ide.mcu.externaltools.gnu-tools-for-stm32.13.3.rel1.win32_1.0.0.202411081344/tools/bin/../lib/gcc/arm-none-eabi/13.3.1/../../../../arm-none-eabi/lib/thumb/v7e-m+fp/hard\libc_nano.a(libc_a-strtoul.o)
                0x0800e270                _strtoul_r
 .text.__sfputc_r
                0x0800e274       0x2e C:/ST/STM32CubeIDE_1.19.0/STM32CubeIDE/plugins/com.st.stm32cube.ide.mcu.externaltools.gnu-tools-for-stm32.13.3.rel1.win32_1.0.0.202411081344/tools/bin/../lib/gcc/arm-none-eabi/13.3.1/../../../../arm-none-eabi/lib/thumb/v7e-m+fp/hard\libc_nano.a(libc_a-nano-vfprintf.o)
 .text.__sfputs_r
                0x0800e2a2       0x24 C:/ST/STM32CubeIDE_1.19.0/STM32CubeIDE/plugins/com.st.stm32cube.ide.mcu.externaltools.gnu-tools-for-stm32.13.3.rel1.win32_1.0.0.202411081344/tools/bin/../lib/gcc/arm-none-eabi/13.3.1/../../../../arm-none-eabi/lib/thumb/v7e-m+fp/hard\libc_nano.a(libc_a-nano-vfprintf.o)
                0x0800e2a2                __sfputs_r
 *fill*         0x0800e2c6        0x2 
 .text._vfprintf_r
                0x0800e2c8      0x230 C:/ST/STM32CubeIDE_1.19.0/STM32CubeIDE/plugins/com.st.stm32cube.ide.mcu.externaltools.gnu-tools-for-stm32.13.3.rel1.win32_1.0.0.202411081344/tools/bin/../lib/gcc/arm-none-eabi/13.3.1/../../../../arm-none-eabi/lib/thumb/v7e-m+fp/hard\libc_nano.a(libc_a-nano-vfprintf.o)
                0x0800e2c8                _vfprintf_r
                0x0800e2c8                _vfiprintf_r
 .text.__swbuf_r
                0x0800e4f8       0x7c C:/ST/STM32CubeIDE_1.19.0/STM32CubeIDE/plugins/com.st.stm32cube.ide.mcu.externaltools.gnu-tools-for-stm32.13.3.rel1.win32_1.0.0.202411081344/tools/bin/../lib/gcc/arm-none-eabi/13.3.1/../../../../arm-none-eabi/lib/thumb/v7e-m+fp/hard\libc_nano.a(libc_a-wbuf.o)
                0x0800e4f8                __swbuf_r
 .text.__swsetup_r
                0x0800e574       0xac C:/ST/STM32CubeIDE_1.19.0/STM32CubeIDE/plugins/com.st.stm32cube.ide.mcu.externaltools.gnu-tools-for-stm32.13.3.rel1.win32_1.0.0.202411081344/tools/bin/../lib/gcc/arm-none-eabi/13.3.1/../../../../arm-none-eabi/lib/thumb/v7e-m+fp/hard\libc_nano.a(libc_a-wsetup.o)
                0x0800e574                __swsetup_r
 .text._raise_r
                0x0800e620       0x50 C:/ST/STM32CubeIDE_1.19.0/STM32CubeIDE/plugins/com.st.stm32cube.ide.mcu.externaltools.gnu-tools-for-stm32.13.3.rel1.win32_1.0.0.202411081344/tools/bin/../lib/gcc/arm-none-eabi/13.3.1/../../../../arm-none-eabi/lib/thumb/v7e-m+fp/hard\libc_nano.a(libc_a-signal.o)
                0x0800e620                _raise_r
 .text.raise    0x0800e670       0x10 C:/ST/STM32CubeIDE_1.19.0/STM32CubeIDE/plugins/com.st.stm32cube.ide.mcu.externaltools.gnu-tools-for-stm32.13.3.rel1.win32_1.0.0.202411081344/tools/bin/../lib/gcc/arm-none-eabi/13.3.1/../../../../arm-none-eabi/lib/thumb/v7e-m+fp/hard\libc_nano.a(libc_a-signal.o)
                0x0800e670                raise
 .text._kill_r  0x0800e680       0x24 C:/ST/STM32CubeIDE_1.19.0/STM32CubeIDE/plugins/com.st.stm32cube.ide.mcu.externaltools.gnu-tools-for-stm32.13.3.rel1.win32_1.0.0.202411081344/tools/bin/../lib/gcc/arm-none-eabi/13.3.1/../../../../arm-none-eabi/lib/thumb/v7e-m+fp/hard\libc_nano.a(libc_a-signalr.o)
                0x0800e680                _kill_r
 .text._getpid_r
                0x0800e6a4        0x4 C:/ST/STM32CubeIDE_1.19.0/STM32CubeIDE/plugins/com.st.stm32cube.ide.mcu.externaltools.gnu-tools-for-stm32.13.3.rel1.win32_1.0.0.202411081344/tools/bin/../lib/gcc/arm-none-eabi/13.3.1/../../../../arm-none-eabi/lib/thumb/v7e-m+fp/hard\libc_nano.a(libc_a-signalr.o)
                0x0800e6a4                _getpid_r
 .text._malloc_usable_size_r
                0x0800e6a8       0x10 C:/ST/STM32CubeIDE_1.19.0/STM32CubeIDE/plugins/com.st.stm32cube.ide.mcu.externaltools.gnu-tools-for-stm32.13.3.rel1.win32_1.0.0.202411081344/tools/bin/../lib/gcc/arm-none-eabi/13.3.1/../../../../arm-none-eabi/lib/thumb/v7e-m+fp/hard\libc_nano.a(libc_a-msizer.o)
                0x0800e6a8                _malloc_usable_size_r
 .text.__swhatbuf_r
                0x0800e6b8       0x4c C:/ST/STM32CubeIDE_1.19.0/STM32CubeIDE/plugins/com.st.stm32cube.ide.mcu.externaltools.gnu-tools-for-stm32.13.3.rel1.win32_1.0.0.202411081344/tools/bin/../lib/gcc/arm-none-eabi/13.3.1/../../../../arm-none-eabi/lib/thumb/v7e-m+fp/hard\libc_nano.a(libc_a-makebuf.o)
                0x0800e6b8                __swhatbuf_r
 .text.__smakebuf_r
                0x0800e704       0x78 C:/ST/STM32CubeIDE_1.19.0/STM32CubeIDE/plugins/com.st.stm32cube.ide.mcu.externaltools.gnu-tools-for-stm32.13.3.rel1.win32_1.0.0.202411081344/tools/bin/../lib/gcc/arm-none-eabi/13.3.1/../../../../arm-none-eabi/lib/thumb/v7e-m+fp/hard\libc_nano.a(libc_a-makebuf.o)
                0x0800e704                __smakebuf_r
 .text._fstat_r
                0x0800e77c       0x24 C:/ST/STM32CubeIDE_1.19.0/STM32CubeIDE/plugins/com.st.stm32cube.ide.mcu.externaltools.gnu-tools-for-stm32.13.3.rel1.win32_1.0.0.202411081344/tools/bin/../lib/gcc/arm-none-eabi/13.3.1/../../../../arm-none-eabi/lib/thumb/v7e-m+fp/hard\libc_nano.a(libc_a-fstatr.o)
                0x0800e77c                _fstat_r
 .text._isatty_r
                0x0800e7a0       0x20 C:/ST/STM32CubeIDE_1.19.0/STM32CubeIDE/plugins/com.st.stm32cube.ide.mcu.externaltools.gnu-tools-for-stm32.13.3.rel1.win32_1.0.0.202411081344/tools/bin/../lib/gcc/arm-none-eabi/13.3.1/../../../../arm-none-eabi/lib/thumb/v7e-m+fp/hard\libc_nano.a(libc_a-isattyr.o)
                0x0800e7a0                _isatty_r
 .text.sin      0x0800e7c0       0xa8 C:/ST/STM32CubeIDE_1.19.0/STM32CubeIDE/plugins/com.st.stm32cube.ide.mcu.externaltools.gnu-tools-for-stm32.13.3.rel1.win32_1.0.0.202411081344/tools/bin/../lib/gcc/arm-none-eabi/13.3.1/../../../../arm-none-eabi/lib/thumb/v7e-m+fp/hard\libm.a(libm_a-s_sin.o)
                0x0800e7c0                sin
 .text.__kernel_cos
                0x0800e868      0x18c C:/ST/STM32CubeIDE_1.19.0/STM32CubeIDE/plugins/com.st.stm32cube.ide.mcu.externaltools.gnu-tools-for-stm32.13.3.rel1.win32_1.0.0.202411081344/tools/bin/../lib/gcc/arm-none-eabi/13.3.1/../../../../arm-none-eabi/lib/thumb/v7e-m+fp/hard\libm.a(libm_a-k_cos.o)
                0x0800e868                __kernel_cos
 *fill*         0x0800e9f4        0x4 
 .text.__kernel_sin
                0x0800e9f8      0x174 C:/ST/STM32CubeIDE_1.19.0/STM32CubeIDE/plugins/com.st.stm32cube.ide.mcu.externaltools.gnu-tools-for-stm32.13.3.rel1.win32_1.0.0.202411081344/tools/bin/../lib/gcc/arm-none-eabi/13.3.1/../../../../arm-none-eabi/lib/thumb/v7e-m+fp/hard\libm.a(libm_a-k_sin.o)
                0x0800e9f8                __kernel_sin
 *fill*         0x0800eb6c        0x4 
 .text.__ieee754_rem_pio2
                0x0800eb70      0x3f8 C:/ST/STM32CubeIDE_1.19.0/STM32CubeIDE/plugins/com.st.stm32cube.ide.mcu.externaltools.gnu-tools-for-stm32.13.3.rel1.win32_1.0.0.202411081344/tools/bin/../lib/gcc/arm-none-eabi/13.3.1/../../../../arm-none-eabi/lib/thumb/v7e-m+fp/hard\libm.a(libm_a-e_rem_pio2.o)
                0x0800eb70                __ieee754_rem_pio2
 .text.fabs     0x0800ef68       0x10 C:/ST/STM32CubeIDE_1.19.0/STM32CubeIDE/plugins/com.st.stm32cube.ide.mcu.externaltools.gnu-tools-for-stm32.13.3.rel1.win32_1.0.0.202411081344/tools/bin/../lib/gcc/arm-none-eabi/13.3.1/../../../../arm-none-eabi/lib/thumb/v7e-m+fp/hard\libm.a(libm_a-s_fabs.o)
                0x0800ef68                fabs
 .text.__kernel_rem_pio2
                0x0800ef78      0x6a0 C:/ST/STM32CubeIDE_1.19.0/STM32CubeIDE/plugins/com.st.stm32cube.ide.mcu.externaltools.gnu-tools-for-stm32.13.3.rel1.win32_1.0.0.202411081344/tools/bin/../lib/gcc/arm-none-eabi/13.3.1/../../../../arm-none-eabi/lib/thumb/v7e-m+fp/hard\libm.a(libm_a-k_rem_pio2.o)
                0x0800ef78                __kernel_rem_pio2
 .text.scalbn   0x0800f618       0xf4 C:/ST/STM32CubeIDE_1.19.0/STM32CubeIDE/plugins/com.st.stm32cube.ide.mcu.externaltools.gnu-tools-for-stm32.13.3.rel1.win32_1.0.0.202411081344/tools/bin/../lib/gcc/arm-none-eabi/13.3.1/../../../../arm-none-eabi/lib/thumb/v7e-m+fp/hard\libm.a(libm_a-s_scalbn.o)
                0x0800f618                scalbn
 *fill*         0x0800f70c        0x4 
 .text.floor    0x0800f710       0xf8 C:/ST/STM32CubeIDE_1.19.0/STM32CubeIDE/plugins/com.st.stm32cube.ide.mcu.externaltools.gnu-tools-for-stm32.13.3.rel1.win32_1.0.0.202411081344/tools/bin/../lib/gcc/arm-none-eabi/13.3.1/../../../../arm-none-eabi/lib/thumb/v7e-m+fp/hard\libm.a(libm_a-s_floor.o)
                0x0800f710                floor
 *(.glue_7)
 .glue_7        0x0800f808        0x0 linker stubs
 *(.glue_7t)
 .glue_7t       0x0800f808        0x0 linker stubs
 *(.eh_frame)
 .eh_frame      0x0800f808        0x0 C:/ST/STM32CubeIDE_1.19.0/STM32CubeIDE/plugins/com.st.stm32cube.ide.mcu.externaltools.gnu-tools-for-stm32.13.3.rel1.win32_1.0.0.202411081344/tools/bin/../lib/gcc/arm-none-eabi/13.3.1/thumb/v7e-m+fp/hard/crtbegin.o
 *(.init)
 .init          0x0800f808        0x4 C:/ST/STM32CubeIDE_1.19.0/STM32CubeIDE/plugins/com.st.stm32cube.ide.mcu.externaltools.gnu-tools-for-stm32.13.3.rel1.win32_1.0.0.202411081344/tools/bin/../lib/gcc/arm-none-eabi/13.3.1/thumb/v7e-m+fp/hard/crti.o
                0x0800f808                _init
 .init          0x0800f80c        0x8 C:/ST/STM32CubeIDE_1.19.0/STM32CubeIDE/plugins/com.st.stm32cube.ide.mcu.externaltools.gnu-tools-for-stm32.13.3.rel1.win32_1.0.0.202411081344/tools/bin/../lib/gcc/arm-none-eabi/13.3.1/thumb/v7e-m+fp/hard/crtn.o
 *(.fini)
 .fini          0x0800f814        0x4 C:/ST/STM32CubeIDE_1.19.0/STM32CubeIDE/plugins/com.st.stm32cube.ide.mcu.externaltools.gnu-tools-for-stm32.13.3.rel1.win32_1.0.0.202411081344/tools/bin/../lib/gcc/arm-none-eabi/13.3.1/thumb/v7e-m+fp/hard/crti.o
                0x0800f814                _fini
 .fini          0x0800f818        0x8 C:/ST/STM32CubeIDE_1.19.0/STM32CubeIDE/plugins/com.st.stm32cube.ide.mcu.externaltools.gnu-tools-for-stm32.13.3.rel1.win32_1.0.0.202411081344/tools/bin/../lib/gcc/arm-none-eabi/13.3.1/thumb/v7e-m+fp/hard/crtn.o
                0x0800f820                        . = ALIGN (0x4)
                0x0800f820                        _etext = .

.vfp11_veneer   0x0800f820        0x0
 .vfp11_veneer  0x0800f820        0x0 linker stubs

.v4_bx          0x0800f820        0x0
 .v4_bx         0x0800f820        0x0 linker stubs

.iplt           0x0800f820        0x0
 .iplt          0x0800f820        0x0 C:/ST/STM32CubeIDE_1.19.0/STM32CubeIDE/plugins/com.st.stm32cube.ide.mcu.externaltools.gnu-tools-for-stm32.13.3.rel1.win32_1.0.0.202411081344/tools/bin/../lib/gcc/arm-none-eabi/13.3.1/thumb/v7e-m+fp/hard/crtbegin.o

.rodata         0x0800f820     0x1760
                0x0800f820                        . = ALIGN (0x4)
 *(.rodata)
 .rodata        0x0800f820       0x42 ./Core/Src/Game_Dino.o
 *fill*         0x0800f862        0x2 
 .rodata        0x0800f864       0x26 ./Core/Src/Game_Snake.o
 *fill*         0x0800f88a        0x2 
 .rodata        0x0800f88c      0x3d1 ./Core/Src/MENU.o
 *fill*         0x0800fc5d        0x3 
 .rodata        0x0800fc60       0x15 ./Core/Src/esp_at.o
 *fill*         0x0800fc75        0x3 
 .rodata        0x0800fc78       0xa0 ./Core/Src/freertos.o
 .rodata        0x0800fd18       0xb4 ./Core/Src/time_task.o
 .rodata        0x0800fdcc       0x85 ./Core/Src/weather.o
 *fill*         0x0800fe51        0x3 
 .rodata        0x0800fe54      0x1fe ./Core/Src/wifi_task.o
 *fill*         0x08010052        0x2 
 .rodata        0x08010054        0x5 ./Middlewares/FreeRTOS/tasks.o
 *fill*         0x08010059        0x3 
 .rodata        0x0801005c        0xd ./Middlewares/FreeRTOS/timers.o
 *fill*         0x08010069        0x3 
 .rodata        0x0801006c        0xc C:/ST/STM32CubeIDE_1.19.0/STM32CubeIDE/plugins/com.st.stm32cube.ide.mcu.externaltools.gnu-tools-for-stm32.13.3.rel1.win32_1.0.0.202411081344/tools/bin/../lib/gcc/arm-none-eabi/13.3.1/../../../../arm-none-eabi/lib/thumb/v7e-m+fp/hard\libc_nano.a(libc_a-nano-vfscanf_i.o)
 *(.rodata*)
 .rodata.pi     0x08010078        0x8 ./Core/Src/Game_Dino_Data.o
                0x08010078                pi
 .rodata.Dino   0x08010080       0x6c ./Core/Src/Game_Dino_Data.o
                0x08010080                Dino
 .rodata.Barrier
                0x080100ec       0x6c ./Core/Src/Game_Dino_Data.o
                0x080100ec                Barrier
 .rodata.Cloud  0x08010158       0x10 ./Core/Src/Game_Dino_Data.o
                0x08010158                Cloud
 .rodata.Ground
                0x08010168      0x100 ./Core/Src/Game_Dino_Data.o
                0x08010168                Ground
 .rodata.Game_Snake_Tile_8x8
                0x08010268       0x30 ./Core/Src/Game_Snake.o
                0x08010268                Game_Snake_Tile_8x8
 .rodata.OLED_F8x16
                0x08010298      0x5f0 ./Core/Src/OLED_Data.o
                0x08010298                OLED_F8x16
 .rodata.OLED_F6x8
                0x08010888      0x23a ./Core/Src/OLED_Data.o
                0x08010888                OLED_F6x8
 *fill*         0x08010ac2        0x2 
 .rodata.InputEventQueue_attributes