Archive member included to satisfy reference by file (symbol)

C:/ST/STM32CubeIDE_1.19.0/STM32CubeIDE/plugins/com.st.stm32cube.ide.mcu.externaltools.gnu-tools-for-stm32.13.3.rel1.win32_1.0.0.202411081344/tools/bin/../lib/gcc/arm-none-eabi/13.3.1/../../../../arm-none-eabi/lib/thumb/v7e-m+fp/hard\libc_nano.a(libc_a-exit.o)
                              C:/ST/STM32CubeIDE_1.19.0/STM32CubeIDE/plugins/com.st.stm32cube.ide.mcu.externaltools.gnu-tools-for-stm32.13.3.rel1.win32_1.0.0.202411081344/tools/bin/../lib/gcc/arm-none-eabi/13.3.1/../../../../arm-none-eabi/lib/thumb/v7e-m+fp/hard/crt0.o (exit)
C:/ST/STM32CubeIDE_1.19.0/STM32CubeIDE/plugins/com.st.stm32cube.ide.mcu.externaltools.gnu-tools-for-stm32.13.3.rel1.win32_1.0.0.202411081344/tools/bin/../lib/gcc/arm-none-eabi/13.3.1/../../../../arm-none-eabi/lib/thumb/v7e-m+fp/hard\libc_nano.a(libc_a-rand.o)
                              ./Core/Src/Game_Snake.o (srand)
C:/ST/STM32CubeIDE_1.19.0/STM32CubeIDE/plugins/com.st.stm32cube.ide.mcu.externaltools.gnu-tools-for-stm32.13.3.rel1.win32_1.0.0.202411081344/tools/bin/../lib/gcc/arm-none-eabi/13.3.1/../../../../arm-none-eabi/lib/thumb/v7e-m+fp/hard\libc_nano.a(libc_a-findfp.o)
                              ./Middlewares/FreeRTOS/tasks.o (__sf)
C:/ST/STM32CubeIDE_1.19.0/STM32CubeIDE/plugins/com.st.stm32cube.ide.mcu.externaltools.gnu-tools-for-stm32.13.3.rel1.win32_1.0.0.202411081344/tools/bin/../lib/gcc/arm-none-eabi/13.3.1/../../../../arm-none-eabi/lib/thumb/v7e-m+fp/hard\libc_nano.a(libc_a-fwalk.o)
                              C:/ST/STM32CubeIDE_1.19.0/STM32CubeIDE/plugins/com.st.stm32cube.ide.mcu.externaltools.gnu-tools-for-stm32.13.3.rel1.win32_1.0.0.202411081344/tools/bin/../lib/gcc/arm-none-eabi/13.3.1/../../../../arm-none-eabi/lib/thumb/v7e-m+fp/hard\libc_nano.a(libc_a-findfp.o) (_fwalk_sglue)
C:/ST/STM32CubeIDE_1.19.0/STM32CubeIDE/plugins/com.st.stm32cube.ide.mcu.externaltools.gnu-tools-for-stm32.13.3.rel1.win32_1.0.0.202411081344/tools/bin/../lib/gcc/arm-none-eabi/13.3.1/../../../../arm-none-eabi/lib/thumb/v7e-m+fp/hard\libc_nano.a(libc_a-sprintf.o)
                              ./Core/Src/Game_Snake.o (sprintf)
C:/ST/STM32CubeIDE_1.19.0/STM32CubeIDE/plugins/com.st.stm32cube.ide.mcu.externaltools.gnu-tools-for-stm32.13.3.rel1.win32_1.0.0.202411081344/tools/bin/../lib/gcc/arm-none-eabi/13.3.1/../../../../arm-none-eabi/lib/thumb/v7e-m+fp/hard\libc_nano.a(libc_a-stdio.o)
                              C:/ST/STM32CubeIDE_1.19.0/STM32CubeIDE/plugins/com.st.stm32cube.ide.mcu.externaltools.gnu-tools-for-stm32.13.3.rel1.win32_1.0.0.202411081344/tools/bin/../lib/gcc/arm-none-eabi/13.3.1/../../../../arm-none-eabi/lib/thumb/v7e-m+fp/hard\libc_nano.a(libc_a-findfp.o) (__sread)
C:/ST/STM32CubeIDE_1.19.0/STM32CubeIDE/plugins/com.st.stm32cube.ide.mcu.externaltools.gnu-tools-for-stm32.13.3.rel1.win32_1.0.0.202411081344/tools/bin/../lib/gcc/arm-none-eabi/13.3.1/../../../../arm-none-eabi/lib/thumb/v7e-m+fp/hard\libc_nano.a(libc_a-vsprintf.o)
                              ./Core/Src/OLED.o (vsprintf)
C:/ST/STM32CubeIDE_1.19.0/STM32CubeIDE/plugins/com.st.stm32cube.ide.mcu.externaltools.gnu-tools-for-stm32.13.3.rel1.win32_1.0.0.202411081344/tools/bin/../lib/gcc/arm-none-eabi/13.3.1/../../../../arm-none-eabi/lib/thumb/v7e-m+fp/hard\libc_nano.a(libc_a-memset.o)
                              C:/ST/STM32CubeIDE_1.19.0/STM32CubeIDE/plugins/com.st.stm32cube.ide.mcu.externaltools.gnu-tools-for-stm32.13.3.rel1.win32_1.0.0.202411081344/tools/bin/../lib/gcc/arm-none-eabi/13.3.1/../../../../arm-none-eabi/lib/thumb/v7e-m+fp/hard/crt0.o (memset)
C:/ST/STM32CubeIDE_1.19.0/STM32CubeIDE/plugins/com.st.stm32cube.ide.mcu.externaltools.gnu-tools-for-stm32.13.3.rel1.win32_1.0.0.202411081344/tools/bin/../lib/gcc/arm-none-eabi/13.3.1/../../../../arm-none-eabi/lib/thumb/v7e-m+fp/hard\libc_nano.a(libc_a-closer.o)
                              C:/ST/STM32CubeIDE_1.19.0/STM32CubeIDE/plugins/com.st.stm32cube.ide.mcu.externaltools.gnu-tools-for-stm32.13.3.rel1.win32_1.0.0.202411081344/tools/bin/../lib/gcc/arm-none-eabi/13.3.1/../../../../arm-none-eabi/lib/thumb/v7e-m+fp/hard\libc_nano.a(libc_a-stdio.o) (_close_r)
C:/ST/STM32CubeIDE_1.19.0/STM32CubeIDE/plugins/com.st.stm32cube.ide.mcu.externaltools.gnu-tools-for-stm32.13.3.rel1.win32_1.0.0.202411081344/tools/bin/../lib/gcc/arm-none-eabi/13.3.1/../../../../arm-none-eabi/lib/thumb/v7e-m+fp/hard\libc_nano.a(libc_a-reent.o)
                              ./Middlewares/FreeRTOS/tasks.o (_reclaim_reent)
C:/ST/STM32CubeIDE_1.19.0/STM32CubeIDE/plugins/com.st.stm32cube.ide.mcu.externaltools.gnu-tools-for-stm32.13.3.rel1.win32_1.0.0.202411081344/tools/bin/../lib/gcc/arm-none-eabi/13.3.1/../../../../arm-none-eabi/lib/thumb/v7e-m+fp/hard\libc_nano.a(libc_a-impure.o)
                              ./Middlewares/FreeRTOS/tasks.o (_impure_ptr)
[...]
Memory Configuration

Name             Origin             Length             Attributes
RAM              0x20000000         0x00020000         xrw
FLASH            0x08000000         0x00080000         xr
*default*        0x00000000         0xffffffff

Linker script and memory map

LOAD C:/ST/STM32CubeIDE_1.19.0/STM32CubeIDE/plugins/com.st.stm32cube.ide.mcu.externaltools.gnu-tools-for-stm32.13.3.rel1.win32_1.0.0.202411081344/tools/bin/../lib/gcc/arm-none-eabi/13.3.1/thumb/v7e-m+fp/hard/crti.o
LOAD C:/ST/STM32CubeIDE_1.19.0/STM32CubeIDE/plugins/com.st.stm32cube.ide.mcu.externaltools.gnu-tools-for-stm32.13.3.rel1.win32_1.0.0.202411081344/tools/bin/../lib/gcc/arm-none-eabi/13.3.1/thumb/v7e-m+fp/hard/crtbegin.o
LOAD C:/ST/STM32CubeIDE_1.19.0/STM32CubeIDE/plugins/com.st.stm32cube.ide.mcu.externaltools.gnu-tools-for-stm32.13.3.rel1.win32_1.0.0.202411081344/tools/bin/../lib/gcc/arm-none-eabi/13.3.1/../../../../arm-none-eabi/lib/thumb/v7e-m+fp/hard/crt0.o
LOAD ./Core/Src/Game_Dino.o
LOAD ./Core/Src/Game_Dino_Data.o
LOAD ./Core/Src/Game_Snake.o
LOAD ./Core/Src/MENU.o
LOAD ./Core/Src/OLED.o
LOAD ./Core/Src/OLED_Data.o
LOAD ./Core/Src/TIM_EC11.o
LOAD ./Core/Src/freertos.o
LOAD ./Core/Src/gpio.o
LOAD ./Core/Src/input.o
LOAD ./Core/Src/main.o
LOAD ./Core/Src/stm32f4xx_hal_msp.o
LOAD ./Core/Src/stm32f4xx_hal_timebase_tim.o
LOAD ./Core/Src/stm32f4xx_it.o
LOAD ./Core/Src/syscalls.o
LOAD ./Core/Src/sysmem.o
LOAD ./Core/Src/system_stm32f4xx.o
LOAD ./Core/Src/tim.o
LOAD ./Core/Startup/startup_stm32f411ceux.o
LOAD ./Drivers/STM32F4xx_HAL_Driver/stm32f4xx_hal.o
LOAD ./Drivers/STM32F4xx_HAL_Driver/stm32f4xx_hal_cortex.o
LOAD ./Drivers/STM32F4xx_HAL_Driver/stm32f4xx_hal_dma.o
LOAD ./Drivers/STM32F4xx_HAL_Driver/stm32f4xx_hal_dma_ex.o
LOAD ./Drivers/STM32F4xx_HAL_Driver/stm32f4xx_hal_exti.o
LOAD ./Drivers/STM32F4xx_HAL_Driver/stm32f4xx_hal_flash.o
LOAD ./Drivers/STM32F4xx_HAL_Driver/stm32f4xx_hal_flash_ex.o
LOAD ./Drivers/STM32F4xx_HAL_Driver/stm32f4xx_hal_flash_ramfunc.o
LOAD ./Drivers/STM32F4xx_HAL_Driver/stm32f4xx_hal_gpio.o
LOAD ./Drivers/STM32F4xx_HAL_Driver/stm32f4xx_hal_pwr.o
LOAD ./Drivers/STM32F4xx_HAL_Driver/stm32f4xx_hal_pwr_ex.o
LOAD ./Drivers/STM32F4xx_HAL_Driver/stm32f4xx_hal_rcc.o
LOAD ./Drivers/STM32F4xx_HAL_Driver/stm32f4xx_hal_rcc_ex.o
LOAD ./Drivers/STM32F4xx_HAL_Driver/stm32f4xx_hal_tim.o
LOAD ./Drivers/STM32F4xx_HAL_Driver/stm32f4xx_hal_tim_ex.o
LOAD ./Middlewares/FreeRTOS/cmsis_os2.o
LOAD ./Middlewares/FreeRTOS/croutine.o
LOAD ./Middlewares/FreeRTOS/event_groups.o
LOAD ./Middlewares/FreeRTOS/heap_4.o
LOAD ./Middlewares/FreeRTOS/list.o
LOAD ./Middlewares/FreeRTOS/port.o
LOAD ./Middlewares/FreeRTOS/queue.o
LOAD ./Middlewares/FreeRTOS/stream_buffer.o
LOAD ./Middlewares/FreeRTOS/tasks.o
LOAD ./Middlewares/FreeRTOS/timers.o
START GROUP
LOAD C:/ST/STM32CubeIDE_1.19.0/STM32CubeIDE/plugins/com.st.stm32cube.ide.mcu.externaltools.gnu-tools-for-stm32.13.3.rel1.win32_1.0.0.202411081344/tools/bin/../lib/gcc/arm-none-eabi/13.3.1/../../../../arm-none-eabi/lib/thumb/v7e-m+fp/hard\libc_nano.a
LOAD C:/ST/STM32CubeIDE_1.19.0/STM32CubeIDE/plugins/com.st.stm32cube.ide.mcu.externaltools.gnu-tools-for-stm32.13.3.rel1.win32_1.0.0.202411081344/tools/bin/../lib/gcc/arm-none-eabi/13.3.1/../../../../arm-none-eabi/lib/thumb/v7e-m+fp/hard\libm.a
END GROUP
START GROUP
LOAD C:/ST/STM32CubeIDE_1.19.0/STM32CubeIDE/plugins/com.st.stm32cube.ide.mcu.externaltools.gnu-tools-for-stm32.13.3.rel1.win32_1.0.0.202411081344/tools/bin/../lib/gcc/arm-none-eabi/13.3.1/thumb/v7e-m+fp/hard\libgcc.a
LOAD C:/ST/STM32CubeIDE_1.19.0/STM32CubeIDE/plugins/com.st.stm32cube.ide.mcu.externaltools.gnu-tools-for-stm32.13.3.rel1.win32_1.0.0.202411081344/tools/bin/../lib/gcc/arm-none-eabi/13.3.1/../../../../arm-none-eabi/lib/thumb/v7e-m+fp/hard\libc_nano.a
END GROUP
START GROUP
LOAD C:/ST/STM32CubeIDE_1.19.0/STM32CubeIDE/plugins/com.st.stm32cube.ide.mcu.externaltools.gnu-tools-for-stm32.13.3.rel1.win32_1.0.0.202411081344/tools/bin/../lib/gcc/arm-none-eabi/13.3.1/thumb/v7e-m+fp/hard\libgcc.a
LOAD C:/ST/STM32CubeIDE_1.19.0/STM32CubeIDE/plugins/com.st.stm32cube.ide.mcu.externaltools.gnu-tools-for-stm32.13.3.rel1.win32_1.0.0.202411081344/tools/bin/../lib/gcc/arm-none-eabi/13.3.1/../../../../arm-none-eabi/lib/thumb/v7e-m+fp/hard\libc_nano.a
LOAD C:/ST/STM32CubeIDE_1.19.0/STM32CubeIDE/plugins/com.st.stm32cube.ide.mcu.externaltools.gnu-tools-for-stm32.13.3.rel1.win32_1.0.0.202411081344/tools/bin/../lib/gcc/arm-none-eabi/13.3.1/../../../../arm-none-eabi/lib/thumb/v7e-m+fp/hard\libnosys.a
END GROUP
START GROUP
LOAD C:/ST/STM32CubeIDE_1.19.0/STM32CubeIDE/plugins/com.st.stm32cube.ide.mcu.externaltools.gnu-tools-for-stm32.13.3.rel1.win32_1.0.0.202411081344/tools/bin/../lib/gcc/arm-none-eabi/13.3.1/thumb/v7e-m+fp/hard\libgcc.a
LOAD C:/ST/STM32CubeIDE_1.19.0/STM32CubeIDE/plugins/com.st.stm32cube.ide.mcu.externaltools.gnu-tools-for-stm32.13.3.rel1.win32_1.0.0.202411081344/tools/bin/../lib/gcc/arm-none-eabi/13.3.1/../../../../arm-none-eabi/lib/thumb/v7e-m+fp/hard\libc_nano.a
LOAD C:/ST/STM32CubeIDE_1.19.0/STM32CubeIDE/plugins/com.st.stm32cube.ide.mcu.externaltools.gnu-tools-for-stm32.13.3.rel1.win32_1.0.0.202411081344/tools/bin/../lib/gcc/arm-none-eabi/13.3.1/../../../../arm-none-eabi/lib/thumb/v7e-m+fp/hard\libnosys.a
END GROUP
LOAD C:/ST/STM32CubeIDE_1.19.0/STM32CubeIDE/plugins/com.st.stm32cube.ide.mcu.externaltools.gnu-tools-for-stm32.13.3.rel1.win32_1.0.0.202411081344/tools/bin/../lib/gcc/arm-none-eabi/13.3.1/thumb/v7e-m+fp/hard/crtend.o
LOAD C:/ST/STM32CubeIDE_1.19.0/STM32CubeIDE/plugins/com.st.stm32cube.ide.mcu.externaltools.gnu-tools-for-stm32.13.3.rel1.win32_1.0.0.202411081344/tools/bin/../lib/gcc/arm-none-eabi/13.3.1/thumb/v7e-m+fp/hard/crtn.o
                0x20020000                        _estack = (ORIGIN (RAM) + LENGTH (RAM))
                0x00000200                        _Min_Heap_Size = 0x200
                0x00000400                        _Min_Stack_Size = 0x400

.isr_vector     0x08000000      0x198
                0x08000000                        . = ALIGN (0x4)
 *(.isr_vector)
 .isr_vector    0x08000000      0x198 ./Core/Startup/startup_stm32f411ceux.o
                0x08000000                g_pfnVectors
                0x08000198                        . = ALIGN (0x4)

.text           0x080001a0     0xbc68
                0x080001a0                        . = ALIGN (0x4)
 *(.text)
 .text          0x080001a0       0x40 C:/ST/STM32CubeIDE_1.19.0/STM32CubeIDE/plugins/com.st.stm32cube.ide.mcu.externaltools.gnu-tools-for-stm32.13.3.rel1.win32_1.0.0.202411081344/tools/bin/../lib/gcc/arm-none-eabi/13.3.1/thumb/v7e-m+fp/hard/crtbegin.o
 .text          0x080001e0       0x10 C:/ST/STM32CubeIDE_1.19.0/STM32CubeIDE/plugins/com.st.stm32cube.ide.mcu.externaltools.gnu-tools-for-stm32.13.3.rel1.win32_1.0.0.202411081344/tools/bin/../lib/gcc/arm-none-eabi/13.3.1/../../../../arm-none-eabi/lib/thumb/v7e-m+fp/hard\libc_nano.a(libc_a-strlen.o)
                0x080001e0                strlen
 .text          0x080001f0       0xa0 C:/ST/STM32CubeIDE_1.19.0/STM32CubeIDE/plugins/com.st.stm32cube.ide.mcu.externaltools.gnu-tools-for-stm32.13.3.rel1.win32_1.0.0.202411081344/tools/bin/../lib/gcc/arm-none-eabi/13.3.1/../../../../arm-none-eabi/lib/thumb/v7e-m+fp/hard\libc_nano.a(libc_a-memchr.o)
                0x080001f0                memchr
 .text          0x08000290      0x378 C:/ST/STM32CubeIDE_1.19.0/STM32CubeIDE/plugins/com.st.stm32cube.ide.mcu.externaltools.gnu-tools-for-stm32.13.3.rel1.win32_1.0.0.202411081344/tools/bin/../lib/gcc/arm-none-eabi/13.3.1/thumb/v7e-m+fp/hard\libgcc.a(_arm_addsubdf3.o)
                0x08000290                __aeabi_drsub
                0x08000298                __aeabi_dsub
                0x08000298                __subdf3
                0x0800029c                __aeabi_dadd
                0x0800029c                __adddf3
                0x08000514                __floatunsidf
                0x08000514                __aeabi_ui2d
                0x08000534                __floatsidf
                0x08000534                __aeabi_i2d
                0x08000558                __aeabi_f2d
                0x08000558                __extendsfdf2
                0x0800059c                __floatundidf
                0x0800059c                __aeabi_ul2d
                0x080005ac                __floatdidf
                0x080005ac                __aeabi_l2d
 .text          0x08000608      0x424 C:/ST/STM32CubeIDE_1.19.0/STM32CubeIDE/plugins/com.st.stm32cube.ide.mcu.externaltools.gnu-tools-for-stm32.13.3.rel1.win32_1.0.0.202411081344/tools/bin/../lib/gcc/arm-none-eabi/13.3.1/thumb/v7e-m+fp/hard\libgcc.a(_arm_muldivdf3.o)
                0x08000608                __aeabi_dmul
                0x08000608                __muldf3
                0x0800085c                __divdf3
                0x0800085c                __aeabi_ddiv
 .text          0x08000a2c      0x110 C:/ST/STM32CubeIDE_1.19.0/STM32CubeIDE/plugins/com.st.stm32cube.ide.mcu.externaltools.gnu-tools-for-stm32.13.3.rel1.win32_1.0.0.202411081344/tools/bin/../lib/gcc/arm-none-eabi/13.3.1/thumb/v7e-m+fp/hard\libgcc.a(_arm_cmpdf2.o)
                0x08000a2c                __gtdf2
                0x08000a2c                __gedf2
                0x08000a34                __ltdf2
                0x08000a34                __ledf2
                0x08000a3c                __nedf2
                0x08000a3c                __eqdf2
                0x08000a3c                __cmpdf2
                0x08000ab8                __aeabi_cdrcmple
                0x08000ac8                __aeabi_cdcmpeq
                0x08000ac8                __aeabi_cdcmple
                0x08000ad8                __aeabi_dcmpeq
                0x08000aec                __aeabi_dcmplt
                0x08000b00                __aeabi_dcmple
                0x08000b14                __aeabi_dcmpge
                0x08000b28                __aeabi_dcmpgt
 .text          0x08000b3c       0x50 C:/ST/STM32CubeIDE_1.19.0/STM32CubeIDE/plugins/com.st.stm32cube.ide.mcu.externaltools.gnu-tools-for-stm32.13.3.rel1.win32_1.0.0.202411081344/tools/bin/../lib/gcc/arm-none-eabi/13.3.1/thumb/v7e-m+fp/hard\libgcc.a(_arm_fixdfsi.o)
                0x08000b3c                __aeabi_d2iz
                0x08000b3c                __fixdfsi
 .text          0x08000b8c       0x40 C:/ST/STM32CubeIDE_1.19.0/STM32CubeIDE/plugins/com.st.stm32cube.ide.mcu.externaltools.gnu-tools-for-stm32.13.3.rel1.win32_1.0.0.202411081344/tools/bin/../lib/gcc/arm-none-eabi/13.3.1/thumb/v7e-m+fp/hard\libgcc.a(_arm_fixunsdfsi.o)
                0x08000b8c                __aeabi_d2uiz
                0x08000b8c                __fixunsdfsi
 .text          0x08000bcc       0xa0 C:/ST/STM32CubeIDE_1.19.0/STM32CubeIDE/plugins/com.st.stm32cube.ide.mcu.externaltools.gnu-tools-for-stm32.13.3.rel1.win32_1.0.0.202411081344/tools/bin/../lib/gcc/arm-none-eabi/13.3.1/thumb/v7e-m+fp/hard\libgcc.a(_arm_truncdfsf2.o)
                0x08000bcc                __truncdfsf2
                0x08000bcc                __aeabi_d2f
 .text          0x08000c6c       0x30 C:/ST/STM32CubeIDE_1.19.0/STM32CubeIDE/plugins/com.st.stm32cube.ide.mcu.externaltools.gnu-tools-for-stm32.13.3.rel1.win32_1.0.0.202411081344/tools/bin/../lib/gcc/arm-none-eabi/13.3.1/thumb/v7e-m+fp/hard\libgcc.a(_aeabi_uldivmod.o)
                0x08000c6c                __aeabi_uldivmod
 .text          0x08000c9c      0x2f8 C:/ST/STM32CubeIDE_1.19.0/STM32CubeIDE/plugins/com.st.stm32cube.ide.mcu.externaltools.gnu-tools-for-stm32.13.3.rel1.win32_1.0.0.202411081344/tools/bin/../lib/gcc/arm-none-eabi/13.3.1/thumb/v7e-m+fp/hard\libgcc.a(_udivmoddi4.o)
                0x08000c9c                __udivmoddi4
 .text          0x08000f94        0x4 C:/ST/STM32CubeIDE_1.19.0/STM32CubeIDE/plugins/com.st.stm32cube.ide.mcu.externaltools.gnu-tools-for-stm32.13.3.rel1.win32_1.0.0.202411081344/tools/bin/../lib/gcc/arm-none-eabi/13.3.1/thumb/v7e-m+fp/hard\libgcc.a(_dvmd_tls.o)
                0x08000f94                __aeabi_idiv0
                0x08000f94                __aeabi_ldiv0
 *(.text*)
 .text.Show_Score
                0x08000f98       0x24 ./Core/Src/Game_Dino.o
                0x08000f98                Show_Score
 .text.Show_Ground
                0x08000fbc       0xbc ./Core/Src/Game_Dino.o
                0x08000fbc                Show_Ground
 .text.Show_Barrier
                0x08001078       0x9c ./Core/Src/Game_Dino.o
                0x08001078                Show_Barrier
 .text.Show_Cloud
                0x08001114       0x30 ./Core/Src/Game_Dino.o
                0x08001114                Show_Cloud
 .text.Show_Dino
                0x08001144      0x11c ./Core/Src/Game_Dino.o
                0x08001144                Show_Dino
 .text.isColliding
                0x08001260       0xa0 ./Core/Src/Game_Dino.o
                0x08001260                isColliding
 .text.DinoGame_Animation
                0x08001300       0x84 ./Core/Src/Game_Dino.o
                0x08001300                DinoGame_Animation
 .text.Dino_Tick
                0x08001384       0xe4 ./Core/Src/Game_Dino.o
                0x08001384                Dino_Tick
 .text.DinoGame_Pos_Init
                0x08001468       0x6c ./Core/Src/Game_Dino.o
                0x08001468                DinoGame_Pos_Init
 .text.Game_Dino_Init
                0x080014d4       0x64 ./Core/Src/Game_Dino.o
                0x080014d4                Game_Dino_Init
 .text.Game_Snake_Show_Tile_8x8
                0x08001538       0x68 ./Core/Src/Game_Snake.o
                0x08001538                Game_Snake_Show_Tile_8x8
 .text.Map_Clear
                0x080015a0       0x60 ./Core/Src/Game_Snake.o
                0x080015a0                Map_Clear
 .text.Map_Update
                0x08001600       0x74 ./Core/Src/Game_Snake.o
                0x08001600                Map_Update
 .text.RandFood
                0x08001674       0xa4 ./Core/Src/Game_Snake.o
                0x08001674                RandFood
 .text.Game_Snake_Advance
                0x08001718      0x1fc ./Core/Src/Game_Snake.o
                0x08001718                Game_Snake_Advance
 .text.Game_Snake_Play
                0x08001914      0x21c ./Core/Src/Game_Snake.o
                0x08001914                Game_Snake_Play
 .text.Game_Snake_Init
                0x08001b30      0x14c ./Core/Src/Game_Snake.o
                0x08001b30                Game_Snake_Init
 .text.menu_command_callback
                0x08001c7c      0x17c ./Core/Src/MENU.o
                0x08001c7c                menu_command_callback
 .text.MENU_UpdateActivity
                0x08001df8       0x44 ./Core/Src/MENU.o
                0x08001df8                MENU_UpdateActivity
 .text.MENU_CheckAutoSleep
                0x08001e3c       0x68 ./Core/Src/MENU.o
                0x08001e3c                MENU_CheckAutoSleep
 .text.MENU_UpdateTimer
                0x08001ea4       0x74 ./Core/Src/MENU.o
                0x08001ea4                MENU_UpdateTimer
 .text.MENU_ShowTimer
                0x08001f18       0x98 ./Core/Src/MENU.o
                0x08001f18                MENU_ShowTimer
 .text.MENU_ShowTimeUpAlert
                0x08001fb0       0xac ./Core/Src/MENU.o
                0x08001fb0                MENU_ShowTimeUpAlert
 .text.MENU_RunMenu
                0x0800205c       0x70 ./Core/Src/MENU.o
                0x0800205c                MENU_RunMenu
 .text.MENU_HandleInit
                0x080020cc       0xac ./Core/Src/MENU.o
                0x080020cc                MENU_HandleInit
 .text.MENU_ReceiveInputEvent
                0x08002178       0x48 ./Core/Src/MENU.o
                0x08002178                MENU_ReceiveInputEvent
 .text.MENU_Event_and_Action
                0x080021c0       0xc4 ./Core/Src/MENU.o
                0x080021c0                MENU_Event_and_Action
 .text.MENU_UpdateIndex
                0x08002284       0xfa ./Core/Src/MENU.o
                0x08002284                MENU_UpdateIndex
 *fill*         0x0800237e        0x2 
 .text.MENU_ShowOptionList
                0x08002380      0x264 ./Core/Src/MENU.o
                0x08002380                MENU_ShowOptionList
 .text.MENU_ShowOption
                0x080025e4      0x158 ./Core/Src/MENU.o
                0x080025e4                MENU_ShowOption
 *fill*         0x0800273c        0x4 
 .text.MENU_ShowCursor
                0x08002740      0x94c ./Core/Src/MENU.o
                0x08002740                MENU_ShowCursor
 .text.MENU_RunMainMenu
                0x0800308c       0x14 ./Core/Src/MENU.o
                0x0800308c                MENU_RunMainMenu
 .text.MENU_RunToolsMenu
                0x080030a0       0x14 ./Core/Src/MENU.o
                0x080030a0                MENU_RunToolsMenu
 .text.MENU_RunGamesMenu
                0x080030b4       0x14 ./Core/Src/MENU.o
                0x080030b4                MENU_RunGamesMenu
 .text.MENU_RunTestLongMenu
                0x080030c8       0x14 ./Core/Src/MENU.o
                0x080030c8                MENU_RunTestLongMenu
 .text.MENU_Information
                0x080030dc       0x9c ./Core/Src/MENU.o
                0x080030dc                MENU_Information
 .text.MENU_RunSettingMenu
                0x08003178       0x14 ./Core/Src/MENU.o
                0x08003178                MENU_RunSettingMenu
 .text.MENU_DisplaySetting
                0x0800318c      0x120 ./Core/Src/MENU.o
                0x0800318c                MENU_DisplaySetting
 .text.MENU_SleepSetting
                0x080032ac      0x1b0 ./Core/Src/MENU.o
                0x080032ac                MENU_SleepSetting
 .text.MENU_SystemSetting
                0x0800345c      0x100 ./Core/Src/MENU.o
                0x0800345c                MENU_SystemSetting
 .text.MENU_AboutSetting
                0x0800355c       0x8c ./Core/Src/MENU.o
                0x0800355c                MENU_AboutSetting
 .text.MENU_DrawScrollBar
                0x080035e8      0x258 ./Core/Src/MENU.o
                0x080035e8                MENU_DrawScrollBar
 .text.MENU_DrawProgressBar
                0x08003840       0x8c ./Core/Src/MENU.o
                0x08003840                MENU_DrawProgressBar
 .text.Update_FPS_Counter
                0x080038cc       0x4c ./Core/Src/MENU.o
                0x080038cc                Update_FPS_Counter
 .text.Get_Current_FPS
                0x08003918       0x18 ./Core/Src/MENU.o
                0x08003918                Get_Current_FPS
 .text.OLED_W_SCL
                0x08003930       0x34 ./Core/Src/OLED.o
                0x08003930                OLED_W_SCL
 .text.OLED_W_SDA
                0x08003964       0x34 ./Core/Src/OLED.o
                0x08003964                OLED_W_SDA
 .text.OLED_GPIO_Init
                0x08003998       0x42 ./Core/Src/OLED.o
                0x08003998                OLED_GPIO_Init
 .text.OLED_I2C_Start
                0x080039da       0x20 ./Core/Src/OLED.o
                0x080039da                OLED_I2C_Start
 .text.OLED_I2C_Stop
                0x080039fa       0x1a ./Core/Src/OLED.o
                0x080039fa                OLED_I2C_Stop
 .text.OLED_I2C_SendByte
                0x08003a14       0x5e ./Core/Src/OLED.o
                0x08003a14                OLED_I2C_SendByte
 .text.OLED_WriteCommand
                0x08003a72       0x2e ./Core/Src/OLED.o
                0x08003a72                OLED_WriteCommand
 .text.OLED_Init
                0x08003aa0       0x9e ./Core/Src/OLED.o
                0x08003aa0                OLED_Init
 .text.OLED_SetBrightness
                0x08003b3e       0x20 ./Core/Src/OLED.o
                0x08003b3e                OLED_SetBrightness
 .text.OLED_Pow
                0x08003b5e       0x32 ./Core/Src/OLED.o
                0x08003b5e                OLED_Pow
 .text.OLED_Update
                0x08003b90       0x90 ./Core/Src/OLED.o
                0x08003b90                OLED_Update
 .text.OLED_Clear
                0x08003c20       0x50 ./Core/Src/OLED.o
                0x08003c20                OLED_Clear
 .text.OLED_ClearArea
                0x08003c70       0xec ./Core/Src/OLED.o
                0x08003c70                OLED_ClearArea
 .text.OLED_ReverseArea
                0x08003d5c       0xe8 ./Core/Src/OLED.o
                0x08003d5c                OLED_ReverseArea
 .text.OLED_ShowChar
                0x08003e44       0x7c ./Core/Src/OLED.o
                0x08003e44                OLED_ShowChar
 .text.OLED_ShowString
                0x08003ec0       0x60 ./Core/Src/OLED.o
                0x08003ec0                OLED_ShowString
 .text.OLED_ShowNum
                0x08003f20       0x90 ./Core/Src/OLED.o
                0x08003f20                OLED_ShowNum
 .text.OLED_ShowImage
                0x08003fb0      0x1c8 ./Core/Src/OLED.o
                0x08003fb0                OLED_ShowImage
 .text.OLED_DrawPoint
                0x08004178       0x94 ./Core/Src/OLED.o
                0x08004178                OLED_DrawPoint
 .text.OLED_DrawLine
                0x0800420c      0x2b2 ./Core/Src/OLED.o
                0x0800420c                OLED_DrawLine
 .text.OLED_DrawRectangle
                0x080044be      0x120 ./Core/Src/OLED.o
                0x080044be                OLED_DrawRectangle
 *fill*         0x080045de        0x2 
 .text.TIM_EC11_Init
                0x080045e0       0x1c ./Core/Src/TIM_EC11.o
                0x080045e0                TIM_EC11_Init
 .text.KeyPress
                0x080045fc       0xe0 ./Core/Src/TIM_EC11.o
                0x080045fc                KeyPress
 .text.Encoder_RawDelta
                0x080046dc       0x5c ./Core/Src/TIM_EC11.o
                0x080046dc                Encoder_RawDelta
 .text.Encoder_Roll
                0x08004738      0x200 ./Core/Src/TIM_EC11.o
                0x08004738                Encoder_Roll
 .text.MX_FREERTOS_Init
                0x08004938       0x8c ./Core/Src/freertos.o
                0x08004938                MX_FREERTOS_Init
 .text.StartInputTask
                0x080049c4       0x34 ./Core/Src/freertos.o
                0x080049c4                StartInputTask
 .text.StartMenuTask
                0x080049f8       0x1a ./Core/Src/freertos.o
                0x080049f8                StartMenuTask
 *fill*         0x08004a12        0x2 
 .text.StartLEDTask
                0x08004a14       0x24 ./Core/Src/freertos.o
                0x08004a14                StartLEDTask
 .text.MX_GPIO_Init
                0x08004a38      0x108 ./Core/Src/gpio.o
                0x08004a38                MX_GPIO_Init
 .text.Input_GetEvent
                0x08004b40       0x88 ./Core/Src/input.o
                0x08004b40                Input_GetEvent
 .text.main     0x08004bc8       0x3a ./Core/Src/main.o
                0x08004bc8                main
 *fill*         0x08004c02        0x2 
 .text.SystemClock_Config
                0x08004c04       0xd0 ./Core/Src/main.o
                0x08004c04                SystemClock_Config
 .text.HAL_TIM_PeriodElapsedCallback
                0x08004cd4       0x1e ./Core/Src/main.o
                0x08004cd4                HAL_TIM_PeriodElapsedCallback
 .text.Error_Handler
                0x08004cf2        0xc ./Core/Src/main.o
                0x08004cf2                Error_Handler
 *fill*         0x08004cfe        0x2 
 .text.HAL_MspInit
                0x08004d00       0x58 ./Core/Src/stm32f4xx_hal_msp.o
                0x08004d00                HAL_MspInit
 .text.HAL_InitTick
                0x08004d58       0xf8 ./Core/Src/stm32f4xx_hal_timebase_tim.o
                0x08004d58                HAL_InitTick
 .text.NMI_Handler
                0x08004e50        0x8 ./Core/Src/stm32f4xx_it.o
                0x08004e50                NMI_Handler
 .text.HardFault_Handler
                0x08004e58        0x8 ./Core/Src/stm32f4xx_it.o
                0x08004e58                HardFault_Handler
 .text.MemManage_Handler
                0x08004e60        0x8 ./Core/Src/stm32f4xx_it.o
                0x08004e60                MemManage_Handler
 .text.BusFault_Handler
                0x08004e68        0x8 ./Core/Src/stm32f4xx_it.o
                0x08004e68                BusFault_Handler
 .text.UsageFault_Handler
                0x08004e70        0x8 ./Core/Src/stm32f4xx_it.o
                0x08004e70                UsageFault_Handler
 .text.DebugMon_Handler
                0x08004e78        0xe ./Core/Src/stm32f4xx_it.o
                0x08004e78                DebugMon_Handler
 *fill*         0x08004e86        0x2 
 .text.TIM2_IRQHandler
                0x08004e88       0x14 ./Core/Src/stm32f4xx_it.o
                0x08004e88                TIM2_IRQHandler
 .text._getpid  0x08004e9c       0x10 ./Core/Src/syscalls.o
                0x08004e9c                _getpid
 .text._kill    0x08004eac       0x20 ./Core/Src/syscalls.o
                0x08004eac                _kill
 .text._exit    0x08004ecc       0x16 ./Core/Src/syscalls.o
                0x08004ecc                _exit
 .text._read    0x08004ee2       0x3a ./Core/Src/syscalls.o
                0x08004ee2                _read
 .text._write   0x08004f1c       0x38 ./Core/Src/syscalls.o
                0x08004f1c                _write
 .text._close   0x08004f54       0x18 ./Core/Src/syscalls.o
                0x08004f54                _close
 .text._fstat   0x08004f6c       0x20 ./Core/Src/syscalls.o
                0x08004f6c                _fstat
 .text._isatty  0x08004f8c       0x16 ./Core/Src/syscalls.o
                0x08004f8c                _isatty
 .text._lseek   0x08004fa2       0x1a ./Core/Src/syscalls.o
                0x08004fa2                _lseek
 .text._sbrk    0x08004fbc       0x6c ./Core/Src/sysmem.o
                0x08004fbc                _sbrk
 .text.SystemInit
                0x08005028       0x24 ./Core/Src/system_stm32f4xx.o
                0x08005028                SystemInit
 .text.MX_TIM1_Init
                0x0800504c       0xb0 ./Core/Src/tim.o
                0x0800504c                MX_TIM1_Init
 .text.HAL_TIM_Encoder_MspInit
                0x080050fc       0x90 ./Core/Src/tim.o
                0x080050fc                HAL_TIM_Encoder_MspInit
 .text.Reset_Handler
                0x0800518c       0x50 ./Core/Startup/startup_stm32f411ceux.o
                0x0800518c                Reset_Handler
 .text.Default_Handler
                0x080051dc        0x2 ./Core/Startup/startup_stm32f411ceux.o
                0x080051dc                RTC_Alarm_IRQHandler
                0x080051dc                EXTI2_IRQHandler
                0x080051dc                SPI4_IRQHandler
                0x080051dc                TIM1_CC_IRQHandler
                0x080051dc                DMA2_Stream5_IRQHandler
                0x080051dc                DMA1_Stream5_IRQHandler
                0x080051dc                PVD_IRQHandler
                0x080051dc                SDIO_IRQHandler
                0x080051dc                TAMP_STAMP_IRQHandler
                0x080051dc                EXTI3_IRQHandler
                0x080051dc                TIM1_UP_TIM10_IRQHandler
                0x080051dc                I2C3_ER_IRQHandler
                0x080051dc                EXTI0_IRQHandler
                0x080051dc                I2C2_EV_IRQHandler
                0x080051dc                DMA1_Stream2_IRQHandler
                0x080051dc                FPU_IRQHandler
                0x080051dc                DMA2_Stream2_IRQHandler
                0x080051dc                SPI1_IRQHandler
                0x080051dc                TIM1_BRK_TIM9_IRQHandler
                0x080051dc                DMA2_Stream3_IRQHandler
                0x080051dc                USART6_IRQHandler
                0x080051dc                DMA2_Stream0_IRQHandler
                0x080051dc                TIM4_IRQHandler
                0x080051dc                I2C1_EV_IRQHandler
                0x080051dc                DMA1_Stream6_IRQHandler
                0x080051dc                DMA1_Stream1_IRQHandler
                0x080051dc                TIM3_IRQHandler
                0x080051dc                RCC_IRQHandler
                0x080051dc                Default_Handler
                0x080051dc                EXTI15_10_IRQHandler
                0x080051dc                ADC_IRQHandler
                0x080051dc                DMA1_Stream7_IRQHandler
                0x080051dc                SPI5_IRQHandler
                0x080051dc                TIM5_IRQHandler
                0x080051dc                DMA2_Stream7_IRQHandler
                0x080051dc                I2C3_EV_IRQHandler
                0x080051dc                EXTI9_5_IRQHandler
                0x080051dc                RTC_WKUP_IRQHandler
                0x080051dc                SPI2_IRQHandler
                0x080051dc                DMA1_Stream0_IRQHandler
                0x080051dc                EXTI4_IRQHandler
                0x080051dc                WWDG_IRQHandler
                0x080051dc                OTG_FS_WKUP_IRQHandler
                0x080051dc                TIM1_TRG_COM_TIM11_IRQHandler
                0x080051dc                EXTI1_IRQHandler
                0x080051dc                USART2_IRQHandler
                0x080051dc                I2C2_ER_IRQHandler
                0x080051dc                DMA2_Stream1_IRQHandler
                0x080051dc                FLASH_IRQHandler
                0x080051dc                DMA2_Stream4_IRQHandler
                0x080051dc                USART1_IRQHandler
                0x080051dc                OTG_FS_IRQHandler
                0x080051dc                SPI3_IRQHandler
                0x080051dc                DMA1_Stream4_IRQHandler
                0x080051dc                I2C1_ER_IRQHandler
                0x080051dc                DMA2_Stream6_IRQHandler
                0x080051dc                DMA1_Stream3_IRQHandler
 *fill*         0x080051de        0x2 
 .text.HAL_Init
                0x080051e0       0x44 ./Drivers/STM32F4xx_HAL_Driver/stm32f4xx_hal.o
                0x080051e0                HAL_Init
 .text.HAL_IncTick
                0x08005224       0x28 ./Drivers/STM32F4xx_HAL_Driver/stm32f4xx_hal.o
                0x08005224                HAL_IncTick
 .text.HAL_GetTick
                0x0800524c       0x18 ./Drivers/STM32F4xx_HAL_Driver/stm32f4xx_hal.o
                0x0800524c                HAL_GetTick
 .text.HAL_Delay
                0x08005264       0x48 ./Drivers/STM32F4xx_HAL_Driver/stm32f4xx_hal.o
                0x08005264                HAL_Delay
 .text.__NVIC_SetPriorityGrouping
                0x080052ac       0x48 ./Drivers/STM32F4xx_HAL_Driver/stm32f4xx_hal_cortex.o
 .text.__NVIC_GetPriorityGrouping
                0x080052f4       0x1c ./Drivers/STM32F4xx_HAL_Driver/stm32f4xx_hal_cortex.o
 .text.__NVIC_EnableIRQ
                0x08005310       0x3c ./Drivers/STM32F4xx_HAL_Driver/stm32f4xx_hal_cortex.o
 .text.__NVIC_SetPriority
                0x0800534c       0x54 ./Drivers/STM32F4xx_HAL_Driver/stm32f4xx_hal_cortex.o
 .text.NVIC_EncodePriority
                0x080053a0       0x66 ./Drivers/STM32F4xx_HAL_Driver/stm32f4xx_hal_cortex.o
 .text.HAL_NVIC_SetPriorityGrouping
                0x08005406       0x16 ./Drivers/STM32F4xx_HAL_Driver/stm32f4xx_hal_cortex.o
                0x08005406                HAL_NVIC_SetPriorityGrouping
 .text.HAL_NVIC_SetPriority
                0x0800541c       0x38 ./Drivers/STM32F4xx_HAL_Driver/stm32f4xx_hal_cortex.o
                0x0800541c                HAL_NVIC_SetPriority
 .text.HAL_NVIC_EnableIRQ
                0x08005454       0x1c ./Drivers/STM32F4xx_HAL_Driver/stm32f4xx_hal_cortex.o
                0x08005454                HAL_NVIC_EnableIRQ
 .text.HAL_GPIO_Init
                0x08005470      0x308 ./Drivers/STM32F4xx_HAL_Driver/stm32f4xx_hal_gpio.o
                0x08005470                HAL_GPIO_Init
 .text.HAL_GPIO_ReadPin
                0x08005778       0x30 ./Drivers/STM32F4xx_HAL_Driver/stm32f4xx_hal_gpio.o
                0x08005778                HAL_GPIO_ReadPin
 .text.HAL_GPIO_WritePin
                0x080057a8       0x32 ./Drivers/STM32F4xx_HAL_Driver/stm32f4xx_hal_gpio.o
                0x080057a8                HAL_GPIO_WritePin
 .text.HAL_GPIO_TogglePin
                0x080057da       0x34 ./Drivers/STM32F4xx_HAL_Driver/stm32f4xx_hal_gpio.o
                0x080057da                HAL_GPIO_TogglePin
 *fill*         0x0800580e        0x2 
 .text.HAL_RCC_OscConfig
                0x08005810      0x4f0 ./Drivers/STM32F4xx_HAL_Driver/stm32f4xx_hal_rcc.o
                0x08005810                HAL_RCC_OscConfig
 .text.HAL_RCC_ClockConfig
                0x08005d00      0x1cc ./Drivers/STM32F4xx_HAL_Driver/stm32f4xx_hal_rcc.o
                0x08005d00                HAL_RCC_ClockConfig
 .text.HAL_RCC_GetSysClockFreq
                0x08005ecc      0x18c ./Drivers/STM32F4xx_HAL_Driver/stm32f4xx_hal_rcc.o
                0x08005ecc                HAL_RCC_GetSysClockFreq
 .text.HAL_RCC_GetHCLKFreq
                0x08006058       0x18 ./Drivers/STM32F4xx_HAL_Driver/stm32f4xx_hal_rcc.o
                0x08006058                HAL_RCC_GetHCLKFreq
 .text.HAL_RCC_GetPCLK1Freq
                0x08006070       0x28 ./Drivers/STM32F4xx_HAL_Driver/stm32f4xx_hal_rcc.o
                0x08006070                HAL_RCC_GetPCLK1Freq
 .text.HAL_RCC_GetClockConfig
                0x08006098       0x64 ./Drivers/STM32F4xx_HAL_Driver/stm32f4xx_hal_rcc.o
                0x08006098                HAL_RCC_GetClockConfig
 .text.HAL_TIM_Base_Init
                0x080060fc       0x9e ./Drivers/STM32F4xx_HAL_Driver/stm32f4xx_hal_tim.o
                0x080060fc                HAL_TIM_Base_Init
 .text.HAL_TIM_Base_MspInit
                0x0800619a       0x14 ./Drivers/STM32F4xx_HAL_Driver/stm32f4xx_hal_tim.o
                0x0800619a                HAL_TIM_Base_MspInit
 *fill*         0x080061ae        0x2 
 .text.HAL_TIM_Base_Start_IT
                0x080061b0       0xc4 ./Drivers/STM32F4xx_HAL_Driver/stm32f4xx_hal_tim.o
                0x080061b0                HAL_TIM_Base_Start_IT
 .text.HAL_TIM_Encoder_Init
                0x08006274      0x14c ./Drivers/STM32F4xx_HAL_Driver/stm32f4xx_hal_tim.o
                0x08006274                HAL_TIM_Encoder_Init
 .text.HAL_TIM_Encoder_Start
                0x080063c0      0x11c ./Drivers/STM32F4xx_HAL_Driver/stm32f4xx_hal_tim.o
                0x080063c0                HAL_TIM_Encoder_Start
 .text.HAL_TIM_IRQHandler
                0x080064dc      0x1e0 ./Drivers/STM32F4xx_HAL_Driver/stm32f4xx_hal_tim.o
                0x080064dc                HAL_TIM_IRQHandler
 .text.HAL_TIM_OC_DelayElapsedCallback
                0x080066bc       0x14 ./Drivers/STM32F4xx_HAL_Driver/stm32f4xx_hal_tim.o
                0x080066bc                HAL_TIM_OC_DelayElapsedCallback
 .text.HAL_TIM_IC_CaptureCallback
                0x080066d0       0x14 ./Drivers/STM32F4xx_HAL_Driver/stm32f4xx_hal_tim.o
                0x080066d0                HAL_TIM_IC_CaptureCallback
 .text.HAL_TIM_PWM_PulseFinishedCallback
                0x080066e4       0x14 ./Drivers/STM32F4xx_HAL_Driver/stm32f4xx_hal_tim.o
                0x080066e4                HAL_TIM_PWM_PulseFinishedCallback
 .text.HAL_TIM_TriggerCallback
                0x080066f8       0x14 ./Drivers/STM32F4xx_HAL_Driver/stm32f4xx_hal_tim.o
                0x080066f8                HAL_TIM_TriggerCallback
 .text.TIM_Base_SetConfig
                0x0800670c      0x10c ./Drivers/STM32F4xx_HAL_Driver/stm32f4xx_hal_tim.o
                0x0800670c                TIM_Base_SetConfig
 .text.TIM_CCxChannelCmd
                0x08006818       0x4a ./Drivers/STM32F4xx_HAL_Driver/stm32f4xx_hal_tim.o
                0x08006818                TIM_CCxChannelCmd
 *fill*         0x08006862        0x2 
 .text.HAL_TIMEx_MasterConfigSynchronization
                0x08006864       0xdc ./Drivers/STM32F4xx_HAL_Driver/stm32f4xx_hal_tim_ex.o
                0x08006864                HAL_TIMEx_MasterConfigSynchronization
 .text.HAL_TIMEx_CommutCallback
                0x08006940       0x14 ./Drivers/STM32F4xx_HAL_Driver/stm32f4xx_hal_tim_ex.o
                0x08006940                HAL_TIMEx_CommutCallback
 .text.HAL_TIMEx_BreakCallback
                0x08006954       0x14 ./Drivers/STM32F4xx_HAL_Driver/stm32f4xx_hal_tim_ex.o
                0x08006954                HAL_TIMEx_BreakCallback
 .text.__NVIC_SetPriority
                0x08006968       0x54 ./Middlewares/FreeRTOS/cmsis_os2.o
 .text.SysTick_Handler
                0x080069bc       0x20 ./Middlewares/FreeRTOS/cmsis_os2.o
                0x080069bc                SysTick_Handler
 .text.SVC_Setup
                0x080069dc       0x12 ./Middlewares/FreeRTOS/cmsis_os2.o
 *fill*         0x080069ee        0x2 
 .text.osKernelInitialize
                0x080069f0       0x48 ./Middlewares/FreeRTOS/cmsis_os2.o
                0x080069f0                osKernelInitialize
 .text.osKernelStart
                0x08006a38       0x4c ./Middlewares/FreeRTOS/cmsis_os2.o
                0x08006a38                osKernelStart
 .text.osThreadNew
                0x08006a84      0x124 ./Middlewares/FreeRTOS/cmsis_os2.o
                0x08006a84                osThreadNew
 .text.osDelay  0x08006ba8       0x36 ./Middlewares/FreeRTOS/cmsis_os2.o
                0x08006ba8                osDelay
 .text.osMessageQueueNew
                0x08006bde       0xe6 ./Middlewares/FreeRTOS/cmsis_os2.o
                0x08006bde                osMessageQueueNew
 .text.osMessageQueuePut
                0x08006cc4       0xc0 ./Middlewares/FreeRTOS/cmsis_os2.o
                0x08006cc4                osMessageQueuePut
 .text.osMessageQueueGet
                0x08006d84       0xbc ./Middlewares/FreeRTOS/cmsis_os2.o
                0x08006d84                osMessageQueueGet
 .text.vApplicationGetIdleTaskMemory
                0x08006e40       0x34 ./Middlewares/FreeRTOS/cmsis_os2.o
                0x08006e40                vApplicationGetIdleTaskMemory
 .text.vApplicationGetTimerTaskMemory
                0x08006e74       0x34 ./Middlewares/FreeRTOS/cmsis_os2.o
                0x08006e74                vApplicationGetTimerTaskMemory
 .text.pvPortMalloc
                0x08006ea8      0x19c ./Middlewares/FreeRTOS/heap_4.o
                0x08006ea8                pvPortMalloc
 .text.vPortFree
                0x08007044       0xc8 ./Middlewares/FreeRTOS/heap_4.o
                0x08007044                vPortFree
 .text.prvHeapInit
                0x0800710c       0xc4 ./Middlewares/FreeRTOS/heap_4.o
 .text.prvInsertBlockIntoFreeList
                0x080071d0       0xb4 ./Middlewares/FreeRTOS/heap_4.o
 .text.vListInitialise
                0x08007284       0x40 ./Middlewares/FreeRTOS/list.o
                0x08007284                vListInitialise
 .text.vListInitialiseItem
                0x080072c4       0x1a ./Middlewares/FreeRTOS/list.o
                0x080072c4                vListInitialiseItem
 .text.vListInsertEnd
                0x080072de       0x48 ./Middlewares/FreeRTOS/list.o
                0x080072de                vListInsertEnd
 .text.vListInsert
                0x08007326       0x72 ./Middlewares/FreeRTOS/list.o
                0x08007326                vListInsert
 .text.uxListRemove
                0x08007398       0x54 ./Middlewares/FreeRTOS/list.o
                0x08007398                uxListRemove
 .text.pxPortInitialiseStack
                0x080073ec       0x68 ./Middlewares/FreeRTOS/port.o
                0x080073ec                pxPortInitialiseStack
 .text.prvTaskExitError
                0x08007454       0x5c ./Middlewares/FreeRTOS/port.o
 .text.SVC_Handler
                0x080074b0       0x28 ./Middlewares/FreeRTOS/port.o
                0x080074b0                SVC_Handler
 .text.prvPortStartFirstTask
                0x080074d8       0x28 ./Middlewares/FreeRTOS/port.o
 .text.xPortStartScheduler
                0x08007500      0x148 ./Middlewares/FreeRTOS/port.o
                0x08007500                xPortStartScheduler
 .text.vPortEnterCritical
                0x08007648       0x64 ./Middlewares/FreeRTOS/port.o
                0x08007648                vPortEnterCritical
 .text.vPortExitCritical
                0x080076ac       0x54 ./Middlewares/FreeRTOS/port.o
                0x080076ac                vPortExitCritical
 .text.PendSV_Handler
                0x08007700       0x68 ./Middlewares/FreeRTOS/port.o
                0x08007700                PendSV_Handler
 .text.xPortSysTickHandler
                0x08007768       0x44 ./Middlewares/FreeRTOS/port.o
                0x08007768                xPortSysTickHandler
 .text.vPortSetupTimerInterrupt
                0x080077ac       0x48 ./Middlewares/FreeRTOS/port.o
                0x080077ac                vPortSetupTimerInterrupt
 .text.vPortEnableVFP
                0x080077f4       0x14 ./Middlewares/FreeRTOS/port.o
 .text.vPortValidateInterruptPriority
                0x08007808       0x84 ./Middlewares/FreeRTOS/port.o
                0x08007808                vPortValidateInterruptPriority
 .text.xQueueGenericReset
                0x0800788c       0xd4 ./Middlewares/FreeRTOS/queue.o
                0x0800788c                xQueueGenericReset
 .text.xQueueGenericCreateStatic
                0x08007960       0xfa ./Middlewares/FreeRTOS/queue.o
                0x08007960                xQueueGenericCreateStatic
 .text.xQueueGenericCreate
                0x08007a5a       0x76 ./Middlewares/FreeRTOS/queue.o
                0x08007a5a                xQueueGenericCreate
 .text.prvInitialiseNewQueue
                0x08007ad0       0x46 ./Middlewares/FreeRTOS/queue.o
 *fill*         0x08007b16        0x2 
 .text.xQueueGenericSend
                0x08007b18      0x204 ./Middlewares/FreeRTOS/queue.o
                0x08007b18                xQueueGenericSend
 .text.xQueueGenericSendFromISR
                0x08007d1c      0x13c ./Middlewares/FreeRTOS/queue.o
                0x08007d1c                xQueueGenericSendFromISR
 .text.xQueueReceive
                0x08007e58      0x1c4 ./Middlewares/FreeRTOS/queue.o
                0x08007e58                xQueueReceive
 .text.xQueueReceiveFromISR
                0x0800801c      0x104 ./Middlewares/FreeRTOS/queue.o
                0x0800801c                xQueueReceiveFromISR
 .text.prvCopyDataToQueue
                0x08008120       0xd4 ./Middlewares/FreeRTOS/queue.o
 .text.prvCopyDataFromQueue
                0x080081f4       0x4c ./Middlewares/FreeRTOS/queue.o
 .text.prvUnlockQueue
                0x08008240       0xa4 ./Middlewares/FreeRTOS/queue.o
 .text.prvIsQueueEmpty
                0x080082e4       0x2c ./Middlewares/FreeRTOS/queue.o
 .text.prvIsQueueFull
                0x08008310       0x30 ./Middlewares/FreeRTOS/queue.o
 .text.vQueueAddToRegistry
                0x08008340       0x54 ./Middlewares/FreeRTOS/queue.o
                0x08008340                vQueueAddToRegistry
 .text.vQueueWaitForMessageRestricted
                0x08008394       0x68 ./Middlewares/FreeRTOS/queue.o
                0x08008394                vQueueWaitForMessageRestricted
 .text.xTaskCreateStatic
                0x080083fc       0xc0 ./Middlewares/FreeRTOS/tasks.o
                0x080083fc                xTaskCreateStatic
 .text.xTaskCreate
                0x080084bc       0x8a ./Middlewares/FreeRTOS/tasks.o
                0x080084bc                xTaskCreate
 *fill*         0x08008546        0x2 
 .text.prvInitialiseNewTask
                0x08008548      0x150 ./Middlewares/FreeRTOS/tasks.o
 .text.prvAddNewTaskToReadyList
                0x08008698       0xe0 ./Middlewares/FreeRTOS/tasks.o
 .text.vTaskDelay
                0x08008778       0x6c ./Middlewares/FreeRTOS/tasks.o
                0x08008778                vTaskDelay
 .text.vTaskStartScheduler
                0x080087e4       0xe0 ./Middlewares/FreeRTOS/tasks.o
                0x080087e4                vTaskStartScheduler
 .text.vTaskSuspendAll
                0x080088c4       0x1c ./Middlewares/FreeRTOS/tasks.o
                0x080088c4                vTaskSuspendAll
 .text.xTaskResumeAll
                0x080088e0      0x13c ./Middlewares/FreeRTOS/tasks.o
                0x080088e0                xTaskResumeAll
 .text.xTaskGetTickCount
                0x08008a1c       0x20 ./Middlewares/FreeRTOS/tasks.o
                0x08008a1c                xTaskGetTickCount
 .text.xTaskIncrementTick
                0x08008a3c      0x174 ./Middlewares/FreeRTOS/tasks.o
                0x08008a3c                xTaskIncrementTick
 .text.vTaskSwitchContext
                0x08008bb0       0xcc ./Middlewares/FreeRTOS/tasks.o
                0x08008bb0                vTaskSwitchContext
 .text.vTaskPlaceOnEventList
                0x08008c7c       0x4c ./Middlewares/FreeRTOS/tasks.o
                0x08008c7c                vTaskPlaceOnEventList
 .text.vTaskPlaceOnEventListRestricted
                0x08008cc8       0x58 ./Middlewares/FreeRTOS/tasks.o
                0x08008cc8                vTaskPlaceOnEventListRestricted
 .text.xTaskRemoveFromEventList
                0x08008d20       0xc8 ./Middlewares/FreeRTOS/tasks.o
                0x08008d20                xTaskRemoveFromEventList
 .text.vTaskInternalSetTimeOutState
                0x08008de8       0x2c ./Middlewares/FreeRTOS/tasks.o
                0x08008de8                vTaskInternalSetTimeOutState
 .text.xTaskCheckForTimeOut
                0x08008e14       0xc8 ./Middlewares/FreeRTOS/tasks.o
                0x08008e14                xTaskCheckForTimeOut
 .text.vTaskMissedYield
                0x08008edc       0x18 ./Middlewares/FreeRTOS/tasks.o
                0x08008edc                vTaskMissedYield
 .text.prvIdleTask
                0x08008ef4       0x30 ./Middlewares/FreeRTOS/tasks.o
 .text.prvInitialiseTaskLists
                0x08008f24       0x80 ./Middlewares/FreeRTOS/tasks.o
 .text.prvCheckTasksWaitingTermination
                0x08008fa4       0x5c ./Middlewares/FreeRTOS/tasks.o
 .text.prvDeleteTCB
                0x08009000       0x6a ./Middlewares/FreeRTOS/tasks.o
 *fill*         0x0800906a        0x2 
 .text.prvResetNextTaskUnblockTime
                0x0800906c       0x40 ./Middlewares/FreeRTOS/tasks.o
 .text.xTaskGetSchedulerState
                0x080090ac       0x3c ./Middlewares/FreeRTOS/tasks.o
                0x080090ac                xTaskGetSchedulerState
 .text.xTaskPriorityDisinherit
                0x080090e8       0xe0 ./Middlewares/FreeRTOS/tasks.o
                0x080090e8                xTaskPriorityDisinherit
 .text.prvAddCurrentTaskToDelayedList
                0x080091c8       0xa8 ./Middlewares/FreeRTOS/tasks.o
 .text.xTimerCreateTimerTask
                0x08009270       0x94 ./Middlewares/FreeRTOS/timers.o
                0x08009270                xTimerCreateTimerTask
 .text.xTimerGenericCommand
                0x08009304       0x9c ./Middlewares/FreeRTOS/timers.o
                0x08009304                xTimerGenericCommand
 .text.prvProcessExpiredTimer
                0x080093a0       0x9c ./Middlewares/FreeRTOS/timers.o
 .text.prvTimerTask
                0x0800943c       0x26 ./Middlewares/FreeRTOS/timers.o
 *fill*         0x08009462        0x2 
 .text.prvProcessTimerOrBlockTask
                0x08009464       0x9c ./Middlewares/FreeRTOS/timers.o
 .text.prvGetNextExpireTime
                0x08009500       0x48 ./Middlewares/FreeRTOS/timers.o
 .text.prvSampleTimeNow
                0x08009548       0x40 ./Middlewares/FreeRTOS/timers.o
 .text.prvInsertTimerInActiveList
                0x08009588       0x84 ./Middlewares/FreeRTOS/timers.o
 .text.prvProcessReceivedCommands
                0x0800960c      0x1cc ./Middlewares/FreeRTOS/timers.o
 .text.prvSwitchTimerLists
                0x080097d8       0xcc ./Middlewares/FreeRTOS/timers.o
 .text.prvCheckForValidListAndQueue
                0x080098a4       0x80 ./Middlewares/FreeRTOS/timers.o
 .text.srand    0x08009924       0x5c C:/ST/STM32CubeIDE_1.19.0/STM32CubeIDE/plugins/com.st.stm32cube.ide.mcu.externaltools.gnu-tools-for-stm32.13.3.rel1.win32_1.0.0.202411081344/tools/bin/../lib/gcc/arm-none-eabi/13.3.1/../../../../arm-none-eabi/lib/thumb/v7e-m+fp/hard\libc_nano.a(libc_a-rand.o)
                0x08009924                srand
 .text.rand     0x08009980       0x7c C:/ST/STM32CubeIDE_1.19.0/STM32CubeIDE/plugins/com.st.stm32cube.ide.mcu.externaltools.gnu-tools-for-stm32.13.3.rel1.win32_1.0.0.202411081344/tools/bin/../lib/gcc/arm-none-eabi/13.3.1/../../../../arm-none-eabi/lib/thumb/v7e-m+fp/hard\libc_nano.a(libc_a-rand.o)
                0x08009980                rand
 .text.std      0x080099fc       0x6c C:/ST/STM32CubeIDE_1.19.0/STM32CubeIDE/plugins/com.st.stm32cube.ide.mcu.externaltools.gnu-tools-for-stm32.13.3.rel1.win32_1.0.0.202411081344/tools/bin/../lib/gcc/arm-none-eabi/13.3.1/../../../../arm-none-eabi/lib/thumb/v7e-m+fp/hard\libc_nano.a(libc_a-findfp.o)
 .text.stdio_exit_handler
                0x08009a68       0x18 C:/ST/STM32CubeIDE_1.19.0/STM32CubeIDE/plugins/com.st.stm32cube.ide.mcu.externaltools.gnu-tools-for-stm32.13.3.rel1.win32_1.0.0.202411081344/tools/bin/../lib/gcc/arm-none-eabi/13.3.1/../../../../arm-none-eabi/lib/thumb/v7e-m+fp/hard\libc_nano.a(libc_a-findfp.o)
 .text.cleanup_stdio
                0x08009a80       0x40 C:/ST/STM32CubeIDE_1.19.0/STM32CubeIDE/plugins/com.st.stm32cube.ide.mcu.externaltools.gnu-tools-for-stm32.13.3.rel1.win32_1.0.0.202411081344/tools/bin/../lib/gcc/arm-none-eabi/13.3.1/../../../../arm-none-eabi/lib/thumb/v7e-m+fp/hard\libc_nano.a(libc_a-findfp.o)
 .text.global_stdio_init.part.0
                0x08009ac0       0x3c C:/ST/STM32CubeIDE_1.19.0/STM32CubeIDE/plugins/com.st.stm32cube.ide.mcu.externaltools.gnu-tools-for-stm32.13.3.rel1.win32_1.0.0.202411081344/tools/bin/../lib/gcc/arm-none-eabi/13.3.1/../../../../arm-none-eabi/lib/thumb/v7e-m+fp/hard\libc_nano.a(libc_a-findfp.o)
 .text.__sfp_lock_acquire
                0x08009afc        0xc C:/ST/STM32CubeIDE_1.19.0/STM32CubeIDE/plugins/com.st.stm32cube.ide.mcu.externaltools.gnu-tools-for-stm32.13.3.rel1.win32_1.0.0.202411081344/tools/bin/../lib/gcc/arm-none-eabi/13.3.1/../../../../arm-none-eabi/lib/thumb/v7e-m+fp/hard\libc_nano.a(libc_a-findfp.o)
                0x08009afc                __sfp_lock_acquire
 .text.__sfp_lock_release
                0x08009b08        0xc C:/ST/STM32CubeIDE_1.19.0/STM32CubeIDE/plugins/com.st.stm32cube.ide.mcu.externaltools.gnu-tools-for-stm32.13.3.rel1.win32_1.0.0.202411081344/tools/bin/../lib/gcc/arm-none-eabi/13.3.1/../../../../arm-none-eabi/lib/thumb/v7e-m+fp/hard\libc_nano.a(libc_a-findfp.o)
                0x08009b08                __sfp_lock_release
 .text.__sinit  0x08009b14       0x30 C:/ST/STM32CubeIDE_1.19.0/STM32CubeIDE/plugins/com.st.stm32cube.ide.mcu.externaltools.gnu-tools-for-stm32.13.3.rel1.win32_1.0.0.202411081344/tools/bin/../lib/gcc/arm-none-eabi/13.3.1/../../../../arm-none-eabi/lib/thumb/v7e-m+fp/hard\libc_nano.a(libc_a-findfp.o)
                0x08009b14                __sinit
 .text._fwalk_sglue
                0x08009b44       0x3c C:/ST/STM32CubeIDE_1.19.0/STM32CubeIDE/plugins/com.st.stm32cube.ide.mcu.externaltools.gnu-tools-for-stm32.13.3.rel1.win32_1.0.0.202411081344/tools/bin/../lib/gcc/arm-none-eabi/13.3.1/../../../../arm-none-eabi/lib/thumb/v7e-m+fp/hard\libc_nano.a(libc_a-fwalk.o)
                0x08009b44                _fwalk_sglue
 .text.sprintf  0x08009b80       0x44 C:/ST/STM32CubeIDE_1.19.0/STM32CubeIDE/plugins/com.st.stm32cube.ide.mcu.externaltools.gnu-tools-for-stm32.13.3.rel1.win32_1.0.0.202411081344/tools/bin/../lib/gcc/arm-none-eabi/13.3.1/../../../../arm-none-eabi/lib/thumb/v7e-m+fp/hard\libc_nano.a(libc_a-sprintf.o)
                0x08009b80                siprintf
                0x08009b80                sprintf
 .text.__sread  0x08009bc4       0x22 C:/ST/STM32CubeIDE_1.19.0/STM32CubeIDE/plugins/com.st.stm32cube.ide.mcu.externaltools.gnu-tools-for-stm32.13.3.rel1.win32_1.0.0.202411081344/tools/bin/../lib/gcc/arm-none-eabi/13.3.1/../../../../arm-none-eabi/lib/thumb/v7e-m+fp/hard\libc_nano.a(libc_a-stdio.o)
                0x08009bc4                __sread
 .text.__swrite
                0x08009be6       0x38 C:/ST/STM32CubeIDE_1.19.0/STM32CubeIDE/plugins/com.st.stm32cube.ide.mcu.externaltools.gnu-tools-for-stm32.13.3.rel1.win32_1.0.0.202411081344/tools/bin/../lib/gcc/arm-none-eabi/13.3.1/../../../../arm-none-eabi/lib/thumb/v7e-m+fp/hard\libc_nano.a(libc_a-stdio.o)
                0x08009be6                __swrite
 .text.__sseek  0x08009c1e       0x24 C:/ST/STM32CubeIDE_1.19.0/STM32CubeIDE/plugins/com.st.stm32cube.ide.mcu.externaltools.gnu-tools-for-stm32.13.3.rel1.win32_1.0.0.202411081344/tools/bin/../lib/gcc/arm-none-eabi/13.3.1/../../../../arm-none-eabi/lib/thumb/v7e-m+fp/hard\libc_nano.a(libc_a-stdio.o)
                0x08009c1e                __sseek
 .text.__sclose
                0x08009c42        0x8 C:/ST/STM32CubeIDE_1.19.0/STM32CubeIDE/plugins/com.st.stm32cube.ide.mcu.externaltools.gnu-tools-for-stm32.13.3.rel1.win32_1.0.0.202411081344/tools/bin/../lib/gcc/arm-none-eabi/13.3.1/../../../../arm-none-eabi/lib/thumb/v7e-m+fp/hard\libc_nano.a(libc_a-stdio.o)
                0x08009c42                __sclose
 .text.memset   0x08009c4a       0x10 C:/ST/STM32CubeIDE_1.19.0/STM32CubeIDE/plugins/com.st.stm32cube.ide.mcu.externaltools.gnu-tools-for-stm32.13.3.rel1.win32_1.0.0.202411081344/tools/bin/../lib/gcc/arm-none-eabi/13.3.1/../../../../arm-none-eabi/lib/thumb/v7e-m+fp/hard\libc_nano.a(libc_a-memset.o)
                0x08009c4a                memset
 *fill*         0x08009c5a        0x2 
 .text._close_r
                0x08009c5c       0x20 C:/ST/STM32CubeIDE_1.19.0/STM32CubeIDE/plugins/com.st.stm32cube.ide.mcu.externaltools.gnu-tools-for-stm32.13.3.rel1.win32_1.0.0.202411081344/tools/bin/../lib/gcc/arm-none-eabi/13.3.1/../../../../arm-none-eabi/lib/thumb/v7e-m+fp/hard\libc_nano.a(libc_a-closer.o)
                0x08009c5c                _close_r
 .text._reclaim_reent
                0x08009c7c       0xbc C:/ST/STM32CubeIDE_1.19.0/STM32CubeIDE/plugins/com.st.stm32cube.ide.mcu.externaltools.gnu-tools-for-stm32.13.3.rel1.win32_1.0.0.202411081344/tools/bin/../lib/gcc/arm-none-eabi/13.3.1/../../../../arm-none-eabi/lib/thumb/v7e-m+fp/hard\libc_nano.a(libc_a-reent.o)
                0x08009c7c                _reclaim_reent
 .text._lseek_r
                0x08009d38       0x24 C:/ST/STM32CubeIDE_1.19.0/STM32CubeIDE/plugins/com.st.stm32cube.ide.mcu.externaltools.gnu-tools-for-stm32.13.3.rel1.win32_1.0.0.202411081344/tools/bin/../lib/gcc/arm-none-eabi/13.3.1/../../../../arm-none-eabi/lib/thumb/v7e-m+fp/hard\libc_nano.a(libc_a-lseekr.o)
                0x08009d38                _lseek_r
 .text._read_r  0x08009d5c       0x24 C:/ST/STM32CubeIDE_1.19.0/STM32CubeIDE/plugins/com.st.stm32cube.ide.mcu.externaltools.gnu-tools-for-stm32.13.3.rel1.win32_1.0.0.202411081344/tools/bin/../lib/gcc/arm-none-eabi/13.3.1/../../../../arm-none-eabi/lib/thumb/v7e-m+fp/hard\libc_nano.a(libc_a-readr.o)
                0x08009d5c                _read_r
 .text._write_r
                0x08009d80       0x24 C:/ST/STM32CubeIDE_1.19.0/STM32CubeIDE/plugins/com.st.stm32cube.ide.mcu.externaltools.gnu-tools-for-stm32.13.3.rel1.win32_1.0.0.202411081344/tools/bin/../lib/gcc/arm-none-eabi/13.3.1/../../../../arm-none-eabi/lib/thumb/v7e-m+fp/hard\libc_nano.a(libc_a-writer.o)
                0x08009d80                _write_r
 .text.__errno  0x08009da4        0xc C:/ST/STM32CubeIDE_1.19.0/STM32CubeIDE/plugins/com.st.stm32cube.ide.mcu.externaltools.gnu-tools-for-stm32.13.3.rel1.win32_1.0.0.202411081344/tools/bin/../lib/gcc/arm-none-eabi/13.3.1/../../../../arm-none-eabi/lib/thumb/v7e-m+fp/hard\libc_nano.a(libc_a-errno.o)
                0x08009da4                __errno
 .text.__libc_init_array
                0x08009db0       0x48 C:/ST/STM32CubeIDE_1.19.0/STM32CubeIDE/plugins/com.st.stm32cube.ide.mcu.externaltools.gnu-tools-for-stm32.13.3.rel1.win32_1.0.0.202411081344/tools/bin/../lib/gcc/arm-none-eabi/13.3.1/../../../../arm-none-eabi/lib/thumb/v7e-m+fp/hard\libc_nano.a(libc_a-init.o)
                0x08009db0                __libc_init_array
 .text.__retarget_lock_init_recursive
                0x08009df8        0x2 C:/ST/STM32CubeIDE_1.19.0/STM32CubeIDE/plugins/com.st.stm32cube.ide.mcu.externaltools.gnu-tools-for-stm32.13.3.rel1.win32_1.0.0.202411081344/tools/bin/../lib/gcc/arm-none-eabi/13.3.1/../../../../arm-none-eabi/lib/thumb/v7e-m+fp/hard\libc_nano.a(libc_a-lock.o)
                0x08009df8                __retarget_lock_init_recursive
 .text.__retarget_lock_acquire_recursive
                0x08009dfa        0x2 C:/ST/STM32CubeIDE_1.19.0/STM32CubeIDE/plugins/com.st.stm32cube.ide.mcu.externaltools.gnu-tools-for-stm32.13.3.rel1.win32_1.0.0.202411081344/tools/bin/../lib/gcc/arm-none-eabi/13.3.1/../../../../arm-none-eabi/lib/thumb/v7e-m+fp/hard\libc_nano.a(libc_a-lock.o)
                0x08009dfa                __retarget_lock_acquire_recursive
 .text.__retarget_lock_release_recursive
                0x08009dfc        0x2 C:/ST/STM32CubeIDE_1.19.0/STM32CubeIDE/plugins/com.st.stm32cube.ide.mcu.externaltools.gnu-tools-for-stm32.13.3.rel1.win32_1.0.0.202411081344/tools/bin/../lib/gcc/arm-none-eabi/13.3.1/../../../../arm-none-eabi/lib/thumb/v7e-m+fp/hard\libc_nano.a(libc_a-lock.o)
                0x08009dfc                __retarget_lock_release_recursive
 .text.memcpy   0x08009dfe       0x1c C:/ST/STM32CubeIDE_1.19.0/STM32CubeIDE/plugins/com.st.stm32cube.ide.mcu.externaltools.gnu-tools-for-stm32.13.3.rel1.win32_1.0.0.202411081344/tools/bin/../lib/gcc/arm-none-eabi/13.3.1/../../../../arm-none-eabi/lib/thumb/v7e-m+fp/hard\libc_nano.a(libc_a-memcpy-stub.o)
                0x08009dfe                memcpy
 *fill*         0x08009e1a        0x2 
 .text.__assert_func
                0x08009e1c       0x3c C:/ST/STM32CubeIDE_1.19.0/STM32CubeIDE/plugins/com.st.stm32cube.ide.mcu.externaltools.gnu-tools-for-stm32.13.3.rel1.win32_1.0.0.202411081344/tools/bin/../lib/gcc/arm-none-eabi/13.3.1/../../../../arm-none-eabi/lib/thumb/v7e-m+fp/hard\libc_nano.a(libc_a-assert.o)
                0x08009e1c                __assert_func
 .text._free_r  0x08009e58       0x94 C:/ST/STM32CubeIDE_1.19.0/STM32CubeIDE/plugins/com.st.stm32cube.ide.mcu.externaltools.gnu-tools-for-stm32.13.3.rel1.win32_1.0.0.202411081344/tools/bin/../lib/gcc/arm-none-eabi/13.3.1/../../../../arm-none-eabi/lib/thumb/v7e-m+fp/hard\libc_nano.a(libc_a-freer.o)
                0x08009e58                _free_r
 .text.malloc   0x08009eec       0x10 C:/ST/STM32CubeIDE_1.19.0/STM32CubeIDE/plugins/com.st.stm32cube.ide.mcu.externaltools.gnu-tools-for-stm32.13.3.rel1.win32_1.0.0.202411081344/tools/bin/../lib/gcc/arm-none-eabi/13.3.1/../../../../arm-none-eabi/lib/thumb/v7e-m+fp/hard\libc_nano.a(libc_a-malloc.o)
                0x08009eec                malloc
 .text.sbrk_aligned
                0x08009efc       0x44 C:/ST/STM32CubeIDE_1.19.0/STM32CubeIDE/plugins/com.st.stm32cube.ide.mcu.externaltools.gnu-tools-for-stm32.13.3.rel1.win32_1.0.0.202411081344/tools/bin/../lib/gcc/arm-none-eabi/13.3.1/../../../../arm-none-eabi/lib/thumb/v7e-m+fp/hard\libc_nano.a(libc_a-mallocr.o)
 .text._malloc_r
                0x08009f40      0x100 C:/ST/STM32CubeIDE_1.19.0/STM32CubeIDE/plugins/com.st.stm32cube.ide.mcu.externaltools.gnu-tools-for-stm32.13.3.rel1.win32_1.0.0.202411081344/tools/bin/../lib/gcc/arm-none-eabi/13.3.1/../../../../arm-none-eabi/lib/thumb/v7e-m+fp/hard\libc_nano.a(libc_a-mallocr.o)
                0x08009f40                _malloc_r
 .text.__malloc_lock
                0x0800a040        0xc C:/ST/STM32CubeIDE_1.19.0/STM32CubeIDE/plugins/com.st.stm32cube.ide.mcu.externaltools.gnu-tools-for-stm32.13.3.rel1.win32_1.0.0.202411081344/tools/bin/../lib/gcc/arm-none-eabi/13.3.1/../../../../arm-none-eabi/lib/thumb/v7e-m+fp/hard\libc_nano.a(libc_a-mlock.o)
                0x0800a040                __malloc_lock
 .text.__malloc_unlock
                0x0800a04c        0xc C:/ST/STM32CubeIDE_1.19.0/STM32CubeIDE/plugins/com.st.stm32cube.ide.mcu.externaltools.gnu-tools-for-stm32.13.3.rel1.win32_1.0.0.202411081344/tools/bin/../lib/gcc/arm-none-eabi/13.3.1/../../../../arm-none-eabi/lib/thumb/v7e-m+fp/hard\libc_nano.a(libc_a-mlock.o)
                0x0800a04c                __malloc_unlock
 .text.__ssputs_r
                0x0800a058       0xb6 C:/ST/STM32CubeIDE_1.19.0/STM32CubeIDE/plugins/com.st.stm32cube.ide.mcu.externaltools.gnu-tools-for-stm32.13.3.rel1.win32_1.0.0.202411081344/tools/bin/../lib/gcc/arm-none-eabi/13.3.1/../../../../arm-none-eabi/lib/thumb/v7e-m+fp/hard\libc_nano.a(libc_a-nano-svfprintf.o)
                0x0800a058                __ssputs_r
 *fill*         0x0800a10e        0x2 
 .text._svfprintf_r
                0x0800a110      0x1f8 C:/ST/STM32CubeIDE_1.19.0/STM32CubeIDE/plugins/com.st.stm32cube.ide.mcu.externaltools.gnu-tools-for-stm32.13.3.rel1.win32_1.0.0.202411081344/tools/bin/../lib/gcc/arm-none-eabi/13.3.1/../../../../arm-none-eabi/lib/thumb/v7e-m+fp/hard\libc_nano.a(libc_a-nano-svfprintf.o)
                0x0800a110                _svfiprintf_r
                0x0800a110                _svfprintf_r
 .text._printf_common
                0x0800a308       0xda C:/ST/STM32CubeIDE_1.19.0/STM32CubeIDE/plugins/com.st.stm32cube.ide.mcu.externaltools.gnu-tools-for-stm32.13.3.rel1.win32_1.0.0.202411081344/tools/bin/../lib/gcc/arm-none-eabi/13.3.1/../../../../arm-none-eabi/lib/thumb/v7e-m+fp/hard\libc_nano.a(libc_a-nano-vfprintf_i.o)
                0x0800a308                _printf_common
 *fill*         0x0800a3e2        0x2 
 .text._printf_i
                0x0800a3e4      0x23c C:/ST/STM32CubeIDE_1.19.0/STM32CubeIDE/plugins/com.st.stm32cube.ide.mcu.externaltools.gnu-tools-for-stm32.13.3.rel1.win32_1.0.0.202411081344/tools/bin/../lib/gcc/arm-none-eabi/13.3.1/../../../../arm-none-eabi/lib/thumb/v7e-m+fp/hard\libc_nano.a(libc_a-nano-vfprintf_i.o)
                0x0800a3e4                _printf_i
 .text.__sflush_r
                0x0800a620      0x108 C:/ST/STM32CubeIDE_1.19.0/STM32CubeIDE/plugins/com.st.stm32cube.ide.mcu.externaltools.gnu-tools-for-stm32.13.3.rel1.win32_1.0.0.202411081344/tools/bin/../lib/gcc/arm-none-eabi/13.3.1/../../../../arm-none-eabi/lib/thumb/v7e-m+fp/hard\libc_nano.a(libc_a-fflush.o)
                0x0800a620                __sflush_r
 .text._fflush_r
                0x0800a728       0x50 C:/ST/STM32CubeIDE_1.19.0/STM32CubeIDE/plugins/com.st.stm32cube.ide.mcu.externaltools.gnu-tools-for-stm32.13.3.rel1.win32_1.0.0.202411081344/tools/bin/../lib/gcc/arm-none-eabi/13.3.1/../../../../arm-none-eabi/lib/thumb/v7e-m+fp/hard\libc_nano.a(libc_a-fflush.o)
                0x0800a728                _fflush_r
 .text.fprintf  0x0800a778       0x24 C:/ST/STM32CubeIDE_1.19.0/STM32CubeIDE/plugins/com.st.stm32cube.ide.mcu.externaltools.gnu-tools-for-stm32.13.3.rel1.win32_1.0.0.202411081344/tools/bin/../lib/gcc/arm-none-eabi/13.3.1/../../../../arm-none-eabi/lib/thumb/v7e-m+fp/hard\libc_nano.a(libc_a-fprintf.o)
                0x0800a778                fiprintf
                0x0800a778                fprintf
 .text.memmove  0x0800a79c       0x34 C:/ST/STM32CubeIDE_1.19.0/STM32CubeIDE/plugins/com.st.stm32cube.ide.mcu.externaltools.gnu-tools-for-stm32.13.3.rel1.win32_1.0.0.202411081344/tools/bin/../lib/gcc/arm-none-eabi/13.3.1/../../../../arm-none-eabi/lib/thumb/v7e-m+fp/hard\libc_nano.a(libc_a-memmove.o)
                0x0800a79c                memmove
 .text._sbrk_r  0x0800a7d0       0x20 C:/ST/STM32CubeIDE_1.19.0/STM32CubeIDE/plugins/com.st.stm32cube.ide.mcu.externaltools.gnu-tools-for-stm32.13.3.rel1.win32_1.0.0.202411081344/tools/bin/../lib/gcc/arm-none-eabi/13.3.1/../../../../arm-none-eabi/lib/thumb/v7e-m+fp/hard\libc_nano.a(libc_a-sbrkr.o)
                0x0800a7d0                _sbrk_r
 .text.abort    0x0800a7f0        0xe C:/ST/STM32CubeIDE_1.19.0/STM32CubeIDE/plugins/com.st.stm32cube.ide.mcu.externaltools.gnu-tools-for-stm32.13.3.rel1.win32_1.0.0.202411081344/tools/bin/../lib/gcc/arm-none-eabi/13.3.1/../../../../arm-none-eabi/lib/thumb/v7e-m+fp/hard\libc_nano.a(libc_a-abort.o)
                0x0800a7f0                abort
 .text._realloc_r
                0x0800a7fe       0x5c C:/ST/STM32CubeIDE_1.19.0/STM32CubeIDE/plugins/com.st.stm32cube.ide.mcu.externaltools.gnu-tools-for-stm32.13.3.rel1.win32_1.0.0.202411081344/tools/bin/../lib/gcc/arm-none-eabi/13.3.1/../../../../arm-none-eabi/lib/thumb/v7e-m+fp/hard\libc_nano.a(libc_a-reallocr.o)
                0x0800a7fe                _realloc_r
 .text.__sfputc_r
                0x0800a85a       0x2e C:/ST/STM32CubeIDE_1.19.0/STM32CubeIDE/plugins/com.st.stm32cube.ide.mcu.externaltools.gnu-tools-for-stm32.13.3.rel1.win32_1.0.0.202411081344/tools/bin/../lib/gcc/arm-none-eabi/13.3.1/../../../../arm-none-eabi/lib/thumb/v7e-m+fp/hard\libc_nano.a(libc_a-nano-vfprintf.o)
 .text.__sfputs_r
                0x0800a888       0x24 C:/ST/STM32CubeIDE_1.19.0/STM32CubeIDE/plugins/com.st.stm32cube.ide.mcu.externaltools.gnu-tools-for-stm32.13.3.rel1.win32_1.0.0.202411081344/tools/bin/../lib/gcc/arm-none-eabi/13.3.1/../../../../arm-none-eabi/lib/thumb/v7e-m+fp/hard\libc_nano.a(libc_a-nano-vfprintf.o)
                0x0800a888                __sfputs_r
 .text._vfprintf_r
                0x0800a8ac      0x230 C:/ST/STM32CubeIDE_1.19.0/STM32CubeIDE/plugins/com.st.stm32cube.ide.mcu.externaltools.gnu-tools-for-stm32.13.3.rel1.win32_1.0.0.202411081344/tools/bin/../lib/gcc/arm-none-eabi/13.3.1/../../../../arm-none-eabi/lib/thumb/v7e-m+fp/hard\libc_nano.a(libc_a-nano-vfprintf.o)
                0x0800a8ac                _vfprintf_r
                0x0800a8ac                _vfiprintf_r
 .text.__swbuf_r
                0x0800aadc       0x7c C:/ST/STM32CubeIDE_1.19.0/STM32CubeIDE/plugins/com.st.stm32cube.ide.mcu.externaltools.gnu-tools-for-stm32.13.3.rel1.win32_1.0.0.202411081344/tools/bin/../lib/gcc/arm-none-eabi/13.3.1/../../../../arm-none-eabi/lib/thumb/v7e-m+fp/hard\libc_nano.a(libc_a-wbuf.o)
                0x0800aadc                __swbuf_r
 .text.__swsetup_r
                0x0800ab58       0xac C:/ST/STM32CubeIDE_1.19.0/STM32CubeIDE/plugins/com.st.stm32cube.ide.mcu.externaltools.gnu-tools-for-stm32.13.3.rel1.win32_1.0.0.202411081344/tools/bin/../lib/gcc/arm-none-eabi/13.3.1/../../../../arm-none-eabi/lib/thumb/v7e-m+fp/hard\libc_nano.a(libc_a-wsetup.o)
                0x0800ab58                __swsetup_r
 .text._raise_r
                0x0800ac04       0x50 C:/ST/STM32CubeIDE_1.19.0/STM32CubeIDE/plugins/com.st.stm32cube.ide.mcu.externaltools.gnu-tools-for-stm32.13.3.rel1.win32_1.0.0.202411081344/tools/bin/../lib/gcc/arm-none-eabi/13.3.1/../../../../arm-none-eabi/lib/thumb/v7e-m+fp/hard\libc_nano.a(libc_a-signal.o)
                0x0800ac04                _raise_r
 .text.raise    0x0800ac54       0x10 C:/ST/STM32CubeIDE_1.19.0/STM32CubeIDE/plugins/com.st.stm32cube.ide.mcu.externaltools.gnu-tools-for-stm32.13.3.rel1.win32_1.0.0.202411081344/tools/bin/../lib/gcc/arm-none-eabi/13.3.1/../../../../arm-none-eabi/lib/thumb/v7e-m+fp/hard\libc_nano.a(libc_a-signal.o)
                0x0800ac54                raise
 .text._kill_r  0x0800ac64       0x24 C:/ST/STM32CubeIDE_1.19.0/STM32CubeIDE/plugins/com.st.stm32cube.ide.mcu.externaltools.gnu-tools-for-stm32.13.3.rel1.win32_1.0.0.202411081344/tools/bin/../lib/gcc/arm-none-eabi/13.3.1/../../../../arm-none-eabi/lib/thumb/v7e-m+fp/hard\libc_nano.a(libc_a-signalr.o)
                0x0800ac64                _kill_r
 .text._getpid_r
                0x0800ac88        0x4 C:/ST/STM32CubeIDE_1.19.0/STM32CubeIDE/plugins/com.st.stm32cube.ide.mcu.externaltools.gnu-tools-for-stm32.13.3.rel1.win32_1.0.0.202411081344/tools/bin/../lib/gcc/arm-none-eabi/13.3.1/../../../../arm-none-eabi/lib/thumb/v7e-m+fp/hard\libc_nano.a(libc_a-signalr.o)
                0x0800ac88                _getpid_r
 .text._malloc_usable_size_r
                0x0800ac8c       0x10 C:/ST/STM32CubeIDE_1.19.0/STM32CubeIDE/plugins/com.st.stm32cube.ide.mcu.externaltools.gnu-tools-for-stm32.13.3.rel1.win32_1.0.0.202411081344/tools/bin/../lib/gcc/arm-none-eabi/13.3.1/../../../../arm-none-eabi/lib/thumb/v7e-m+fp/hard\libc_nano.a(libc_a-msizer.o)
                0x0800ac8c                _malloc_usable_size_r
 .text.__swhatbuf_r
                0x0800ac9c       0x4c C:/ST/STM32CubeIDE_1.19.0/STM32CubeIDE/plugins/com.st.stm32cube.ide.mcu.externaltools.gnu-tools-for-stm32.13.3.rel1.win32_1.0.0.202411081344/tools/bin/../lib/gcc/arm-none-eabi/13.3.1/../../../../arm-none-eabi/lib/thumb/v7e-m+fp/hard\libc_nano.a(libc_a-makebuf.o)
                0x0800ac9c                __swhatbuf_r
 .text.__smakebuf_r
                0x0800ace8       0x78 C:/ST/STM32CubeIDE_1.19.0/STM32CubeIDE/plugins/com.st.stm32cube.ide.mcu.externaltools.gnu-tools-for-stm32.13.3.rel1.win32_1.0.0.202411081344/tools/bin/../lib/gcc/arm-none-eabi/13.3.1/../../../../arm-none-eabi/lib/thumb/v7e-m+fp/hard\libc_nano.a(libc_a-makebuf.o)
                0x0800ace8                __smakebuf_r
 .text._fstat_r
                0x0800ad60       0x24 C:/ST/STM32CubeIDE_1.19.0/STM32CubeIDE/plugins/com.st.stm32cube.ide.mcu.externaltools.gnu-tools-for-stm32.13.3.rel1.win32_1.0.0.202411081344/tools/bin/../lib/gcc/arm-none-eabi/13.3.1/../../../../arm-none-eabi/lib/thumb/v7e-m+fp/hard\libc_nano.a(libc_a-fstatr.o)
                0x0800ad60                _fstat_r
 .text._isatty_r
                0x0800ad84       0x20 C:/ST/STM32CubeIDE_1.19.0/STM32CubeIDE/plugins/com.st.stm32cube.ide.mcu.externaltools.gnu-tools-for-stm32.13.3.rel1.win32_1.0.0.202411081344/tools/bin/../lib/gcc/arm-none-eabi/13.3.1/../../../../arm-none-eabi/lib/thumb/v7e-m+fp/hard\libc_nano.a(libc_a-isattyr.o)
                0x0800ad84                _isatty_r
 *fill*         0x0800ada4        0x4 
 .text.sin      0x0800ada8       0xa8 C:/ST/STM32CubeIDE_1.19.0/STM32CubeIDE/plugins/com.st.stm32cube.ide.mcu.externaltools.gnu-tools-for-stm32.13.3.rel1.win32_1.0.0.202411081344/tools/bin/../lib/gcc/arm-none-eabi/13.3.1/../../../../arm-none-eabi/lib/thumb/v7e-m+fp/hard\libm.a(libm_a-s_sin.o)
                0x0800ada8                sin
 .text.__kernel_cos
                0x0800ae50      0x18c C:/ST/STM32CubeIDE_1.19.0/STM32CubeIDE/plugins/com.st.stm32cube.ide.mcu.externaltools.gnu-tools-for-stm32.13.3.rel1.win32_1.0.0.202411081344/tools/bin/../lib/gcc/arm-none-eabi/13.3.1/../../../../arm-none-eabi/lib/thumb/v7e-m+fp/hard\libm.a(libm_a-k_cos.o)
                0x0800ae50                __kernel_cos
 *fill*         0x0800afdc        0x4 
 .text.__kernel_sin
                0x0800afe0      0x174 C:/ST/STM32CubeIDE_1.19.0/STM32CubeIDE/plugins/com.st.stm32cube.ide.mcu.externaltools.gnu-tools-for-stm32.13.3.rel1.win32_1.0.0.202411081344/tools/bin/../lib/gcc/arm-none-eabi/13.3.1/../../../../arm-none-eabi/lib/thumb/v7e-m+fp/hard\libm.a(libm_a-k_sin.o)
                0x0800afe0                __kernel_sin
 *fill*         0x0800b154        0x4 
 .text.__ieee754_rem_pio2
                0x0800b158      0x3f8 C:/ST/STM32CubeIDE_1.19.0/STM32CubeIDE/plugins/com.st.stm32cube.ide.mcu.externaltools.gnu-tools-for-stm32.13.3.rel1.win32_1.0.0.202411081344/tools/bin/../lib/gcc/arm-none-eabi/13.3.1/../../../../arm-none-eabi/lib/thumb/v7e-m+fp/hard\libm.a(libm_a-e_rem_pio2.o)
                0x0800b158                __ieee754_rem_pio2
 .text.fabs     0x0800b550       0x10 C:/ST/STM32CubeIDE_1.19.0/STM32CubeIDE/plugins/com.st.stm32cube.ide.mcu.externaltools.gnu-tools-for-stm32.13.3.rel1.win32_1.0.0.202411081344/tools/bin/../lib/gcc/arm-none-eabi/13.3.1/../../../../arm-none-eabi/lib/thumb/v7e-m+fp/hard\libm.a(libm_a-s_fabs.o)
                0x0800b550                fabs
 .text.__kernel_rem_pio2
                0x0800b560      0x6a0 C:/ST/STM32CubeIDE_1.19.0/STM32CubeIDE/plugins/com.st.stm32cube.ide.mcu.externaltools.gnu-tools-for-stm32.13.3.rel1.win32_1.0.0.202411081344/tools/bin/../lib/gcc/arm-none-eabi/13.3.1/../../../../arm-none-eabi/lib/thumb/v7e-m+fp/hard\libm.a(libm_a-k_rem_pio2.o)
                0x0800b560                __kernel_rem_pio2
 .text.scalbn   0x0800bc00       0xf4 C:/ST/STM32CubeIDE_1.19.0/STM32CubeIDE/plugins/com.st.stm32cube.ide.mcu.externaltools.gnu-tools-for-stm32.13.3.rel1.win32_1.0.0.202411081344/tools/bin/../lib/gcc/arm-none-eabi/13.3.1/../../../../arm-none-eabi/lib/thumb/v7e-m+fp/hard\libm.a(libm_a-s_scalbn.o)
                0x0800bc00                scalbn
 *fill*         0x0800bcf4        0x4 
 .text.floor    0x0800bcf8       0xf8 C:/ST/STM32CubeIDE_1.19.0/STM32CubeIDE/plugins/com.st.stm32cube.ide.mcu.externaltools.gnu-tools-for-stm32.13.3.rel1.win32_1.0.0.202411081344/tools/bin/../lib/gcc/arm-none-eabi/13.3.1/../../../../arm-none-eabi/lib/thumb/v7e-m+fp/hard\libm.a(libm_a-s_floor.o)
                0x0800bcf8                floor
 *(.glue_7)
 .glue_7        0x0800bdf0        0x0 linker stubs
 *(.glue_7t)
 .glue_7t       0x0800bdf0        0x0 linker stubs
 *(.eh_frame)
 .eh_frame      0x0800bdf0        0x0 C:/ST/STM32CubeIDE_1.19.0/STM32CubeIDE/plugins/com.st.stm32cube.ide.mcu.externaltools.gnu-tools-for-stm32.13.3.rel1.win32_1.0.0.202411081344/tools/bin/../lib/gcc/arm-none-eabi/13.3.1/thumb/v7e-m+fp/hard/crtbegin.o
 *(.init)
 .init          0x0800bdf0        0x4 C:/ST/STM32CubeIDE_1.19.0/STM32CubeIDE/plugins/com.st.stm32cube.ide.mcu.externaltools.gnu-tools-for-stm32.13.3.rel1.win32_1.0.0.202411081344/tools/bin/../lib/gcc/arm-none-eabi/13.3.1/thumb/v7e-m+fp/hard/crti.o
                0x0800bdf0                _init
 .init          0x0800bdf4        0x8 C:/ST/STM32CubeIDE_1.19.0/STM32CubeIDE/plugins/com.st.stm32cube.ide.mcu.externaltools.gnu-tools-for-stm32.13.3.rel1.win32_1.0.0.202411081344/tools/bin/../lib/gcc/arm-none-eabi/13.3.1/thumb/v7e-m+fp/hard/crtn.o
 *(.fini)
 .fini          0x0800bdfc        0x4 C:/ST/STM32CubeIDE_1.19.0/STM32CubeIDE/plugins/com.st.stm32cube.ide.mcu.externaltools.gnu-tools-for-stm32.13.3.rel1.win32_1.0.0.202411081344/tools/bin/../lib/gcc/arm-none-eabi/13.3.1/thumb/v7e-m+fp/hard/crti.o
                0x0800bdfc                _fini
 .fini          0x0800be00        0x8 C:/ST/STM32CubeIDE_1.19.0/STM32CubeIDE/plugins/com.st.stm32cube.ide.mcu.externaltools.gnu-tools-for-stm32.13.3.rel1.win32_1.0.0.202411081344/tools/bin/../lib/gcc/arm-none-eabi/13.3.1/thumb/v7e-m+fp/hard/crtn.o
                0x0800be08                        . = ALIGN (0x4)
                0x0800be08                        _etext = .

.vfp11_veneer   0x0800be08        0x0
 .vfp11_veneer  0x0800be08        0x0 linker stubs

.v4_bx          0x0800be08        0x0
 .v4_bx         0x0800be08        0x0 linker stubs

.iplt           0x0800be08        0x0
 .iplt          0x0800be08        0x0 C:/ST/STM32CubeIDE_1.19.0/STM32CubeIDE/plugins/com.st.stm32cube.ide.mcu.externaltools.gnu-tools-for-stm32.13.3.rel1.win32_1.0.0.202411081344/tools/bin/../lib/gcc/arm-none-eabi/13.3.1/thumb/v7e-m+fp/hard/crtbegin.o

.rodata         0x0800be08     0x1200
                0x0800be08                        . = ALIGN (0x4)
 *(.rodata)
 .rodata        0x0800be08       0x42 ./Core/Src/Game_Dino.o
 *fill*         0x0800be4a        0x2 
 .rodata        0x0800be4c       0x26 ./Core/Src/Game_Snake.o
 *fill*         0x0800be72        0x2 
 .rodata        0x0800be74      0x38a ./Core/Src/MENU.o
 *fill*         0x0800c1fe        0x2 
 .rodata        0x0800c200       0x38 ./Core/Src/freertos.o
 .rodata        0x0800c238        0x5 ./Middlewares/FreeRTOS/tasks.o
 *fill*         0x0800c23d        0x3 
 .rodata        0x0800c240        0xd ./Middlewares/FreeRTOS/timers.o
 *(.rodata*)
 *fill*         0x0800c24d        0x3 
 .rodata.pi     0x0800c250        0x8 ./Core/Src/Game_Dino_Data.o
                0x0800c250                pi
 .rodata.Dino   0x0800c258       0x6c ./Core/Src/Game_Dino_Data.o
                0x0800c258                Dino
 .rodata.Barrier
                0x0800c2c4       0x6c ./Core/Src/Game_Dino_Data.o
                0x0800c2c4                Barrier
 .rodata.Cloud  0x0800c330       0x10 ./Core/Src/Game_Dino_Data.o
                0x0800c330                Cloud
 .rodata.Ground
                0x0800c340      0x100 ./Core/Src/Game_Dino_Data.o
                0x0800c340                Ground
 .rodata.Game_Snake_Tile_8x8
                0x0800c440       0x30 ./Core/Src/Game_Snake.o
                0x0800c440                Game_Snake_Tile_8x8
 .rodata.OLED_F8x16
                0x0800c470      0x5f0 ./Core/Src/OLED_Data.o
                0x0800c470                OLED_F8x16
 .rodata.OLED_F6x8
                0x0800ca60      0x23a ./Core/Src/OLED_Data.o
                0x0800ca60                OLED_F6x8
 *fill*         0x0800cc9a        0x2 
 .rodata.InputEventQueue_attributes
                0x0800cc9c       0x18 ./Core/Src/freertos.o
 .rodata.InputTask_attributes
                0x0800ccb4       0x24 ./Core/Src/freertos.o
                0x0800ccb4                InputTask_attributes
 .rodata.MenuTask_attributes
                0x0800ccd8       0x24 ./Core/Src/freertos.o
                0x0800ccd8                MenuTask_attributes
 .rodata.LEDTask_attributes
                0x0800ccfc       0x24 ./Core/Src/freertos.o
                0x0800ccfc                LEDTask_attributes
 .rodata.MyQueue_attributes
                0x0800cd20       0x18 ./Core/Src/freertos.o
                0x0800cd20                MyQueue_attributes
 .rodata.AHBPrescTable
                0x0800cd38       0x10 ./Core/Src/system_stm32f4xx.o
                0x0800cd38                AHBPrescTable
 .rodata.APBPrescTable
                0x0800cd48        0x8 ./Core/Src/system_stm32f4xx.o
                0x0800cd48                APBPrescTable
 .rodata.srand.str1.1
                0x0800cd50       0xde C:/ST/STM32CubeIDE_1.19.0/STM32CubeIDE/plugins/com.st.stm32cube.ide.mcu.externaltools.gnu-tools-for-stm32.13.3.rel1.win32_1.0.0.202411081344/tools/bin/../lib/gcc/arm-none-eabi/13.3.1/../../../../arm-none-eabi/lib/thumb/v7e-m+fp/hard\libc_nano.a(libc_a-rand.o)
                                 0x6f (size before relaxing)
 .rodata.__assert_func.str1.1
                0x0800ce2e       0x3d C:/ST/STM32CubeIDE_1.19.0/STM32CubeIDE/plugins/com.st.stm32cube.ide.mcu.externaltools.gnu-tools-for-stm32.13.3.rel1.win32_1.0.0.202411081344/tools/bin/../lib/gcc/arm-none-eabi/13.3.1/../../../../arm-none-eabi/lib/thumb/v7e-m+fp/hard\libc_nano.a(libc_a-assert.o)
 .rodata._svfprintf_r.str1.1
                0x0800ce2e       0x11 C:/ST/STM32CubeIDE_1.19.0/STM32CubeIDE/plugins/com.st.stm32cube.ide.mcu.externaltools.gnu-tools-for-stm32.13.3.rel1.win32_1.0.0.202411081344/tools/bin/../lib/gcc/arm-none-eabi/13.3.1/../../../../arm-none-eabi/lib/thumb/v7e-m+fp/hard\libc_nano.a(libc_a-nano-svfprintf.o)
 .rodata._printf_i.str1.1
                0x0800ce2e       0x22 C:/ST/STM32CubeIDE_1.19.0/STM32CubeIDE/plugins/com.st.stm32cube.ide.mcu.externaltools.gnu-tools-for-stm32.13.3.rel1.win32_1.0.0.202411081344/tools/bin/../lib/gcc/arm-none-eabi/13.3.1/../../../../arm-none-eabi/lib/thumb/v7e-m+fp/hard\libc_nano.a(libc_a-nano-vfprintf_i.o)
 .rodata._vfprintf_r.str1.1
                0x0800ce2e       0x11 C:/ST/STM32CubeIDE_1.19.0/STM32CubeIDE/plugins/com.st.stm32cube.ide.mcu.externaltools.gnu-tools-for-stm32.13.3.rel1.win32_1.0.0.202411081344/tools/bin/../lib/gcc/arm-none-eabi/13.3.1/../../../../arm-none-eabi/lib/thumb/v7e-m+fp/hard\libc_nano.a(libc_a-nano-vfprintf.o)
 *fill*         0x0800ce2e        0x2 
 .rodata.npio2_hw
                0x0800ce30       0x80 C:/ST/STM32CubeIDE_1.19.0/STM32CubeIDE/plugins/com.st.stm32cube.ide.mcu.externaltools.gnu-tools-for-stm32.13.3.rel1.win32_1.0.0.202411081344/tools/bin/../lib/gcc/arm-none-eabi/13.3.1/../../../../arm-none-eabi/lib/thumb/v7e-m+fp/hard\libm.a(libm_a-e_rem_pio2.o)
 .rodata.two_over_pi
                0x0800ceb0      0x108 C:/ST/STM32CubeIDE_1.19.0/STM32CubeIDE/plugins/com.st.stm32cube.ide.mcu.externaltools.gnu-tools-for-stm32.13.3.rel1.win32_1.0.0.202411081344/tools/bin/../lib/gcc/arm-none-eabi/13.3.1/../../../../arm-none-eabi/lib/thumb/v7e-m+fp/hard\libm.a(libm_a-e_rem_pio2.o)
 .rodata.PIo2   0x0800cfb8       0x40 C:/ST/STM32CubeIDE_1.19.0/STM32CubeIDE/plugins/com.st.stm32cube.ide.mcu.externaltools.gnu-tools-for-stm32.13.3.rel1.win32_1.0.0.202411081344/tools/bin/../lib/gcc/arm-none-eabi/13.3.1/../../../../arm-none-eabi/lib/thumb/v7e-m+fp/hard\libm.a(libm_a-k_rem_pio2.o)
 .rodata.init_jk
                0x0800cff8       0x10 C:/ST/STM32CubeIDE_1.19.0/STM32CubeIDE/plugins/com.st.stm32cube.ide.mcu.externaltools.gnu-tools-for-stm32.13.3.rel1.win32_1.0.0.202411081344/tools/bin/../lib/gcc/arm-none-eabi/13.3.1/../../../../arm-none-eabi/lib/thumb/v7e-m+fp/hard\libm.a(libm_a-k_rem_pio2.o)
                0x0800d008                        . = ALIGN (0x4)

.ARM.extab      0x0800d008        0x0
                0x0800d008                        . = ALIGN (0x4)
 *(.ARM.extab* .gnu.linkonce.armextab.*)
                0x0800d008                        . = ALIGN (0x4)

.ARM            0x0800d008        0x8
                0x0800d008                        . = ALIGN (0x4)
                0x0800d008                        __exidx_start = .
 *(.ARM.exidx*)
 .ARM.exidx     0x0800d008        0x8 C:/ST/STM32CubeIDE_1.19.0/STM32CubeIDE/plugins/com.st.stm32cube.ide.mcu.externaltools.gnu-tools-for-stm32.13.3.rel1.win32_1.0.0.202411081344/tools/bin/../lib/gcc/arm-none-eabi/13.3.1/../../../../arm-none-eabi/lib/thumb/v7e-m+fp/hard\libc_nano.a(libc_a-strlen.o)
 .ARM.exidx     0x0800d010        0x0 C:/ST/STM32CubeIDE_1.19.0/STM32CubeIDE/plugins/com.st.stm32cube.ide.mcu.externaltools.gnu-tools-for-stm32.13.3.rel1.win32_1.0.0.202411081344/tools/bin/../lib/gcc/arm-none-eabi/13.3.1/../../../../arm-none-eabi/lib/thumb/v7e-m+fp/hard\libc_nano.a(libc_a-memchr.o)
                                  0x8 (size before relaxing)
 .ARM.exidx     0x0800d010        0x0 C:/ST/STM32CubeIDE_1.19.0/STM32CubeIDE/plugins/com.st.stm32cube.ide.mcu.externaltools.gnu-tools-for-stm32.13.3.rel1.win32_1.0.0.202411081344/tools/bin/../lib/gcc/arm-none-eabi/13.3.1/thumb/v7e-m+fp/hard\libgcc.a(_udivmoddi4.o)
                                  0x8 (size before relaxing)
                0x0800d010                        __exidx_end = .
                0x0800d010                        . = ALIGN (0x4)

.preinit_array  0x0800d010        0x0
                0x0800d010                        . = ALIGN (0x4)
                0x0800d010                        PROVIDE (__preinit_array_start = .)
 *(.preinit_array*)
                0x0800d010                        PROVIDE (__preinit_array_end = .)
                0x0800d010                        . = ALIGN (0x4)

.init_array     0x0800d010        0x4
                0x0800d010                        . = ALIGN (0x4)
                0x0800d010                        PROVIDE (__init_array_start = .)
 *(SORT_BY_NAME(.init_array.*))
 *(.init_array*)
 .init_array    0x0800d010        0x4 C:/ST/STM32CubeIDE_1.19.0/STM32CubeIDE/plugins/com.st.stm32cube.ide.mcu.externaltools.gnu-tools-for-stm32.13.3.rel1.win32_1.0.0.202411081344/tools/bin/../lib/gcc/arm-none-eabi/13.3.1/thumb/v7e-m+fp/hard/crtbegin.o
                0x0800d014                        PROVIDE (__init_array_end = .)
                0x0800d014                        . = ALIGN (0x4)

.fini_array     0x0800d014        0x4
                0x0800d014                        . = ALIGN (0x4)
                [!provide]                        PROVIDE (__fini_array_start = .)
 *(SORT_BY_NAME(.fini_array.*))
 *(.fini_array*)
 .fini_array    0x0800d014        0x4 C:/ST/STM32CubeIDE_1.19.0/STM32CubeIDE/plugins/com.st.stm32cube.ide.mcu.externaltools.gnu-tools-for-stm32.13.3.rel1.win32_1.0.0.202411081344/tools/bin/../lib/gcc/arm-none-eabi/13.3.1/thumb/v7e-m+fp/hard/crtbegin.o
                [!provide]                        PROVIDE (__fini_array_end = .)
                0x0800d018                        . = ALIGN (0x4)
                0x0800d018                        _sidata = LOADADDR (.data)

.rel.dyn        0x0800d018        0x0
 .rel.iplt      0x0800d018        0x0 C:/ST/STM32CubeIDE_1.19.0/STM32CubeIDE/plugins/com.st.stm32cube.ide.mcu.externaltools.gnu-tools-for-stm32.13.3.rel1.win32_1.0.0.202411081344/tools/bin/../lib/gcc/arm-none-eabi/13.3.1/thumb/v7e-m+fp/hard/crtbegin.o

.data           0x20000000      0x45c load address 0x0800d018
                0x20000000                        . = ALIGN (0x4)
                0x20000000                        _sdata = .
 *(.data)
 *(.data*)
 .data.Game_Speed
                0x20000000        0x1 ./Core/Src/Game_Snake.o
                0x20000000                Game_Speed
 .data.sleep_before_brightness
                0x20000001        0x1 ./Core/Src/MENU.o
                0x20000001                sleep_before_brightness
 .data.oled_brightness
                0x20000002        0x1 ./Core/Src/MENU.o
                0x20000002                oled_brightness
 *fill*         0x20000003        0x1 
 .data.auto_sleep_seconds
                0x20000004        0x2 ./Core/Src/MENU.o
                0x20000004                auto_sleep_seconds
 .data.timer_seconds
                0x20000006        0x2 ./Core/Src/MENU.o
                0x20000006                timer_seconds
 .data.MENU.9   0x20000008       0x14 ./Core/Src/MENU.o
 .data.MENU_OptionList.8
                0x2000001c       0x70 ./Core/Src/MENU.o
 .data.MENU.7   0x2000008c       0x14 ./Core/Src/MENU.o
 .data.MENU_OptionList.6
                0x200000a0      0x120 ./Core/Src/MENU.o
 .data.MENU.5   0x200001c0       0x14 ./Core/Src/MENU.o
 .data.MENU_OptionList.4
                0x200001d4       0x80 ./Core/Src/MENU.o
 .data.MENU.3   0x20000254       0x14 ./Core/Src/MENU.o
 .data.MENU_OptionList.2
                0x20000268      0x110 ./Core/Src/MENU.o
 .data.MENU.1   0x20000378       0x14 ./Core/Src/MENU.o
 .data.MENU_OptionList.0
                0x2000038c       0x60 ./Core/Src/MENU.o
 .data.last_level.13
                0x200003ec        0x1 ./Core/Src/TIM_EC11.o
 .data.stable_level.11
                0x200003ed        0x1 ./Core/Src/TIM_EC11.o
 *fill*         0x200003ee        0x2 
 .data.SystemCoreClock
                0x200003f0        0x4 ./Core/Src/system_stm32f4xx.o
                0x200003f0                SystemCoreClock
 .data.uwTickPrio
                0x200003f4        0x4 ./Drivers/STM32F4xx_HAL_Driver/stm32f4xx_hal.o
                0x200003f4                uwTickPrio
 .data.uwTickFreq
                0x200003f8        0x1 ./Drivers/STM32F4xx_HAL_Driver/stm32f4xx_hal.o
                0x200003f8                uwTickFreq
 *fill*         0x200003f9        0x3 
 .data.uxCriticalNesting
                0x200003fc        0x4 ./Middlewares/FreeRTOS/port.o
 .data.__sglue  0x20000400        0xc C:/ST/STM32CubeIDE_1.19.0/STM32CubeIDE/plugins/com.st.stm32cube.ide.mcu.externaltools.gnu-tools-for-stm32.13.3.rel1.win32_1.0.0.202411081344/tools/bin/../lib/gcc/arm-none-eabi/13.3.1/../../../../arm-none-eabi/lib/thumb/v7e-m+fp/hard\libc_nano.a(libc_a-findfp.o)
                0x20000400                __sglue
 .data._impure_ptr
                0x2000040c        0x4 C:/ST/STM32CubeIDE_1.19.0/STM32CubeIDE/plugins/com.st.stm32cube.ide.mcu.externaltools.gnu-tools-for-stm32.13.3.rel1.win32_1.0.0.202411081344/tools/bin/../lib/gcc/arm-none-eabi/13.3.1/../../../../arm-none-eabi/lib/thumb/v7e-m+fp/hard\libc_nano.a(libc_a-impure.o)
                0x2000040c                _impure_ptr
 .data._impure_data
                0x20000410       0x4c C:/ST/STM32CubeIDE_1.19.0/STM32CubeIDE/plugins/com.st.stm32cube.ide.mcu.externaltools.gnu-tools-for-stm32.13.3.rel1.win32_1.0.0.202411081344/tools/bin/../lib/gcc/arm-none-eabi/13.3.1/../../../../arm-none-eabi/lib/thumb/v7e-m+fp/hard\libc_nano.a(libc_a-impure.o)
                0x20000410                _impure_data
 *(.RamFunc)
 *(.RamFunc*)
                0x2000045c                        . = ALIGN (0x4)
                0x2000045c                        _edata = .

.igot.plt       0x2000045c        0x0 load address 0x0800d474
 .igot.plt      0x2000045c        0x0 C:/ST/STM32CubeIDE_1.19.0/STM32CubeIDE/plugins/com.st.stm32cube.ide.mcu.externaltools.gnu-tools-for-stm32.13.3.rel1.win32_1.0.0.202411081344/tools/bin/../lib/gcc/arm-none-eabi/13.3.1/thumb/v7e-m+fp/hard/crtbegin.o
                0x2000045c                        . = ALIGN (0x4)

.bss            0x2000045c     0x5118 load address 0x0800d474
                0x2000045c                        _sbss = .
                0x2000045c                        __bss_start__ = _sbss
 *(.bss)
 .bss           0x2000045c       0x1c C:/ST/STM32CubeIDE_1.19.0/STM32CubeIDE/plugins/com.st.stm32cube.ide.mcu.externaltools.gnu-tools-for-stm32.13.3.rel1.win32_1.0.0.202411081344/tools/bin/../lib/gcc/arm-none-eabi/13.3.1/thumb/v7e-m+fp/hard/crtbegin.o
 *(.bss*)
 .bss.Score     0x20000478        0x4 ./Core/Src/Game_Dino.o
                0x20000478                Score
 .bss.Ground_Pos
                0x2000047c        0x2 ./Core/Src/Game_Dino.o
                0x2000047c                Ground_Pos
 .bss.barrier_flag
                0x2000047e        0x1 ./Core/Src/Game_Dino.o
                0x2000047e                barrier_flag
 .bss.Barrier_Pos
                0x2000047f        0x1 ./Core/Src/Game_Dino.o
                0x2000047f                Barrier_Pos
 .bss.barrier   0x20000480        0x4 ./Core/Src/Game_Dino.o
                0x20000480                barrier
 .bss.Cloud_Pos
                0x20000484        0x1 ./Core/Src/Game_Dino.o
                0x20000484                Cloud_Pos
 .bss.dino_jump_flag
                0x20000485        0x1 ./Core/Src/Game_Dino.o
                0x20000485                dino_jump_flag
 .bss.jump_t    0x20000486        0x2 ./Core/Src/Game_Dino.o
                0x20000486                jump_t
 .bss.Jump_Pos  0x20000488        0x1 ./Core/Src/Game_Dino.o
                0x20000488                Jump_Pos
 *fill*         0x20000489        0x3 
 .bss.dino      0x2000048c        0x4 ./Core/Src/Game_Dino.o
                0x2000048c                dino
 .bss.Score_Count.1
                0x20000490        0x1 ./Core/Src/Game_Dino.o
 .bss.Cloud_Count.0
                0x20000491        0x1 ./Core/Src/Game_Dino.o
 *fill*         0x20000492        0x2 
 .bss.Map       0x20000494       0x80 ./Core/Src/Game_Snake.o
                0x20000494                Map
 .bss.Game_Credits
                0x20000514        0x1 ./Core/Src/Game_Snake.o
                0x20000514                Game_Credits
 *fill*         0x20000515        0x3 
 .bss.last_activity_time
                0x20000518        0x4 ./Core/Src/MENU.o
                0x20000518                last_activity_time
 .bss.screen_sleeping
                0x2000051c        0x1 ./Core/Src/MENU.o
                0x2000051c                screen_sleeping
 .bss.timer_enabled
                0x2000051d        0x1 ./Core/Src/MENU.o
                0x2000051d                timer_enabled
 .bss.timer_current
                0x2000051e        0x2 ./Core/Src/MENU.o
                0x2000051e                timer_current
 .bss.timer_start_time
                0x20000520        0x4 ./Core/Src/MENU.o
                0x20000520                timer_start_time
 .bss.frame_count
                0x20000524        0x4 ./Core/Src/MENU.o
 .bss.last_fps_time
                0x20000528        0x4 ./Core/Src/MENU.o
 .bss.current_fps
                0x2000052c        0x4 ./Core/Src/MENU.o
 .bss.scrollbar_current_height
                0x20000530        0x4 ./Core/Src/MENU.o
 .bss.scrollbar_target_height
                0x20000534        0x4 ./Core/Src/MENU.o
 .bss.VerticalOffsetBuffer.26
                0x20000538        0x4 ./Core/Src/MENU.o
 .bss.target_xsta.25
                0x2000053c        0x4 ./Core/Src/MENU.o
 .bss.target_ysta.24
                0x20000540        0x4 ./Core/Src/MENU.o
 .bss.target_xend.23
                0x20000544        0x4 ./Core/Src/MENU.o
 .bss.target_yend.22
                0x20000548        0x4 ./Core/Src/MENU.o
 .bss.actual_xsta.21
                0x2000054c        0x4 ./Core/Src/MENU.o
 .bss.bounce_xsta.20
                0x20000550        0x4 ./Core/Src/MENU.o
 .bss.actual_ysta.19
                0x20000554        0x4 ./Core/Src/MENU.o
 .bss.bounce_ysta.18
                0x20000558        0x4 ./Core/Src/MENU.o
 .bss.actual_xend.17
                0x2000055c        0x4 ./Core/Src/MENU.o
 .bss.bounce_xend.16
                0x20000560        0x4 ./Core/Src/MENU.o
 .bss.actual_yend.15
                0x20000564        0x4 ./Core/Src/MENU.o
 .bss.bounce_yend.14
                0x20000568        0x4 ./Core/Src/MENU.o
 .bss.bounce_cnt_xsta.13
                0x2000056c        0x1 ./Core/Src/MENU.o
 .bss.bounce_cnt_ysta.12
                0x2000056d        0x1 ./Core/Src/MENU.o
 .bss.bounce_cnt_xend.11
                0x2000056e        0x1 ./Core/Src/MENU.o
 .bss.bounce_cnt_yend.10
                0x2000056f        0x1 ./Core/Src/MENU.o
 .bss.OLED_DisplayBuf
                0x20000570      0x400 ./Core/Src/OLED.o
                0x20000570                OLED_DisplayBuf
 .bss.last_change_tick.12
                0x20000970        0x4 ./Core/Src/TIM_EC11.o
 .bss.pressed.10
                0x20000974        0x1 ./Core/Src/TIM_EC11.o
 *fill*         0x20000975        0x3 
 .bss.press_tick.9
                0x20000978        0x4 ./Core/Src/TIM_EC11.o
 .bss.long_reported.8
                0x2000097c        0x1 ./Core/Src/TIM_EC11.o
 .bss.inited.7  0x2000097d        0x1 ./Core/Src/TIM_EC11.o
 .bss.last.6    0x2000097e        0x2 ./Core/Src/TIM_EC11.o
 .bss.locked_dir.5
                0x20000980        0x1 ./Core/Src/TIM_EC11.o
 *fill*         0x20000981        0x3 
 .bss.dir_tick.4
                0x20000984        0x4 ./Core/Src/TIM_EC11.o
 .bss.accumulator.3
                0x20000988        0x2 ./Core/Src/TIM_EC11.o
 .bss.start_window.2
                0x2000098a        0x1 ./Core/Src/TIM_EC11.o
 *fill*         0x2000098b        0x1 
 .bss.start_tick.1
                0x2000098c        0x4 ./Core/Src/TIM_EC11.o
 .bss.last_output_tick.0
                0x20000990        0x4 ./Core/Src/TIM_EC11.o
 .bss.InputEventQueueHandle
                0x20000994        0x4 ./Core/Src/freertos.o
                0x20000994                InputEventQueueHandle
 .bss.InputTaskHandle
                0x20000998        0x4 ./Core/Src/freertos.o
                0x20000998                InputTaskHandle
 .bss.MenuTaskHandle
                0x2000099c        0x4 ./Core/Src/freertos.o
                0x2000099c                MenuTaskHandle
 .bss.LEDTaskHandle
                0x200009a0        0x4 ./Core/Src/freertos.o
                0x200009a0                LEDTaskHandle
 .bss.MyQueueHandle
                0x200009a4        0x4 ./Core/Src/freertos.o