../Core/Src/config_store.c:14:17:crc32_calc	4	static
../Core/Src/config_store.c:63:13:sync_to_globals	0	static
../Core/Src/config_store.c:45:13:set_defaults	8	static
../Core/Src/config_store.c:111:6:Config_Load	128	static
../Core/Src/config_store.c:147:6:Config_MarkDirty	8	static
../Core/Src/config_store.c:79:6:Config_SetWiFiCredentials	32	static
../Core/Src/config_store.c:153:6:Config_FlushIfNeeded	8	static
../Core/Src/config_store.c:176:6:Config_ResetDefaults	8	static
../Core/Src/config_store.c:185:18:Config_Get	0	static
