../Core/Src/Game_Dino.c:24:19:Game_ReceiveInputEvent	16	static
../Core/Src/Game_Dino.c:47:6:Show_Score	16	static
../Core/Src/Game_Dino.c:55:6:Show_Ground	8	static
../Core/Src/Game_Dino.c:85:6:Show_Barrier	16	static
../Core/Src/Game_Dino.c:103:6:Show_Cloud	16	static
../Core/Src/Game_Dino.c:116:6:Show_Dino	16	static
../Core/Src/Game_Dino.c:137:5:isColliding	24	static
../Core/Src/Game_Dino.c:208:6:Dino_Tick	0	static
../Core/Src/Game_Dino.c:163:5:DinoGame_Animation	32	static
../Core/Src/Game_Dino.c:247:6:DinoGame_Pos_Init	0	static
../Core/Src/Game_Dino.c:256:6:Game_Dino_Init	24	static
