../Core/Src/MENU.c:88:5:menu_command_callback	96	static
../Core/Src/MENU.c:188:6:MENU_UpdateActivity	8	static
../Core/Src/MENU.c:204:6:MENU_CheckAutoSleep	16	static
../Core/Src/MENU.c:225:6:MENU_StartTimer	16	static
../Core/Src/MENU.c:236:6:MENU_StopTimer	4	static
../Core/Src/MENU.c:246:9:MENU_UpdateTimer	16	static
../Core/Src/MENU.c:269:6:MENU_ShowTimer	48	static
../Core/Src/MENU.c:290:6:MENU_ShowTimeUpAlert	24	static
../Core/Src/MENU.c:339:6:MENU_RunMenu	16	static
../Core/Src/MENU.c:374:6:MENU_HandleInit	24	static
../Core/Src/MENU.c:398:12:MENU_ReceiveInputEvent	16	static
../Core/Src/MENU.c:413:6:MENU_Event_and_Action	24	static
../Core/Src/MENU.c:469:6:MENU_UpdateIndex	16	static
../Core/Src/MENU.c:513:6:MENU_ShowOptionList	32	static
../Core/Src/MENU.c:555:9:MENU_ShowOption	96	static
../Core/Src/MENU.c:608:6:MENU_ShowCursor	48	static
../Core/Src/MENU.c:703:6:MENU_ShowBorder	40	static
../Core/Src/MENU.c:716:6:MENU_RunMainMenu	8	static
../Core/Src/MENU.c:731:6:MENU_RunToolsMenu	8	static
../Core/Src/MENU.c:757:6:MENU_RunGamesMenu	8	static
../Core/Src/MENU.c:776:6:MENU_RunTestLongMenu	8	static
../Core/Src/MENU.c:801:6:MENU_Information	56	static
../Core/Src/MENU.c:835:6:MENU_RunSettingMenu	8	static
../Core/Src/MENU.c:853:6:MENU_DisplaySetting	48	static
../Core/Src/MENU.c:914:6:MENU_SleepSetting	72	static
../Core/Src/MENU.c:984:6:MENU_SystemSetting	56	static
../Core/Src/MENU.c:1030:6:MENU_AboutSetting	24	static
../Core/Src/MENU.c:1053:6:MENU_WIFISetting	24	static
../Core/Src/MENU.c:1084:6:MENU_DrawScrollBar	48	static
../Core/Src/MENU.c:1136:6:MENU_DrawProgressBar	40	static
../Core/Src/MENU.c:1154:6:Update_FPS_Counter	16	static
../Core/Src/MENU.c:1167:10:Get_Current_FPS	4	static
../Core/Src/MENU.c:1173:6:CLOCK_Draw	8	static
