../Core/Src/MENU.c:87:5:menu_command_callback	96	static
../Core/Src/MENU.c:187:6:MENU_UpdateActivity	8	static
../Core/Src/MENU.c:203:6:MENU_CheckAutoSleep	16	static
../Core/Src/MENU.c:224:6:MENU_StartTimer	16	static
../Core/Src/MENU.c:235:6:MENU_StopTimer	4	static
../Core/Src/MENU.c:245:9:MENU_UpdateTimer	16	static
../Core/Src/MENU.c:268:6:MENU_ShowTimer	48	static
../Core/Src/MENU.c:289:6:MENU_ShowTimeUpAlert	24	static
../Core/Src/MENU.c:338:6:MENU_RunMenu	16	static
../Core/Src/MENU.c:373:6:MENU_HandleInit	24	static
../Core/Src/MENU.c:397:12:MENU_ReceiveInputEvent	16	static
../Core/Src/MENU.c:412:6:MENU_Event_and_Action	24	static
../Core/Src/MENU.c:468:6:MENU_UpdateIndex	16	static
../Core/Src/MENU.c:513:6:MENU_ShowOptionList	32	static
../Core/Src/MENU.c:555:9:MENU_ShowOption	96	static
../Core/Src/MENU.c:608:6:MENU_ShowCursor	48	static
../Core/Src/MENU.c:703:6:MENU_ShowBorder	40	static
../Core/Src/MENU.c:716:6:MENU_RunMainMenu	8	static
../Core/Src/MENU.c:731:6:MENU_RunToolsMenu	8	static
../Core/Src/MENU.c:757:6:MENU_RunGamesMenu	8	static
../Core/Src/MENU.c:776:6:MENU_RunTestLongMenu	8	static
../Core/Src/MENU.c:801:6:MENU_Information	56	static
../Core/Src/MENU.c:835:6:MENU_RunSettingMenu	8	static
../Core/Src/MENU.c:852:6:MENU_DisplaySetting	48	static
../Core/Src/MENU.c:913:6:MENU_SleepSetting	72	static
../Core/Src/MENU.c:983:6:MENU_SystemSetting	56	static
../Core/Src/MENU.c:1029:6:MENU_AboutSetting	24	static
../Core/Src/MENU.c:1060:6:MENU_DrawScrollBar	48	static
../Core/Src/MENU.c:1112:6:MENU_DrawProgressBar	40	static
../Core/Src/MENU.c:1130:6:Update_FPS_Counter	16	static
../Core/Src/MENU.c:1143:10:Get_Current_FPS	4	static
