../Core/Src/MENU.c:682:6:MENU_RunWeatherMenu	8	static
../Core/Src/MENU.c:178:6:MENU_UpdateActivity	8	static
../Core/Src/MENU.c:194:6:MENU_CheckAutoSleep	8	static
../Core/Src/MENU.c:278:12:MENU_ReceiveInputEvent	16	static
../Core/Src/MENU.c:349:6:MENU_UpdateIndex	0	static
../Core/Src/MENU.c:293:6:MENU_Event_and_Action	24	static
../Core/Src/MENU.c:982:6:MENU_DrawScrollBar	40	static
../Core/Src/MENU.c:1034:6:MENU_DrawProgressBar	32	static
../Core/Src/MENU.c:1052:6:Update_FPS_Counter	8	static
../Core/Src/MENU.c:78:5:menu_command_callback	32	static
../Core/Src/MENU.c:435:9:MENU_ShowOption	88	static
../Core/Src/MENU.c:254:6:MENU_HandleInit	16	static
../Core/Src/MENU.c:393:6:MENU_ShowOptionList	32	static
../Core/Src/MENU.c:488:6:MENU_ShowCursor	48	static
../Core/Src/MENU.c:217:6:MENU_RunMenu	24	static
../Core/Src/MENU.c:596:6:MENU_RunMainMenu	8	static
../Core/Src/MENU.c:612:6:MENU_RunToolsMenu	8	static
../Core/Src/MENU.c:638:6:MENU_RunGamesMenu	8	static
../Core/Src/MENU.c:657:6:MENU_RunTestLongMenu	8	static
../Core/Src/MENU.c:720:6:MENU_RunSettingMenu	8	static
../Core/Src/MENU.c:583:6:MENU_ShowBorder	16	static
../Core/Src/MENU.c:688:6:MENU_Information	48	static
../Core/Src/MENU.c:738:6:MENU_DisplaySetting	64	static
../Core/Src/MENU.c:800:6:MENU_SleepSetting	88	static
../Core/Src/MENU.c:871:6:MENU_SystemSetting	56	static
../Core/Src/MENU.c:917:6:MENU_AboutSetting	24	static
../Core/Src/MENU.c:940:6:MENU_WIFISetting	56	static
../Core/Src/MENU.c:1065:10:Get_Current_FPS	0	static
../Core/Src/MENU.c:1071:6:CLOCK_Draw	24	static
