../Core/Src/MENU.c:60:5:menu_command_callback	96	static
../Core/Src/MENU.c:160:6:MENU_UpdateActivity	8	static
../Core/Src/MENU.c:176:6:MENU_CheckAutoSleep	16	static
../Core/Src/MENU.c:199:6:MENU_RunMenu	16	static
../Core/Src/MENU.c:234:6:MENU_HandleInit	24	static
../Core/Src/MENU.c:258:12:MENU_ReceiveInputEvent	16	static
../Core/Src/MENU.c:273:6:MENU_Event_and_Action	24	static
../Core/Src/MENU.c:329:6:MENU_UpdateIndex	16	static
../Core/Src/MENU.c:373:6:MENU_ShowOptionList	32	static
../Core/Src/MENU.c:415:9:MENU_ShowOption	96	static
../Core/Src/MENU.c:468:6:MENU_ShowCursor	48	static
../Core/Src/MENU.c:563:6:MENU_ShowBorder	40	static
../Core/Src/MENU.c:576:6:MENU_RunMainMenu	8	static
../Core/Src/MENU.c:592:6:MENU_RunToolsMenu	8	static
../Core/Src/MENU.c:618:6:MENU_RunGamesMenu	8	static
../Core/Src/MENU.c:637:6:MENU_RunTestLongMenu	8	static
../Core/Src/MENU.c:662:6:MENU_RunWeatherMenu	8	static
../Core/Src/MENU.c:668:6:MENU_Information	56	static
../Core/Src/MENU.c:700:6:MENU_RunSettingMenu	8	static
../Core/Src/MENU.c:718:6:MENU_DisplaySetting	48	static
../Core/Src/MENU.c:779:6:MENU_SleepSetting	72	static
../Core/Src/MENU.c:849:6:MENU_SystemSetting	56	static
../Core/Src/MENU.c:895:6:MENU_AboutSetting	24	static
../Core/Src/MENU.c:918:6:MENU_WIFISetting	24	static
../Core/Src/MENU.c:944:6:MENU_DrawScrollBar	48	static
../Core/Src/MENU.c:996:6:MENU_DrawProgressBar	40	static
../Core/Src/MENU.c:1014:6:Update_FPS_Counter	16	static
../Core/Src/MENU.c:1027:10:Get_Current_FPS	4	static
../Core/Src/MENU.c:1033:6:CLOCK_Draw	16	static
