../Core/Src/MENU.c:90:5:menu_command_callback	96	static
../Core/Src/MENU.c:190:6:MENU_UpdateActivity	8	static
../Core/Src/MENU.c:206:6:MENU_CheckAutoSleep	16	static
../Core/Src/MENU.c:227:6:MENU_StartTimer	16	static
../Core/Src/MENU.c:238:6:MENU_StopTimer	4	static
../Core/Src/MENU.c:248:9:MENU_UpdateTimer	16	static
../Core/Src/MENU.c:271:6:MENU_ShowTimer	48	static
../Core/Src/MENU.c:292:6:MENU_ShowTimeUpAlert	24	static
../Core/Src/MENU.c:341:6:MENU_RunMenu	16	static
../Core/Src/MENU.c:376:6:MENU_HandleInit	24	static
../Core/Src/MENU.c:400:12:MENU_ReceiveInputEvent	16	static
../Core/Src/MENU.c:415:6:MENU_Event_and_Action	24	static
../Core/Src/MENU.c:471:6:MENU_UpdateIndex	16	static
../Core/Src/MENU.c:515:6:MENU_ShowOptionList	32	static
../Core/Src/MENU.c:557:9:MENU_ShowOption	96	static
../Core/Src/MENU.c:610:6:MENU_ShowCursor	48	static
../Core/Src/MENU.c:705:6:MENU_ShowBorder	40	static
../Core/Src/MENU.c:718:6:MENU_RunMainMenu	8	static
../Core/Src/MENU.c:734:6:MENU_RunToolsMenu	8	static
../Core/Src/MENU.c:760:6:MENU_RunGamesMenu	8	static
../Core/Src/MENU.c:779:6:MENU_RunTestLongMenu	8	static
../Core/Src/MENU.c:804:6:MENU_RunWeatherMenu	8	static
../Core/Src/MENU.c:810:6:MENU_Information	56	static
../Core/Src/MENU.c:844:6:MENU_RunSettingMenu	8	static
../Core/Src/MENU.c:862:6:MENU_DisplaySetting	48	static
../Core/Src/MENU.c:923:6:MENU_SleepSetting	72	static
../Core/Src/MENU.c:993:6:MENU_SystemSetting	56	static
../Core/Src/MENU.c:1039:6:MENU_AboutSetting	24	static
../Core/Src/MENU.c:1062:6:MENU_WIFISetting	24	static
../Core/Src/MENU.c:1093:6:MENU_DrawScrollBar	48	static
../Core/Src/MENU.c:1145:6:MENU_DrawProgressBar	40	static
../Core/Src/MENU.c:1163:6:Update_FPS_Counter	16	static
../Core/Src/MENU.c:1176:10:Get_Current_FPS	4	static
../Core/Src/MENU.c:1182:6:CLOCK_Draw	16	static
