../Core/Src/OLED.c:96:6:OLED_W_SCL	16	static
../Core/Src/OLED.c:104:6:OLED_W_SDA	16	static
../Core/Src/OLED.c:118:6:OLED_GPIO_Init	16	static
../Core/Src/OLED.c:143:6:OLED_I2C_Start	8	static
../Core/Src/OLED.c:156:6:OLED_I2C_Stop	8	static
../Core/Src/OLED.c:168:6:OLED_I2C_SendByte	24	static
../Core/Src/OLED.c:193:6:OLED_WriteCommand	16	static
../Core/Src/OLED.c:208:6:OLED_WriteData	24	static
../Core/Src/OLED.c:234:6:OLED_Init	8	static
../Core/Src/OLED.c:287:6:OLED_SetBrightness	16	static
../Core/Src/OLED.c:300:6:OLED_SetCursor	16	static
../Core/Src/OLED.c:327:10:OLED_Pow	24	static
../Core/Src/OLED.c:344:9:OLED_pnpoly	32	static
../Core/Src/OLED.c:368:9:OLED_IsInAngle	32	static
../Core/Src/OLED.c:403:6:OLED_Update	16	static
../Core/Src/OLED.c:450:6:OLED_UpdateArea	32	static
../Core/Src/OLED.c:484:6:OLED_Clear	16	static
../Core/Src/OLED.c:505:6:OLED_ClearArea	24	static
../Core/Src/OLED.c:527:6:OLED_Reverse	16	static
../Core/Src/OLED.c:548:6:OLED_ReverseArea	24	static
../Core/Src/OLED.c:575:6:OLED_ShowChar	32	static
../Core/Src/OLED.c:600:6:OLED_ShowString	32	static
../Core/Src/OLED.c:622:6:OLED_ShowNum	40	static
../Core/Src/OLED.c:646:6:OLED_ShowSignedNum	40	static
../Core/Src/OLED.c:683:6:OLED_ShowHexNum	32	static
../Core/Src/OLED.c:718:6:OLED_ShowBinNum	40	static
../Core/Src/OLED.c:743:6:OLED_ShowFloatNum	64	static
../Core/Src/OLED.c:784:6:OLED_ShowChinese	32	static
../Core/Src/OLED.c:828:6:OLED_ShowImage	32	static
../Core/Src/OLED.c:882:6:OLED_Printf	284	static
../Core/Src/OLED.c:899:6:OLED_DrawPoint	16	static
../Core/Src/OLED.c:914:9:OLED_GetPoint	16	static
../Core/Src/OLED.c:937:6:OLED_DrawLine	56	static
../Core/Src/OLED.c:1051:6:OLED_DrawRectangle	32	static
../Core/Src/OLED.c:1098:6:OLED_DrawTriangle	64	static
../Core/Src/OLED.c:1153:6:OLED_DrawCircle	32	static
../Core/Src/OLED.c:1237:6:OLED_DrawEllipse	56	static
../Core/Src/OLED.c:1350:6:OLED_DrawArc	32	static
