../Core/Src/OLED.c:92:6:OLED_GPIO_Init	8	static
../Core/Src/OLED.c:105:6:OLED_WriteCommand	16	static
../Core/Src/OLED.c:111:6:OLED_WriteData	16	static
../Core/Src/OLED.c:181:6:OLED_SetBrightness	8	static
../Core/Src/OLED.c:194:6:OLED_SetCursor	8	static
../Core/Src/OLED.c:221:10:OLED_Pow	0	static
../Core/Src/OLED.c:238:9:OLED_pnpoly	28	static
../Core/Src/OLED.c:262:9:OLED_IsInAngle	24	static
../Core/Src/OLED.c:297:6:OLED_Update	24	static
../Core/Src/OLED.c:335:6:OLED_UpdateArea	24	static
../Core/Src/OLED.c:378:6:OLED_Clear	0	static
../Core/Src/OLED.c:128:6:OLED_Init	8	static
../Core/Src/OLED.c:399:6:OLED_ClearArea	28	static
../Core/Src/OLED.c:421:6:OLED_Reverse	0	static
../Core/Src/OLED.c:442:6:OLED_ReverseArea	28	static
../Core/Src/OLED.c:722:6:OLED_ShowImage	56	static
../Core/Src/OLED.c:469:6:OLED_ShowChar	16	static
../Core/Src/OLED.c:494:6:OLED_ShowString	24	static
../Core/Src/OLED.c:516:6:OLED_ShowNum	40	static
../Core/Src/OLED.c:540:6:OLED_ShowSignedNum	40	static
../Core/Src/OLED.c:577:6:OLED_ShowHexNum	32	static
../Core/Src/OLED.c:612:6:OLED_ShowBinNum	32	static
../Core/Src/OLED.c:637:6:OLED_ShowFloatNum	56	static
../Core/Src/OLED.c:678:6:OLED_ShowChinese	56	static
../Core/Src/OLED.c:776:6:OLED_Printf	284	static
../Core/Src/OLED.c:793:6:OLED_DrawPoint	0	static
../Core/Src/OLED.c:808:9:OLED_GetPoint	0	static
../Core/Src/OLED.c:831:6:OLED_DrawLine	40	static
../Core/Src/OLED.c:945:6:OLED_DrawRectangle	32	static
../Core/Src/OLED.c:992:6:OLED_DrawTriangle	64	static
../Core/Src/OLED.c:1047:6:OLED_DrawCircle	88	static
../Core/Src/OLED.c:1131:6:OLED_DrawEllipse	96	static
../Core/Src/OLED.c:1244:6:OLED_DrawArc	64	static
