../Core/Src/OLED.c:122:6:OLED_W_SCL	16	static
../Core/Src/OLED.c:130:6:OLED_W_SDA	16	static
../Core/Src/OLED.c:144:6:OLED_GPIO_Init	16	static
../Core/Src/OLED.c:180:6:OLED_I2C_Start	8	static
../Core/Src/OLED.c:193:6:OLED_I2C_Stop	8	static
../Core/Src/OLED.c:205:6:OLED_I2C_SendByte	24	static
../Core/Src/OLED.c:230:6:OLED_WriteCommand	16	static
../Core/Src/OLED.c:245:6:OLED_WriteData	24	static
../Core/Src/OLED.c:271:6:OLED_Init	8	static
../Core/Src/OLED.c:324:6:OLED_SetBrightness	16	static
../Core/Src/OLED.c:337:6:OLED_SetCursor	16	static
../Core/Src/OLED.c:364:10:OLED_Pow	24	static
../Core/Src/OLED.c:381:9:OLED_pnpoly	32	static
../Core/Src/OLED.c:405:9:OLED_IsInAngle	32	static
../Core/Src/OLED.c:440:6:OLED_Update	16	static
../Core/Src/OLED.c:487:6:OLED_UpdateArea	32	static
../Core/Src/OLED.c:521:6:OLED_Clear	16	static
../Core/Src/OLED.c:542:6:OLED_ClearArea	24	static
../Core/Src/OLED.c:564:6:OLED_Reverse	16	static
../Core/Src/OLED.c:585:6:OLED_ReverseArea	24	static
../Core/Src/OLED.c:612:6:OLED_ShowChar	32	static
../Core/Src/OLED.c:637:6:OLED_ShowString	32	static
../Core/Src/OLED.c:659:6:OLED_ShowNum	40	static
../Core/Src/OLED.c:683:6:OLED_ShowSignedNum	40	static
../Core/Src/OLED.c:720:6:OLED_ShowHexNum	32	static
../Core/Src/OLED.c:755:6:OLED_ShowBinNum	40	static
../Core/Src/OLED.c:780:6:OLED_ShowFloatNum	64	static
../Core/Src/OLED.c:821:6:OLED_ShowChinese	32	static
../Core/Src/OLED.c:865:6:OLED_ShowImage	32	static
../Core/Src/OLED.c:919:6:OLED_Printf	284	static
../Core/Src/OLED.c:936:6:OLED_DrawPoint	16	static
../Core/Src/OLED.c:951:9:OLED_GetPoint	16	static
../Core/Src/OLED.c:974:6:OLED_DrawLine	56	static
../Core/Src/OLED.c:1088:6:OLED_DrawRectangle	32	static
../Core/Src/OLED.c:1135:6:OLED_DrawTriangle	64	static
../Core/Src/OLED.c:1190:6:OLED_DrawCircle	32	static
../Core/Src/OLED.c:1274:6:OLED_DrawEllipse	56	static
../Core/Src/OLED.c:1387:6:OLED_DrawArc	32	static
